[0.228s] DEBUG:colcon:Command line arguments: ['/usr/bin/colcon', 'build', '--symlink-install', '--packages-select', 'p3at_description']
[0.228s] DEBUG:colcon:Parsed command line arguments: Namespace(log_base=None, log_level=None, verb_name='build', build_base='build', install_base='install', merge_install=False, symlink_install=True, test_result_base=None, continue_on_error=False, executor='parallel', parallel_workers=16, event_handlers=None, ignore_user_meta=False, metas=['./colcon.meta'], base_paths=['.'], packages_ignore=None, packages_ignore_regex=None, paths=None, packages_up_to=None, packages_up_to_regex=None, packages_above=None, packages_above_and_dependencies=None, packages_above_depth=None, packages_select_by_dep=None, packages_skip_by_dep=None, packages_skip_up_to=None, packages_select_build_failed=False, packages_skip_build_finished=False, packages_select_test_failures=False, packages_skip_test_passed=False, packages_select=['p3at_description'], packages_skip=None, packages_select_regex=None, packages_skip_regex=None, packages_start=None, packages_end=None, allow_overriding=[], cmake_args=None, cmake_target=None, cmake_target_skip_unavailable=False, cmake_clean_cache=False, cmake_clean_first=False, cmake_force_configure=False, ament_cmake_args=None, catkin_cmake_args=None, catkin_skip_building_tests=False, mixin_files=None, mixin=None, verb_parser=<colcon_mixin.mixin.mixin_argument.MixinArgumentDecorator object at 0x71eaf618bad0>, verb_extension=<colcon_core.verb.build.BuildVerb object at 0x71eaf618b800>, main=<bound method BuildVerb.main of <colcon_core.verb.build.BuildVerb object at 0x71eaf618b800>>, mixin_verb=('build',))
[0.270s] Level 1:colcon.colcon_core.package_discovery:discover_packages(colcon_meta) check parameters
[0.270s] Level 1:colcon.colcon_core.package_discovery:discover_packages(recursive) check parameters
[0.271s] Level 1:colcon.colcon_core.package_discovery:discover_packages(ignore) check parameters
[0.271s] Level 1:colcon.colcon_core.package_discovery:discover_packages(path) check parameters
[0.271s] Level 1:colcon.colcon_core.package_discovery:discover_packages(colcon_meta) discover
[0.271s] Level 1:colcon.colcon_core.package_discovery:discover_packages(recursive) discover
[0.271s] INFO:colcon.colcon_core.package_discovery:Crawling recursively for packages in '/home/god/auto4508/project'
[0.271s] Level 1:colcon.colcon_core.package_identification:_identify(.) by extensions ['ignore', 'ignore_ament_install']
[0.271s] Level 1:colcon.colcon_core.package_identification:_identify(.) by extension 'ignore'
[0.271s] Level 1:colcon.colcon_core.package_identification:_identify(.) by extension 'ignore_ament_install'
[0.271s] Level 1:colcon.colcon_core.package_identification:_identify(.) by extensions ['colcon_pkg']
[0.271s] Level 1:colcon.colcon_core.package_identification:_identify(.) by extension 'colcon_pkg'
[0.271s] Level 1:colcon.colcon_core.package_identification:_identify(.) by extensions ['colcon_meta']
[0.271s] Level 1:colcon.colcon_core.package_identification:_identify(.) by extension 'colcon_meta'
[0.271s] Level 1:colcon.colcon_core.package_identification:_identify(.) by extensions ['ros']
[0.271s] Level 1:colcon.colcon_core.package_identification:_identify(.) by extension 'ros'
[0.293s] Level 1:colcon.colcon_core.package_identification:_identify(.) by extensions ['cmake', 'python']
[0.294s] Level 1:colcon.colcon_core.package_identification:_identify(.) by extension 'cmake'
[0.294s] Level 1:colcon.colcon_core.package_identification:_identify(.) by extension 'python'
[0.294s] Level 1:colcon.colcon_core.package_identification:_identify(.) by extensions ['python_setup_py']
[0.294s] Level 1:colcon.colcon_core.package_identification:_identify(.) by extension 'python_setup_py'
[0.294s] Level 1:colcon.colcon_core.package_identification:_identify(Resources) by extensions ['ignore', 'ignore_ament_install']
[0.294s] Level 1:colcon.colcon_core.package_identification:_identify(Resources) by extension 'ignore'
[0.294s] Level 1:colcon.colcon_core.package_identification:_identify(Resources) by extension 'ignore_ament_install'
[0.294s] Level 1:colcon.colcon_core.package_identification:_identify(Resources) by extensions ['colcon_pkg']
[0.294s] Level 1:colcon.colcon_core.package_identification:_identify(Resources) by extension 'colcon_pkg'
[0.294s] Level 1:colcon.colcon_core.package_identification:_identify(Resources) by extensions ['colcon_meta']
[0.294s] Level 1:colcon.colcon_core.package_identification:_identify(Resources) by extension 'colcon_meta'
[0.294s] Level 1:colcon.colcon_core.package_identification:_identify(Resources) by extensions ['ros']
[0.294s] Level 1:colcon.colcon_core.package_identification:_identify(Resources) by extension 'ros'
[0.294s] Level 1:colcon.colcon_core.package_identification:_identify(Resources) by extensions ['cmake', 'python']
[0.294s] Level 1:colcon.colcon_core.package_identification:_identify(Resources) by extension 'cmake'
[0.294s] Level 1:colcon.colcon_core.package_identification:_identify(Resources) by extension 'python'
[0.294s] Level 1:colcon.colcon_core.package_identification:_identify(Resources) by extensions ['python_setup_py']
[0.294s] Level 1:colcon.colcon_core.package_identification:_identify(Resources) by extension 'python_setup_py'
[0.294s] Level 1:colcon.colcon_core.package_identification:_identify(Resources/launch) by extensions ['ignore', 'ignore_ament_install']
[0.295s] Level 1:colcon.colcon_core.package_identification:_identify(Resources/launch) by extension 'ignore'
[0.295s] Level 1:colcon.colcon_core.package_identification:_identify(Resources/launch) by extension 'ignore_ament_install'
[0.295s] Level 1:colcon.colcon_core.package_identification:_identify(Resources/launch) by extensions ['colcon_pkg']
[0.295s] Level 1:colcon.colcon_core.package_identification:_identify(Resources/launch) by extension 'colcon_pkg'
[0.295s] Level 1:colcon.colcon_core.package_identification:_identify(Resources/launch) by extensions ['colcon_meta']
[0.295s] Level 1:colcon.colcon_core.package_identification:_identify(Resources/launch) by extension 'colcon_meta'
[0.295s] Level 1:colcon.colcon_core.package_identification:_identify(Resources/launch) by extensions ['ros']
[0.295s] Level 1:colcon.colcon_core.package_identification:_identify(Resources/launch) by extension 'ros'
[0.295s] Level 1:colcon.colcon_core.package_identification:_identify(Resources/launch) by extensions ['cmake', 'python']
[0.295s] Level 1:colcon.colcon_core.package_identification:_identify(Resources/launch) by extension 'cmake'
[0.295s] Level 1:colcon.colcon_core.package_identification:_identify(Resources/launch) by extension 'python'
[0.295s] Level 1:colcon.colcon_core.package_identification:_identify(Resources/launch) by extensions ['python_setup_py']
[0.295s] Level 1:colcon.colcon_core.package_identification:_identify(Resources/launch) by extension 'python_setup_py'
[0.295s] Level 1:colcon.colcon_core.package_identification:_identify(Resources/meshes) by extensions ['ignore', 'ignore_ament_install']
[0.295s] Level 1:colcon.colcon_core.package_identification:_identify(Resources/meshes) by extension 'ignore'
[0.295s] Level 1:colcon.colcon_core.package_identification:_identify(Resources/meshes) by extension 'ignore_ament_install'
[0.295s] Level 1:colcon.colcon_core.package_identification:_identify(Resources/meshes) by extensions ['colcon_pkg']
[0.295s] Level 1:colcon.colcon_core.package_identification:_identify(Resources/meshes) by extension 'colcon_pkg'
[0.295s] Level 1:colcon.colcon_core.package_identification:_identify(Resources/meshes) by extensions ['colcon_meta']
[0.295s] Level 1:colcon.colcon_core.package_identification:_identify(Resources/meshes) by extension 'colcon_meta'
[0.295s] Level 1:colcon.colcon_core.package_identification:_identify(Resources/meshes) by extensions ['ros']
[0.295s] Level 1:colcon.colcon_core.package_identification:_identify(Resources/meshes) by extension 'ros'
[0.295s] Level 1:colcon.colcon_core.package_identification:_identify(Resources/meshes) by extensions ['cmake', 'python']
[0.295s] Level 1:colcon.colcon_core.package_identification:_identify(Resources/meshes) by extension 'cmake'
[0.295s] Level 1:colcon.colcon_core.package_identification:_identify(Resources/meshes) by extension 'python'
[0.295s] Level 1:colcon.colcon_core.package_identification:_identify(Resources/meshes) by extensions ['python_setup_py']
[0.295s] Level 1:colcon.colcon_core.package_identification:_identify(Resources/meshes) by extension 'python_setup_py'
[0.295s] Level 1:colcon.colcon_core.package_identification:_identify(Resources/meshes/p3at_meshes) by extensions ['ignore', 'ignore_ament_install']
[0.296s] Level 1:colcon.colcon_core.package_identification:_identify(Resources/meshes/p3at_meshes) by extension 'ignore'
[0.296s] Level 1:colcon.colcon_core.package_identification:_identify(Resources/meshes/p3at_meshes) by extension 'ignore_ament_install'
[0.296s] Level 1:colcon.colcon_core.package_identification:_identify(Resources/meshes/p3at_meshes) by extensions ['colcon_pkg']
[0.296s] Level 1:colcon.colcon_core.package_identification:_identify(Resources/meshes/p3at_meshes) by extension 'colcon_pkg'
[0.296s] Level 1:colcon.colcon_core.package_identification:_identify(Resources/meshes/p3at_meshes) by extensions ['colcon_meta']
[0.296s] Level 1:colcon.colcon_core.package_identification:_identify(Resources/meshes/p3at_meshes) by extension 'colcon_meta'
[0.296s] Level 1:colcon.colcon_core.package_identification:_identify(Resources/meshes/p3at_meshes) by extensions ['ros']
[0.296s] Level 1:colcon.colcon_core.package_identification:_identify(Resources/meshes/p3at_meshes) by extension 'ros'
[0.296s] Level 1:colcon.colcon_core.package_identification:_identify(Resources/meshes/p3at_meshes) by extensions ['cmake', 'python']
[0.296s] Level 1:colcon.colcon_core.package_identification:_identify(Resources/meshes/p3at_meshes) by extension 'cmake'
[0.296s] Level 1:colcon.colcon_core.package_identification:_identify(Resources/meshes/p3at_meshes) by extension 'python'
[0.296s] Level 1:colcon.colcon_core.package_identification:_identify(Resources/meshes/p3at_meshes) by extensions ['python_setup_py']
[0.296s] Level 1:colcon.colcon_core.package_identification:_identify(Resources/meshes/p3at_meshes) by extension 'python_setup_py'
[0.296s] Level 1:colcon.colcon_core.package_identification:_identify(Resources/robots) by extensions ['ignore', 'ignore_ament_install']
[0.296s] Level 1:colcon.colcon_core.package_identification:_identify(Resources/robots) by extension 'ignore'
[0.296s] Level 1:colcon.colcon_core.package_identification:_identify(Resources/robots) by extension 'ignore_ament_install'
[0.296s] Level 1:colcon.colcon_core.package_identification:_identify(Resources/robots) by extensions ['colcon_pkg']
[0.296s] Level 1:colcon.colcon_core.package_identification:_identify(Resources/robots) by extension 'colcon_pkg'
[0.296s] Level 1:colcon.colcon_core.package_identification:_identify(Resources/robots) by extensions ['colcon_meta']
[0.296s] Level 1:colcon.colcon_core.package_identification:_identify(Resources/robots) by extension 'colcon_meta'
[0.296s] Level 1:colcon.colcon_core.package_identification:_identify(Resources/robots) by extensions ['ros']
[0.296s] Level 1:colcon.colcon_core.package_identification:_identify(Resources/robots) by extension 'ros'
[0.296s] Level 1:colcon.colcon_core.package_identification:_identify(Resources/robots) by extensions ['cmake', 'python']
[0.296s] Level 1:colcon.colcon_core.package_identification:_identify(Resources/robots) by extension 'cmake'
[0.296s] Level 1:colcon.colcon_core.package_identification:_identify(Resources/robots) by extension 'python'
[0.296s] Level 1:colcon.colcon_core.package_identification:_identify(Resources/robots) by extensions ['python_setup_py']
[0.296s] Level 1:colcon.colcon_core.package_identification:_identify(Resources/robots) by extension 'python_setup_py'
[0.297s] Level 1:colcon.colcon_core.package_identification:_identify(Resources/worlds) by extensions ['ignore', 'ignore_ament_install']
[0.297s] Level 1:colcon.colcon_core.package_identification:_identify(Resources/worlds) by extension 'ignore'
[0.297s] Level 1:colcon.colcon_core.package_identification:_identify(Resources/worlds) by extension 'ignore_ament_install'
[0.297s] Level 1:colcon.colcon_core.package_identification:_identify(Resources/worlds) by extensions ['colcon_pkg']
[0.297s] Level 1:colcon.colcon_core.package_identification:_identify(Resources/worlds) by extension 'colcon_pkg'
[0.297s] Level 1:colcon.colcon_core.package_identification:_identify(Resources/worlds) by extensions ['colcon_meta']
[0.297s] Level 1:colcon.colcon_core.package_identification:_identify(Resources/worlds) by extension 'colcon_meta'
[0.297s] Level 1:colcon.colcon_core.package_identification:_identify(Resources/worlds) by extensions ['ros']
[0.297s] Level 1:colcon.colcon_core.package_identification:_identify(Resources/worlds) by extension 'ros'
[0.297s] Level 1:colcon.colcon_core.package_identification:_identify(Resources/worlds) by extensions ['cmake', 'python']
[0.297s] Level 1:colcon.colcon_core.package_identification:_identify(Resources/worlds) by extension 'cmake'
[0.297s] Level 1:colcon.colcon_core.package_identification:_identify(Resources/worlds) by extension 'python'
[0.297s] Level 1:colcon.colcon_core.package_identification:_identify(Resources/worlds) by extensions ['python_setup_py']
[0.297s] Level 1:colcon.colcon_core.package_identification:_identify(Resources/worlds) by extension 'python_setup_py'
[0.297s] Level 1:colcon.colcon_core.package_identification:_identify(build) by extensions ['ignore', 'ignore_ament_install']
[0.297s] Level 1:colcon.colcon_core.package_identification:_identify(build) by extension 'ignore'
[0.297s] Level 1:colcon.colcon_core.package_identification:_identify(build) ignored
[0.298s] Level 1:colcon.colcon_core.package_identification:_identify(install) by extensions ['ignore', 'ignore_ament_install']
[0.298s] Level 1:colcon.colcon_core.package_identification:_identify(install) by extension 'ignore'
[0.298s] Level 1:colcon.colcon_core.package_identification:_identify(install) ignored
[0.298s] Level 1:colcon.colcon_core.package_identification:_identify(log) by extensions ['ignore', 'ignore_ament_install']
[0.298s] Level 1:colcon.colcon_core.package_identification:_identify(log) by extension 'ignore'
[0.298s] Level 1:colcon.colcon_core.package_identification:_identify(log) ignored
[0.298s] Level 1:colcon.colcon_core.package_identification:_identify(src) by extensions ['ignore', 'ignore_ament_install']
[0.298s] Level 1:colcon.colcon_core.package_identification:_identify(src) by extension 'ignore'
[0.298s] Level 1:colcon.colcon_core.package_identification:_identify(src) by extension 'ignore_ament_install'
[0.298s] Level 1:colcon.colcon_core.package_identification:_identify(src) by extensions ['colcon_pkg']
[0.298s] Level 1:colcon.colcon_core.package_identification:_identify(src) by extension 'colcon_pkg'
[0.298s] Level 1:colcon.colcon_core.package_identification:_identify(src) by extensions ['colcon_meta']
[0.298s] Level 1:colcon.colcon_core.package_identification:_identify(src) by extension 'colcon_meta'
[0.298s] Level 1:colcon.colcon_core.package_identification:_identify(src) by extensions ['ros']
[0.298s] Level 1:colcon.colcon_core.package_identification:_identify(src) by extension 'ros'
[0.298s] Level 1:colcon.colcon_core.package_identification:_identify(src) by extensions ['cmake', 'python']
[0.299s] Level 1:colcon.colcon_core.package_identification:_identify(src) by extension 'cmake'
[0.299s] Level 1:colcon.colcon_core.package_identification:_identify(src) by extension 'python'
[0.299s] Level 1:colcon.colcon_core.package_identification:_identify(src) by extensions ['python_setup_py']
[0.299s] Level 1:colcon.colcon_core.package_identification:_identify(src) by extension 'python_setup_py'
[0.299s] Level 1:colcon.colcon_core.package_identification:_identify(src/p3at_bringup) by extensions ['ignore', 'ignore_ament_install']
[0.299s] Level 1:colcon.colcon_core.package_identification:_identify(src/p3at_bringup) by extension 'ignore'
[0.299s] Level 1:colcon.colcon_core.package_identification:_identify(src/p3at_bringup) by extension 'ignore_ament_install'
[0.299s] Level 1:colcon.colcon_core.package_identification:_identify(src/p3at_bringup) by extensions ['colcon_pkg']
[0.299s] Level 1:colcon.colcon_core.package_identification:_identify(src/p3at_bringup) by extension 'colcon_pkg'
[0.299s] Level 1:colcon.colcon_core.package_identification:_identify(src/p3at_bringup) by extensions ['colcon_meta']
[0.299s] Level 1:colcon.colcon_core.package_identification:_identify(src/p3at_bringup) by extension 'colcon_meta'
[0.299s] Level 1:colcon.colcon_core.package_identification:_identify(src/p3at_bringup) by extensions ['ros']
[0.299s] Level 1:colcon.colcon_core.package_identification:_identify(src/p3at_bringup) by extension 'ros'
[0.301s] DEBUG:colcon.colcon_core.package_identification:Package 'src/p3at_bringup' with type 'ros.ament_python' and name 'p3at_bringup'
[0.302s] Level 1:colcon.colcon_core.package_identification:_identify(src/p3at_description) by extensions ['ignore', 'ignore_ament_install']
[0.302s] Level 1:colcon.colcon_core.package_identification:_identify(src/p3at_description) by extension 'ignore'
[0.302s] Level 1:colcon.colcon_core.package_identification:_identify(src/p3at_description) by extension 'ignore_ament_install'
[0.302s] Level 1:colcon.colcon_core.package_identification:_identify(src/p3at_description) by extensions ['colcon_pkg']
[0.302s] Level 1:colcon.colcon_core.package_identification:_identify(src/p3at_description) by extension 'colcon_pkg'
[0.302s] Level 1:colcon.colcon_core.package_identification:_identify(src/p3at_description) by extensions ['colcon_meta']
[0.302s] Level 1:colcon.colcon_core.package_identification:_identify(src/p3at_description) by extension 'colcon_meta'
[0.302s] Level 1:colcon.colcon_core.package_identification:_identify(src/p3at_description) by extensions ['ros']
[0.302s] Level 1:colcon.colcon_core.package_identification:_identify(src/p3at_description) by extension 'ros'
[0.302s] DEBUG:colcon.colcon_core.package_identification:Package 'src/p3at_description' with type 'ros.ament_cmake' and name 'p3at_description'
[0.302s] Level 1:colcon.colcon_core.package_identification:_identify(src/p3at_nav_plugins) by extensions ['ignore', 'ignore_ament_install']
[0.302s] Level 1:colcon.colcon_core.package_identification:_identify(src/p3at_nav_plugins) by extension 'ignore'
[0.303s] Level 1:colcon.colcon_core.package_identification:_identify(src/p3at_nav_plugins) by extension 'ignore_ament_install'
[0.303s] Level 1:colcon.colcon_core.package_identification:_identify(src/p3at_nav_plugins) by extensions ['colcon_pkg']
[0.303s] Level 1:colcon.colcon_core.package_identification:_identify(src/p3at_nav_plugins) by extension 'colcon_pkg'
[0.303s] Level 1:colcon.colcon_core.package_identification:_identify(src/p3at_nav_plugins) by extensions ['colcon_meta']
[0.303s] Level 1:colcon.colcon_core.package_identification:_identify(src/p3at_nav_plugins) by extension 'colcon_meta'
[0.303s] Level 1:colcon.colcon_core.package_identification:_identify(src/p3at_nav_plugins) by extensions ['ros']
[0.303s] Level 1:colcon.colcon_core.package_identification:_identify(src/p3at_nav_plugins) by extension 'ros'
[0.304s] DEBUG:colcon.colcon_core.package_identification:Package 'src/p3at_nav_plugins' with type 'ros.ament_cmake' and name 'p3at_nav_plugins'
[0.304s] Level 1:colcon.colcon_core.package_discovery:discover_packages(recursive) using defaults
[0.304s] Level 1:colcon.colcon_core.package_discovery:discover_packages(ignore) discover
[0.304s] Level 1:colcon.colcon_core.package_discovery:discover_packages(ignore) using defaults
[0.304s] Level 1:colcon.colcon_core.package_discovery:discover_packages(path) discover
[0.304s] Level 1:colcon.colcon_core.package_discovery:discover_packages(path) using defaults
[0.319s] INFO:colcon.colcon_core.package_selection:Skipping not selected package 'p3at_nav_plugins' in 'src/p3at_nav_plugins'
[0.319s] INFO:colcon.colcon_core.package_selection:Skipping not selected package 'p3at_bringup' in 'src/p3at_bringup'
[0.319s] Level 1:colcon.colcon_core.package_discovery:discover_packages(prefix_path) check parameters
[0.319s] Level 1:colcon.colcon_core.package_discovery:discover_packages(prefix_path) discover
[0.321s] DEBUG:colcon.colcon_installed_package_information.package_discovery:Found 3 installed packages in /home/god/auto4508/project/install
[0.322s] DEBUG:colcon.colcon_installed_package_information.package_discovery:Found 389 installed packages in /opt/ros/jazzy
[0.324s] Level 1:colcon.colcon_core.package_discovery:discover_packages(prefix_path) using defaults
[0.366s] WARNING:colcon.colcon_core.package_selection:Some selected packages are already built in one or more underlay workspaces:
	'p3at_description' is in: /home/god/auto4508/project/install/p3at_description
If a package in a merged underlay workspace is overridden and it installs headers, then all packages in the overlay must sort their include directories by workspace order. Failure to do so may result in build failures or undefined behavior at run time.
If the overridden package is used by another package in any underlay, then the overriding package in the overlay must be API and ABI compatible or undefined behavior at run time may occur.

If you understand the risks and want to override a package anyways, add the following to the command line:
	--allow-overriding p3at_description

This may be promoted to an error in a future release of colcon-override-check.
[0.367s] Level 5:colcon.colcon_core.verb:set package 'p3at_description' build argument 'cmake_args' from command line to 'None'
[0.367s] Level 5:colcon.colcon_core.verb:set package 'p3at_description' build argument 'cmake_target' from command line to 'None'
[0.367s] Level 5:colcon.colcon_core.verb:set package 'p3at_description' build argument 'cmake_target_skip_unavailable' from command line to 'False'
[0.367s] Level 5:colcon.colcon_core.verb:set package 'p3at_description' build argument 'cmake_clean_cache' from command line to 'False'
[0.367s] Level 5:colcon.colcon_core.verb:set package 'p3at_description' build argument 'cmake_clean_first' from command line to 'False'
[0.367s] Level 5:colcon.colcon_core.verb:set package 'p3at_description' build argument 'cmake_force_configure' from command line to 'False'
[0.367s] Level 5:colcon.colcon_core.verb:set package 'p3at_description' build argument 'ament_cmake_args' from command line to 'None'
[0.367s] Level 5:colcon.colcon_core.verb:set package 'p3at_description' build argument 'catkin_cmake_args' from command line to 'None'
[0.367s] Level 5:colcon.colcon_core.verb:set package 'p3at_description' build argument 'catkin_skip_building_tests' from command line to 'False'
[0.367s] DEBUG:colcon.colcon_core.verb:Building package 'p3at_description' with the following arguments: {'ament_cmake_args': None, 'build_base': '/home/god/auto4508/project/build/p3at_description', 'catkin_cmake_args': None, 'catkin_skip_building_tests': False, 'cmake_args': None, 'cmake_clean_cache': False, 'cmake_clean_first': False, 'cmake_force_configure': False, 'cmake_target': None, 'cmake_target_skip_unavailable': False, 'install_base': '/home/god/auto4508/project/install/p3at_description', 'merge_install': False, 'path': '/home/god/auto4508/project/src/p3at_description', 'symlink_install': True, 'test_result_base': None}
[0.367s] INFO:colcon.colcon_core.executor:Executing jobs using 'parallel' executor
[0.369s] DEBUG:colcon.colcon_parallel_executor.executor.parallel:run_until_complete
[0.369s] INFO:colcon.colcon_ros.task.ament_cmake.build:Building ROS package in '/home/god/auto4508/project/src/p3at_description' with build type 'ament_cmake'
[0.370s] INFO:colcon.colcon_cmake.task.cmake.build:Building CMake package in '/home/god/auto4508/project/src/p3at_description'
[0.371s] INFO:colcon.colcon_core.plugin_system:Skipping extension 'colcon_core.shell.bat': Not used on non-Windows systems
[0.372s] INFO:colcon.colcon_core.shell:Skip shell extension 'powershell' for command environment: Not usable outside of PowerShell
[0.372s] DEBUG:colcon.colcon_core.shell:Skip shell extension 'dsv' for command environment
[0.386s] DEBUG:colcon.colcon_core.event_handler.log_command:Invoking command in '/home/god/auto4508/project/build/p3at_description': CMAKE_PREFIX_PATH=${CMAKE_PREFIX_PATH}:/home/god/auto4508/project/install/p3at_bringup:/opt/ros/jazzy /usr/bin/cmake --build /home/god/auto4508/project/build/p3at_description -- -j16 -l16
[0.446s] DEBUG:colcon.colcon_core.event_handler.log_command:Invoked command in '/home/god/auto4508/project/build/p3at_description' returned '0': CMAKE_PREFIX_PATH=${CMAKE_PREFIX_PATH}:/home/god/auto4508/project/install/p3at_bringup:/opt/ros/jazzy /usr/bin/cmake --build /home/god/auto4508/project/build/p3at_description -- -j16 -l16
[0.460s] DEBUG:colcon.colcon_core.event_handler.log_command:Invoking command in '/home/god/auto4508/project/build/p3at_description': CMAKE_PREFIX_PATH=${CMAKE_PREFIX_PATH}:/home/god/auto4508/project/install/p3at_bringup:/opt/ros/jazzy /usr/bin/cmake --install /home/god/auto4508/project/build/p3at_description
[0.512s] Level 1:colcon.colcon_core.environment:create_environment_scripts_only(p3at_description)
[0.513s] DEBUG:colcon.colcon_core.event_handler.log_command:Invoked command in '/home/god/auto4508/project/build/p3at_description' returned '0': CMAKE_PREFIX_PATH=${CMAKE_PREFIX_PATH}:/home/god/auto4508/project/install/p3at_bringup:/opt/ros/jazzy /usr/bin/cmake --install /home/god/auto4508/project/build/p3at_description
[0.515s] Level 1:colcon.colcon_core.environment:checking '/home/god/auto4508/project/install/p3at_description' for CMake module files
[0.515s] Level 1:colcon.colcon_core.environment:checking '/home/god/auto4508/project/install/p3at_description' for CMake config files
[0.516s] Level 1:colcon.colcon_core.shell:create_environment_hook('p3at_description', 'cmake_prefix_path')
[0.516s] INFO:colcon.colcon_core.shell:Creating environment hook '/home/god/auto4508/project/install/p3at_description/share/p3at_description/hook/cmake_prefix_path.ps1'
[0.516s] INFO:colcon.colcon_core.shell:Creating environment descriptor '/home/god/auto4508/project/install/p3at_description/share/p3at_description/hook/cmake_prefix_path.dsv'
[0.517s] INFO:colcon.colcon_core.shell:Creating environment hook '/home/god/auto4508/project/install/p3at_description/share/p3at_description/hook/cmake_prefix_path.sh'
[0.518s] Level 1:colcon.colcon_core.environment:checking '/home/god/auto4508/project/install/p3at_description/bin'
[0.518s] Level 1:colcon.colcon_core.environment:checking '/home/god/auto4508/project/install/p3at_description/lib/pkgconfig/p3at_description.pc'
[0.518s] Level 1:colcon.colcon_core.environment:checking '/home/god/auto4508/project/install/p3at_description/lib/python3.12/site-packages'
[0.518s] Level 1:colcon.colcon_core.environment:checking '/home/god/auto4508/project/install/p3at_description/bin'
[0.518s] INFO:colcon.colcon_core.shell:Creating package script '/home/god/auto4508/project/install/p3at_description/share/p3at_description/package.ps1'
[0.519s] INFO:colcon.colcon_core.shell:Creating package descriptor '/home/god/auto4508/project/install/p3at_description/share/p3at_description/package.dsv'
[0.520s] INFO:colcon.colcon_core.shell:Creating package script '/home/god/auto4508/project/install/p3at_description/share/p3at_description/package.sh'
[0.520s] INFO:colcon.colcon_core.shell:Creating package script '/home/god/auto4508/project/install/p3at_description/share/p3at_description/package.bash'
[0.522s] INFO:colcon.colcon_core.shell:Creating package script '/home/god/auto4508/project/install/p3at_description/share/p3at_description/package.zsh'
[0.523s] Level 1:colcon.colcon_core.environment:create_file_with_runtime_dependencies(/home/god/auto4508/project/install/p3at_description/share/colcon-core/packages/p3at_description)
[0.523s] Level 1:colcon.colcon_core.environment:create_environment_scripts_only(p3at_description)
[0.524s] Level 1:colcon.colcon_core.environment:checking '/home/god/auto4508/project/install/p3at_description' for CMake module files
[0.524s] Level 1:colcon.colcon_core.environment:checking '/home/god/auto4508/project/install/p3at_description' for CMake config files
[0.524s] Level 1:colcon.colcon_core.shell:create_environment_hook('p3at_description', 'cmake_prefix_path')
[0.524s] INFO:colcon.colcon_core.shell:Creating environment hook '/home/god/auto4508/project/install/p3at_description/share/p3at_description/hook/cmake_prefix_path.ps1'
[0.525s] INFO:colcon.colcon_core.shell:Creating environment descriptor '/home/god/auto4508/project/install/p3at_description/share/p3at_description/hook/cmake_prefix_path.dsv'
[0.525s] INFO:colcon.colcon_core.shell:Creating environment hook '/home/god/auto4508/project/install/p3at_description/share/p3at_description/hook/cmake_prefix_path.sh'
[0.526s] Level 1:colcon.colcon_core.environment:checking '/home/god/auto4508/project/install/p3at_description/bin'
[0.526s] Level 1:colcon.colcon_core.environment:checking '/home/god/auto4508/project/install/p3at_description/lib/pkgconfig/p3at_description.pc'
[0.526s] Level 1:colcon.colcon_core.environment:checking '/home/god/auto4508/project/install/p3at_description/lib/python3.12/site-packages'
[0.527s] Level 1:colcon.colcon_core.environment:checking '/home/god/auto4508/project/install/p3at_description/bin'
[0.527s] INFO:colcon.colcon_core.shell:Creating package script '/home/god/auto4508/project/install/p3at_description/share/p3at_description/package.ps1'
[0.527s] INFO:colcon.colcon_core.shell:Creating package descriptor '/home/god/auto4508/project/install/p3at_description/share/p3at_description/package.dsv'
[0.528s] INFO:colcon.colcon_core.shell:Creating package script '/home/god/auto4508/project/install/p3at_description/share/p3at_description/package.sh'
[0.528s] INFO:colcon.colcon_core.shell:Creating package script '/home/god/auto4508/project/install/p3at_description/share/p3at_description/package.bash'
[0.528s] INFO:colcon.colcon_core.shell:Creating package script '/home/god/auto4508/project/install/p3at_description/share/p3at_description/package.zsh'
[0.529s] Level 1:colcon.colcon_core.environment:create_file_with_runtime_dependencies(/home/god/auto4508/project/install/p3at_description/share/colcon-core/packages/p3at_description)
[0.529s] DEBUG:colcon.colcon_parallel_executor.executor.parallel:closing loop
[0.530s] DEBUG:colcon.colcon_parallel_executor.executor.parallel:loop closed
[0.530s] DEBUG:colcon.colcon_parallel_executor.executor.parallel:run_until_complete finished with '0'
[0.530s] DEBUG:colcon.colcon_core.event_reactor:joining thread
[0.597s] INFO:colcon.colcon_core.plugin_system:Skipping extension 'colcon_notification.desktop_notification.notify_send': Could not find 'notify-send'
[0.598s] INFO:colcon.colcon_core.plugin_system:Skipping extension 'colcon_notification.desktop_notification.terminal_notifier': Not used on non-Darwin systems
[0.598s] INFO:colcon.colcon_core.plugin_system:Skipping extension 'colcon_notification.desktop_notification.win32': Not used on non-Windows systems
[0.598s] INFO:colcon.colcon_notification.desktop_notification:Sending desktop notification using 'notify2'
[0.599s] DEBUG:colcon.colcon_notification.desktop_notification.notify2:Failed to initialize notify2: org.freedesktop.DBus.Error.ServiceUnknown: The name org.freedesktop.Notifications was not provided by any .service files
[0.599s] DEBUG:colcon.colcon_core.event_reactor:joined thread
[0.599s] INFO:colcon.colcon_core.shell:Creating prefix script '/home/god/auto4508/project/install/local_setup.ps1'
[0.600s] INFO:colcon.colcon_core.shell:Creating prefix util module '/home/god/auto4508/project/install/_local_setup_util_ps1.py'
[0.601s] INFO:colcon.colcon_core.shell:Creating prefix chain script '/home/god/auto4508/project/install/setup.ps1'
[0.602s] INFO:colcon.colcon_core.shell:Creating prefix script '/home/god/auto4508/project/install/local_setup.sh'
[0.602s] INFO:colcon.colcon_core.shell:Creating prefix util module '/home/god/auto4508/project/install/_local_setup_util_sh.py'
[0.603s] INFO:colcon.colcon_core.shell:Creating prefix chain script '/home/god/auto4508/project/install/setup.sh'
[0.604s] INFO:colcon.colcon_core.shell:Creating prefix script '/home/god/auto4508/project/install/local_setup.bash'
[0.604s] INFO:colcon.colcon_core.shell:Creating prefix chain script '/home/god/auto4508/project/install/setup.bash'
[0.605s] INFO:colcon.colcon_core.shell:Creating prefix script '/home/god/auto4508/project/install/local_setup.zsh'
[0.605s] INFO:colcon.colcon_core.shell:Creating prefix chain script '/home/god/auto4508/project/install/setup.zsh'
