[0.018s] Invoking command in '/home/god/auto4508/project/build/p3at_nav_plugins': CMAKE_PREFIX_PATH=${CMAKE_PREFIX_PATH}:/home/god/auto4508/project/install/p3at_bringup:/opt/ros/jazzy /usr/bin/cmake /home/god/auto4508/project/src/p3at_nav_plugins -DAMENT_CMAKE_SYMLINK_INSTALL=1 -DCMAKE_INSTALL_PREFIX=/home/god/auto4508/project/install/p3at_nav_plugins
[0.368s] -- The C compiler identification is GNU 13.3.0
[1.398s] -- The CXX compiler identification is GNU 13.3.0
[2.428s] -- Detecting C compiler ABI info
[2.823s] -- Detecting C compiler ABI info - done
[2.831s] -- Check for working C compiler: /usr/bin/cc - skipped
[2.832s] -- Detecting C compile features
[2.833s] -- Detecting C compile features - done
[2.994s] -- Detecting CXX compiler ABI info
[3.467s] -- Detecting CXX compiler ABI info - done
[3.477s] -- Check for working CXX compiler: /usr/bin/c++ - skipped
[3.478s] -- Detecting CXX compile features
[3.478s] -- Detecting CXX compile features - done
[3.508s] -- Found ament_cmake: 2.5.5 (/opt/ros/jazzy/share/ament_cmake/cmake)
[3.844s] -- Found Python3: /usr/bin/python3 (found version "3.12.3") found components: Interpreter 
[3.969s] -- Override CMake install command with custom implementation using symlinks instead of copying resources
[4.076s] -- Found angles: 1.16.1 (/opt/ros/jazzy/share/angles/cmake)
[4.085s] -- Found geometry_msgs: 5.3.6 (/opt/ros/jazzy/share/geometry_msgs/cmake)
[4.439s] -- Found rosidl_generator_c: 4.6.7 (/opt/ros/jazzy/share/rosidl_generator_c/cmake)
[4.471s] -- Found rosidl_generator_cpp: 4.6.7 (/opt/ros/jazzy/share/rosidl_generator_cpp/cmake)
[4.528s] -- Using all available rosidl_typesupport_c: rosidl_typesupport_fastrtps_c;rosidl_typesupport_introspection_c
[4.584s] -- Using all available rosidl_typesupport_cpp: rosidl_typesupport_fastrtps_cpp;rosidl_typesupport_introspection_cpp
[4.687s] -- Found nav2_core: 1.3.10 (/opt/ros/jazzy/share/nav2_core/cmake)
[4.831s] -- Found rmw_implementation_cmake: 7.3.3 (/opt/ros/jazzy/share/rmw_implementation_cmake/cmake)
[4.840s] -- Found rmw_fastrtps_cpp: 8.4.3 (/opt/ros/jazzy/share/rmw_fastrtps_cpp/cmake)
[5.031s] -- Found OpenSSL: /usr/lib/x86_64-linux-gnu/libcrypto.so (found version "3.0.13")  
[5.308s] -- Found FastRTPS: /opt/ros/jazzy/include (Required is at least version "2.13") 
[5.472s] -- Using RMW implementation 'rmw_fastrtps_cpp' as default
[6.359s] -- Found eigen3_cmake_module: 0.3.0 (/opt/ros/jazzy/share/eigen3_cmake_module/cmake)
[6.361s] -- Found Eigen3: TRUE (found version "3.4.0") 
[6.361s] -- Ensuring Eigen3 include directory is part of orocos-kdl CMake target
[6.758s] -- Configuring done (6.7s)
[6.980s] -- Generating done (0.2s)
[6.986s] -- Build files have been written to: /home/god/auto4508/project/build/p3at_nav_plugins
[7.000s] Invoked command in '/home/god/auto4508/project/build/p3at_nav_plugins' returned '0': CMAKE_PREFIX_PATH=${CMAKE_PREFIX_PATH}:/home/god/auto4508/project/install/p3at_bringup:/opt/ros/jazzy /usr/bin/cmake /home/god/auto4508/project/src/p3at_nav_plugins -DAMENT_CMAKE_SYMLINK_INSTALL=1 -DCMAKE_INSTALL_PREFIX=/home/god/auto4508/project/install/p3at_nav_plugins
[7.002s] Invoking command in '/home/god/auto4508/project/build/p3at_nav_plugins': CMAKE_PREFIX_PATH=${CMAKE_PREFIX_PATH}:/home/god/auto4508/project/install/p3at_bringup:/opt/ros/jazzy /usr/bin/cmake --build /home/god/auto4508/project/build/p3at_nav_plugins -- -j16 -l16
[7.080s] [ 50%] [32mBuilding CXX object CMakeFiles/p3at_nav_plugins.dir/src/p3at_controller.cpp.o[0m
[12.806s] [100%] [32m[1mLinking CXX shared library libp3at_nav_plugins.so[0m
[13.386s] [100%] Built target p3at_nav_plugins
[13.403s] Invoked command in '/home/god/auto4508/project/build/p3at_nav_plugins' returned '0': CMAKE_PREFIX_PATH=${CMAKE_PREFIX_PATH}:/home/god/auto4508/project/install/p3at_bringup:/opt/ros/jazzy /usr/bin/cmake --build /home/god/auto4508/project/build/p3at_nav_plugins -- -j16 -l16
[13.405s] Invoking command in '/home/god/auto4508/project/build/p3at_nav_plugins': CMAKE_PREFIX_PATH=${CMAKE_PREFIX_PATH}:/home/god/auto4508/project/install/p3at_bringup:/opt/ros/jazzy /usr/bin/cmake --install /home/god/auto4508/project/build/p3at_nav_plugins
[13.416s] -- Install configuration: ""
[13.416s] -- Execute custom install script
[13.418s] -- Symlinking: /home/god/auto4508/project/install/p3at_nav_plugins/share/p3at_nav_plugins//p3at_nav_plugins.xml
[13.434s] -- Symlinking: /home/god/auto4508/project/install/p3at_nav_plugins/lib/libp3at_nav_plugins.so
[13.450s] -- Symlinking: /home/god/auto4508/project/install/p3at_nav_plugins/include/p3at_nav_plugins/p3at_controller.hpp
[13.466s] -- Up-to-date symlink: /home/god/auto4508/project/install/p3at_nav_plugins/share/p3at_nav_plugins/p3at_nav_plugins.xml
[13.466s] -- Symlinking: /home/god/auto4508/project/install/p3at_nav_plugins/share/p3at_nav_plugins/environment/library_path.sh
[13.484s] -- Symlinking: /home/god/auto4508/project/install/p3at_nav_plugins/share/p3at_nav_plugins/environment/library_path.dsv
[13.502s] -- Symlinking: /home/god/auto4508/project/install/p3at_nav_plugins/share/ament_index/resource_index/package_run_dependencies/p3at_nav_plugins
[13.520s] -- Symlinking: /home/god/auto4508/project/install/p3at_nav_plugins/share/ament_index/resource_index/parent_prefix_path/p3at_nav_plugins
[13.537s] -- Symlinking: /home/god/auto4508/project/install/p3at_nav_plugins/share/p3at_nav_plugins/environment/ament_prefix_path.sh
[13.552s] -- Symlinking: /home/god/auto4508/project/install/p3at_nav_plugins/share/p3at_nav_plugins/environment/ament_prefix_path.dsv
[13.569s] -- Symlinking: /home/god/auto4508/project/install/p3at_nav_plugins/share/p3at_nav_plugins/environment/path.sh
[13.582s] -- Symlinking: /home/god/auto4508/project/install/p3at_nav_plugins/share/p3at_nav_plugins/environment/path.dsv
[13.597s] -- Symlinking: /home/god/auto4508/project/install/p3at_nav_plugins/share/p3at_nav_plugins/local_setup.bash
[13.613s] -- Symlinking: /home/god/auto4508/project/install/p3at_nav_plugins/share/p3at_nav_plugins/local_setup.sh
[13.627s] -- Symlinking: /home/god/auto4508/project/install/p3at_nav_plugins/share/p3at_nav_plugins/local_setup.zsh
[13.642s] -- Symlinking: /home/god/auto4508/project/install/p3at_nav_plugins/share/p3at_nav_plugins/local_setup.dsv
[13.657s] -- Symlinking: /home/god/auto4508/project/install/p3at_nav_plugins/share/p3at_nav_plugins/package.dsv
[13.675s] -- Symlinking: /home/god/auto4508/project/install/p3at_nav_plugins/share/ament_index/resource_index/packages/p3at_nav_plugins
[13.690s] -- Symlinking: /home/god/auto4508/project/install/p3at_nav_plugins/share/ament_index/resource_index/nav2_core__pluginlib__plugin/p3at_nav_plugins
[13.705s] -- Symlinking: /home/god/auto4508/project/install/p3at_nav_plugins/share/p3at_nav_plugins/cmake/ament_cmake_export_include_directories-extras.cmake
[13.720s] -- Symlinking: /home/god/auto4508/project/install/p3at_nav_plugins/share/p3at_nav_plugins/cmake/ament_cmake_export_libraries-extras.cmake
[13.733s] -- Symlinking: /home/god/auto4508/project/install/p3at_nav_plugins/share/p3at_nav_plugins/cmake/ament_cmake_export_dependencies-extras.cmake
[13.746s] -- Symlinking: /home/god/auto4508/project/install/p3at_nav_plugins/share/p3at_nav_plugins/cmake/p3at_nav_pluginsConfig.cmake
[13.758s] -- Symlinking: /home/god/auto4508/project/install/p3at_nav_plugins/share/p3at_nav_plugins/cmake/p3at_nav_pluginsConfig-version.cmake
[13.773s] -- Symlinking: /home/god/auto4508/project/install/p3at_nav_plugins/share/p3at_nav_plugins/package.xml
[13.791s] Invoked command in '/home/god/auto4508/project/build/p3at_nav_plugins' returned '0': CMAKE_PREFIX_PATH=${CMAKE_PREFIX_PATH}:/home/god/auto4508/project/install/p3at_bringup:/opt/ros/jazzy /usr/bin/cmake --install /home/god/auto4508/project/build/p3at_nav_plugins
