running develop
running egg_info
creating p3at_bringup.egg-info
writing p3at_bringup.egg-info/PKG-INFO
writing dependency_links to p3at_bringup.egg-info/dependency_links.txt
writing entry points to p3at_bringup.egg-info/entry_points.txt
writing requirements to p3at_bringup.egg-info/requires.txt
writing top-level names to p3at_bringup.egg-info/top_level.txt
writing manifest file 'p3at_bringup.egg-info/SOURCES.txt'
reading manifest file 'p3at_bringup.egg-info/SOURCES.txt'
writing manifest file 'p3at_bringup.egg-info/SOURCES.txt'
running build_ext
Creating /home/god/auto4508/project/install/p3at_bringup/lib/python3.12/site-packages/p3at-bringup.egg-link (link to .)
Installing clock_sanitizer script to /home/god/auto4508/project/install/p3at_bringup/lib/p3at_bringup
Installing joint_state_sanitizer script to /home/god/auto4508/project/install/p3at_bringup/lib/p3at_bringup
Installing mission_manager script to /home/god/auto4508/project/install/p3at_bringup/lib/p3at_bringup
Installing odom_sanitizer script to /home/god/auto4508/project/install/p3at_bringup/lib/p3at_bringup
Installing path_recorder script to /home/god/auto4508/project/install/p3at_bringup/lib/p3at_bringup

Installed /home/god/auto4508/project/build/p3at_bringup
running symlink_data
creating /home/god/auto4508/project/install/p3at_bringup/share/ament_index
creating /home/god/auto4508/project/install/p3at_bringup/share/ament_index/resource_index
creating /home/god/auto4508/project/install/p3at_bringup/share/ament_index/resource_index/packages
symbolically linking /home/god/auto4508/project/build/p3at_bringup/resource/p3at_bringup -> /home/god/auto4508/project/install/p3at_bringup/share/ament_index/resource_index/packages
symbolically linking /home/god/auto4508/project/build/p3at_bringup/package.xml -> /home/god/auto4508/project/install/p3at_bringup/share/p3at_bringup
creating /home/god/auto4508/project/install/p3at_bringup/share/p3at_bringup/launch
symbolically linking /home/god/auto4508/project/build/p3at_bringup/launch/sim.launch.py -> /home/god/auto4508/project/install/p3at_bringup/share/p3at_bringup/launch
symbolically linking /home/god/auto4508/project/build/p3at_bringup/launch/nav.launch.py -> /home/god/auto4508/project/install/p3at_bringup/share/p3at_bringup/launch
creating /home/god/auto4508/project/install/p3at_bringup/share/p3at_bringup/config
symbolically linking /home/god/auto4508/project/build/p3at_bringup/config/bridge.yaml -> /home/god/auto4508/project/install/p3at_bringup/share/p3at_bringup/config
symbolically linking /home/god/auto4508/project/build/p3at_bringup/config/ekf.yaml -> /home/god/auto4508/project/install/p3at_bringup/share/p3at_bringup/config
symbolically linking /home/god/auto4508/project/build/p3at_bringup/config/slam_toolbox.yaml -> /home/god/auto4508/project/install/p3at_bringup/share/p3at_bringup/config
symbolically linking /home/god/auto4508/project/build/p3at_bringup/config/nav2.yaml -> /home/god/auto4508/project/install/p3at_bringup/share/p3at_bringup/config
symbolically linking /home/god/auto4508/project/build/p3at_bringup/config/waypoints.yaml -> /home/god/auto4508/project/install/p3at_bringup/share/p3at_bringup/config
creating /home/god/auto4508/project/install/p3at_bringup/share/p3at_bringup/worlds
symbolically linking /home/god/auto4508/project/build/p3at_bringup/worlds/james_oval.sdf -> /home/god/auto4508/project/install/p3at_bringup/share/p3at_bringup/worlds
