[1.411s] Invoking command in '/home/god/auto4508/project/build/p3at_bringup': LD_LIBRARY_PATH=/home/god/auto4508/project/install/p3at_nav_plugins/lib:/opt/ros/jazzy/opt/gz_sim_vendor/lib:/opt/ros/jazzy/opt/gz_sensors_vendor/lib:/opt/ros/jazzy/opt/gz_physics_vendor/lib:/opt/ros/jazzy/opt/sdformat_vendor/lib:/opt/ros/jazzy/opt/rviz_ogre_vendor/lib:/opt/ros/jazzy/lib/x86_64-linux-gnu:/opt/ros/jazzy/opt/gz_gui_vendor/lib:/opt/ros/jazzy/opt/gz_transport_vendor/lib:/opt/ros/jazzy/opt/gz_rendering_vendor/lib:/opt/ros/jazzy/opt/gz_plugin_vendor/lib:/opt/ros/jazzy/opt/gz_fuel_tools_vendor/lib:/opt/ros/jazzy/opt/gz_msgs_vendor/lib:/opt/ros/jazzy/opt/gz_common_vendor/lib:/opt/ros/jazzy/opt/gz_math_vendor/lib:/opt/ros/jazzy/opt/gz_utils_vendor/lib:/opt/ros/jazzy/opt/gz_tools_vendor/lib:/opt/ros/jazzy/opt/gz_ogre_next_vendor/lib:/opt/ros/jazzy/opt/gz_dartsim_vendor/lib:/opt/ros/jazzy/opt/gz_cmake_vendor/lib:/opt/ros/jazzy/lib:/home/god/.local/lib PYTHONPATH=/home/god/auto4508/project/build/p3at_bringup/prefix_override:/usr/lib/python3/dist-packages/colcon_core/task/python/colcon_distutils_commands:/home/god/auto4508/project/install/p3at_bringup/lib/python3.12/site-packages:${PYTHONPATH} /usr/bin/python3 -W ignore:setup.py install is deprecated -W ignore:easy_install command is deprecated setup.py develop --editable --build-directory /home/god/auto4508/project/build/p3at_bringup/build --no-deps symlink_data
[1.666s] running develop
[1.817s] running egg_info
[1.817s] creating p3at_bringup.egg-info
[1.831s] writing p3at_bringup.egg-info/PKG-INFO
[1.841s] writing dependency_links to p3at_bringup.egg-info/dependency_links.txt
[1.841s] writing entry points to p3at_bringup.egg-info/entry_points.txt
[1.841s] writing requirements to p3at_bringup.egg-info/requires.txt
[1.841s] writing top-level names to p3at_bringup.egg-info/top_level.txt
[1.842s] writing manifest file 'p3at_bringup.egg-info/SOURCES.txt'
[1.872s] reading manifest file 'p3at_bringup.egg-info/SOURCES.txt'
[1.873s] writing manifest file 'p3at_bringup.egg-info/SOURCES.txt'
[1.889s] running build_ext
[1.889s] Creating /home/god/auto4508/project/install/p3at_bringup/lib/python3.12/site-packages/p3at-bringup.egg-link (link to .)
[1.889s] Installing clock_sanitizer script to /home/god/auto4508/project/install/p3at_bringup/lib/p3at_bringup
[1.890s] Installing joint_state_sanitizer script to /home/god/auto4508/project/install/p3at_bringup/lib/p3at_bringup
[1.890s] Installing mission_manager script to /home/god/auto4508/project/install/p3at_bringup/lib/p3at_bringup
[1.891s] Installing odom_sanitizer script to /home/god/auto4508/project/install/p3at_bringup/lib/p3at_bringup
[1.891s] Installing path_recorder script to /home/god/auto4508/project/install/p3at_bringup/lib/p3at_bringup
[1.891s] 
[1.891s] Installed /home/god/auto4508/project/build/p3at_bringup
[1.891s] running symlink_data
[1.891s] creating /home/god/auto4508/project/install/p3at_bringup/share/ament_index
[1.891s] creating /home/god/auto4508/project/install/p3at_bringup/share/ament_index/resource_index
[1.892s] creating /home/god/auto4508/project/install/p3at_bringup/share/ament_index/resource_index/packages
[1.892s] symbolically linking /home/god/auto4508/project/build/p3at_bringup/resource/p3at_bringup -> /home/god/auto4508/project/install/p3at_bringup/share/ament_index/resource_index/packages
[1.893s] symbolically linking /home/god/auto4508/project/build/p3at_bringup/package.xml -> /home/god/auto4508/project/install/p3at_bringup/share/p3at_bringup
[1.893s] creating /home/god/auto4508/project/install/p3at_bringup/share/p3at_bringup/launch
[1.893s] symbolically linking /home/god/auto4508/project/build/p3at_bringup/launch/sim.launch.py -> /home/god/auto4508/project/install/p3at_bringup/share/p3at_bringup/launch
[1.894s] symbolically linking /home/god/auto4508/project/build/p3at_bringup/launch/nav.launch.py -> /home/god/auto4508/project/install/p3at_bringup/share/p3at_bringup/launch
[1.894s] creating /home/god/auto4508/project/install/p3at_bringup/share/p3at_bringup/config
[1.895s] symbolically linking /home/god/auto4508/project/build/p3at_bringup/config/bridge.yaml -> /home/god/auto4508/project/install/p3at_bringup/share/p3at_bringup/config
[1.895s] symbolically linking /home/god/auto4508/project/build/p3at_bringup/config/ekf.yaml -> /home/god/auto4508/project/install/p3at_bringup/share/p3at_bringup/config
[1.896s] symbolically linking /home/god/auto4508/project/build/p3at_bringup/config/slam_toolbox.yaml -> /home/god/auto4508/project/install/p3at_bringup/share/p3at_bringup/config
[1.896s] symbolically linking /home/god/auto4508/project/build/p3at_bringup/config/nav2.yaml -> /home/god/auto4508/project/install/p3at_bringup/share/p3at_bringup/config
[1.896s] symbolically linking /home/god/auto4508/project/build/p3at_bringup/config/waypoints.yaml -> /home/god/auto4508/project/install/p3at_bringup/share/p3at_bringup/config
[1.897s] creating /home/god/auto4508/project/install/p3at_bringup/share/p3at_bringup/worlds
[1.897s] symbolically linking /home/god/auto4508/project/build/p3at_bringup/worlds/james_oval.sdf -> /home/god/auto4508/project/install/p3at_bringup/share/p3at_bringup/worlds
[1.935s] Invoked command in '/home/god/auto4508/project/build/p3at_bringup' returned '0': LD_LIBRARY_PATH=/home/god/auto4508/project/install/p3at_nav_plugins/lib:/opt/ros/jazzy/opt/gz_sim_vendor/lib:/opt/ros/jazzy/opt/gz_sensors_vendor/lib:/opt/ros/jazzy/opt/gz_physics_vendor/lib:/opt/ros/jazzy/opt/sdformat_vendor/lib:/opt/ros/jazzy/opt/rviz_ogre_vendor/lib:/opt/ros/jazzy/lib/x86_64-linux-gnu:/opt/ros/jazzy/opt/gz_gui_vendor/lib:/opt/ros/jazzy/opt/gz_transport_vendor/lib:/opt/ros/jazzy/opt/gz_rendering_vendor/lib:/opt/ros/jazzy/opt/gz_plugin_vendor/lib:/opt/ros/jazzy/opt/gz_fuel_tools_vendor/lib:/opt/ros/jazzy/opt/gz_msgs_vendor/lib:/opt/ros/jazzy/opt/gz_common_vendor/lib:/opt/ros/jazzy/opt/gz_math_vendor/lib:/opt/ros/jazzy/opt/gz_utils_vendor/lib:/opt/ros/jazzy/opt/gz_tools_vendor/lib:/opt/ros/jazzy/opt/gz_ogre_next_vendor/lib:/opt/ros/jazzy/opt/gz_dartsim_vendor/lib:/opt/ros/jazzy/opt/gz_cmake_vendor/lib:/opt/ros/jazzy/lib:/home/god/.local/lib PYTHONPATH=/home/god/auto4508/project/build/p3at_bringup/prefix_override:/usr/lib/python3/dist-packages/colcon_core/task/python/colcon_distutils_commands:/home/god/auto4508/project/install/p3at_bringup/lib/python3.12/site-packages:${PYTHONPATH} /usr/bin/python3 -W ignore:setup.py install is deprecated -W ignore:easy_install command is deprecated setup.py develop --editable --build-directory /home/god/auto4508/project/build/p3at_bringup/build --no-deps symlink_data
