[0.465s] DEBUG:colcon:Command line arguments: ['/usr/bin/colcon', 'build', '--symlink-install']
[0.465s] DEBUG:colcon:Parsed command line arguments: Namespace(log_base=None, log_level=None, verb_name='build', build_base='build', install_base='install', merge_install=False, symlink_install=True, test_result_base=None, continue_on_error=False, executor='parallel', parallel_workers=16, event_handlers=None, ignore_user_meta=False, metas=['./colcon.meta'], base_paths=['.'], packages_ignore=None, packages_ignore_regex=None, paths=None, packages_up_to=None, packages_up_to_regex=None, packages_above=None, packages_above_and_dependencies=None, packages_above_depth=None, packages_select_by_dep=None, packages_skip_by_dep=None, packages_skip_up_to=None, packages_select_build_failed=False, packages_skip_build_finished=False, packages_select_test_failures=False, packages_skip_test_passed=False, packages_select=None, packages_skip=None, packages_select_regex=None, packages_skip_regex=None, packages_start=None, packages_end=None, allow_overriding=[], cmake_args=None, cmake_target=None, cmake_target_skip_unavailable=False, cmake_clean_cache=False, cmake_clean_first=False, cmake_force_configure=False, ament_cmake_args=None, catkin_cmake_args=None, catkin_skip_building_tests=False, mixin_files=None, mixin=None, verb_parser=<colcon_mixin.mixin.mixin_argument.MixinArgumentDecorator object at 0x79232b073cb0>, verb_extension=<colcon_core.verb.build.BuildVerb object at 0x79232b0739b0>, main=<bound method BuildVerb.main of <colcon_core.verb.build.BuildVerb object at 0x79232b0739b0>>, mixin_verb=('build',))
[0.556s] Level 1:colcon.colcon_core.package_discovery:discover_packages(colcon_meta) check parameters
[0.557s] Level 1:colcon.colcon_core.package_discovery:discover_packages(recursive) check parameters
[0.557s] Level 1:colcon.colcon_core.package_discovery:discover_packages(ignore) check parameters
[0.557s] Level 1:colcon.colcon_core.package_discovery:discover_packages(path) check parameters
[0.557s] Level 1:colcon.colcon_core.package_discovery:discover_packages(colcon_meta) discover
[0.557s] Level 1:colcon.colcon_core.package_discovery:discover_packages(recursive) discover
[0.557s] INFO:colcon.colcon_core.package_discovery:Crawling recursively for packages in '/home/god/auto4508/project'
[0.557s] Level 1:colcon.colcon_core.package_identification:_identify(.) by extensions ['ignore', 'ignore_ament_install']
[0.557s] Level 1:colcon.colcon_core.package_identification:_identify(.) by extension 'ignore'
[0.557s] Level 1:colcon.colcon_core.package_identification:_identify(.) by extension 'ignore_ament_install'
[0.557s] Level 1:colcon.colcon_core.package_identification:_identify(.) by extensions ['colcon_pkg']
[0.557s] Level 1:colcon.colcon_core.package_identification:_identify(.) by extension 'colcon_pkg'
[0.557s] Level 1:colcon.colcon_core.package_identification:_identify(.) by extensions ['colcon_meta']
[0.557s] Level 1:colcon.colcon_core.package_identification:_identify(.) by extension 'colcon_meta'
[0.557s] Level 1:colcon.colcon_core.package_identification:_identify(.) by extensions ['ros']
[0.557s] Level 1:colcon.colcon_core.package_identification:_identify(.) by extension 'ros'
[0.607s] Level 1:colcon.colcon_core.package_identification:_identify(.) by extensions ['cmake', 'python']
[0.607s] Level 1:colcon.colcon_core.package_identification:_identify(.) by extension 'cmake'
[0.607s] Level 1:colcon.colcon_core.package_identification:_identify(.) by extension 'python'
[0.607s] Level 1:colcon.colcon_core.package_identification:_identify(.) by extensions ['python_setup_py']
[0.607s] Level 1:colcon.colcon_core.package_identification:_identify(.) by extension 'python_setup_py'
[0.608s] Level 1:colcon.colcon_core.package_identification:_identify(Resources) by extensions ['ignore', 'ignore_ament_install']
[0.608s] Level 1:colcon.colcon_core.package_identification:_identify(Resources) by extension 'ignore'
[0.608s] Level 1:colcon.colcon_core.package_identification:_identify(Resources) by extension 'ignore_ament_install'
[0.609s] Level 1:colcon.colcon_core.package_identification:_identify(Resources) by extensions ['colcon_pkg']
[0.609s] Level 1:colcon.colcon_core.package_identification:_identify(Resources) by extension 'colcon_pkg'
[0.609s] Level 1:colcon.colcon_core.package_identification:_identify(Resources) by extensions ['colcon_meta']
[0.609s] Level 1:colcon.colcon_core.package_identification:_identify(Resources) by extension 'colcon_meta'
[0.609s] Level 1:colcon.colcon_core.package_identification:_identify(Resources) by extensions ['ros']
[0.609s] Level 1:colcon.colcon_core.package_identification:_identify(Resources) by extension 'ros'
[0.609s] Level 1:colcon.colcon_core.package_identification:_identify(Resources) by extensions ['cmake', 'python']
[0.609s] Level 1:colcon.colcon_core.package_identification:_identify(Resources) by extension 'cmake'
[0.609s] Level 1:colcon.colcon_core.package_identification:_identify(Resources) by extension 'python'
[0.610s] Level 1:colcon.colcon_core.package_identification:_identify(Resources) by extensions ['python_setup_py']
[0.610s] Level 1:colcon.colcon_core.package_identification:_identify(Resources) by extension 'python_setup_py'
[0.610s] Level 1:colcon.colcon_core.package_identification:_identify(Resources/launch) by extensions ['ignore', 'ignore_ament_install']
[0.610s] Level 1:colcon.colcon_core.package_identification:_identify(Resources/launch) by extension 'ignore'
[0.610s] Level 1:colcon.colcon_core.package_identification:_identify(Resources/launch) by extension 'ignore_ament_install'
[0.610s] Level 1:colcon.colcon_core.package_identification:_identify(Resources/launch) by extensions ['colcon_pkg']
[0.610s] Level 1:colcon.colcon_core.package_identification:_identify(Resources/launch) by extension 'colcon_pkg'
[0.610s] Level 1:colcon.colcon_core.package_identification:_identify(Resources/launch) by extensions ['colcon_meta']
[0.610s] Level 1:colcon.colcon_core.package_identification:_identify(Resources/launch) by extension 'colcon_meta'
[0.610s] Level 1:colcon.colcon_core.package_identification:_identify(Resources/launch) by extensions ['ros']
[0.610s] Level 1:colcon.colcon_core.package_identification:_identify(Resources/launch) by extension 'ros'
[0.610s] Level 1:colcon.colcon_core.package_identification:_identify(Resources/launch) by extensions ['cmake', 'python']
[0.610s] Level 1:colcon.colcon_core.package_identification:_identify(Resources/launch) by extension 'cmake'
[0.611s] Level 1:colcon.colcon_core.package_identification:_identify(Resources/launch) by extension 'python'
[0.611s] Level 1:colcon.colcon_core.package_identification:_identify(Resources/launch) by extensions ['python_setup_py']
[0.611s] Level 1:colcon.colcon_core.package_identification:_identify(Resources/launch) by extension 'python_setup_py'
[0.611s] Level 1:colcon.colcon_core.package_identification:_identify(Resources/meshes) by extensions ['ignore', 'ignore_ament_install']
[0.611s] Level 1:colcon.colcon_core.package_identification:_identify(Resources/meshes) by extension 'ignore'
[0.611s] Level 1:colcon.colcon_core.package_identification:_identify(Resources/meshes) by extension 'ignore_ament_install'
[0.611s] Level 1:colcon.colcon_core.package_identification:_identify(Resources/meshes) by extensions ['colcon_pkg']
[0.611s] Level 1:colcon.colcon_core.package_identification:_identify(Resources/meshes) by extension 'colcon_pkg'
[0.611s] Level 1:colcon.colcon_core.package_identification:_identify(Resources/meshes) by extensions ['colcon_meta']
[0.611s] Level 1:colcon.colcon_core.package_identification:_identify(Resources/meshes) by extension 'colcon_meta'
[0.611s] Level 1:colcon.colcon_core.package_identification:_identify(Resources/meshes) by extensions ['ros']
[0.611s] Level 1:colcon.colcon_core.package_identification:_identify(Resources/meshes) by extension 'ros'
[0.611s] Level 1:colcon.colcon_core.package_identification:_identify(Resources/meshes) by extensions ['cmake', 'python']
[0.611s] Level 1:colcon.colcon_core.package_identification:_identify(Resources/meshes) by extension 'cmake'
[0.611s] Level 1:colcon.colcon_core.package_identification:_identify(Resources/meshes) by extension 'python'
[0.611s] Level 1:colcon.colcon_core.package_identification:_identify(Resources/meshes) by extensions ['python_setup_py']
[0.611s] Level 1:colcon.colcon_core.package_identification:_identify(Resources/meshes) by extension 'python_setup_py'
[0.612s] Level 1:colcon.colcon_core.package_identification:_identify(Resources/meshes/p3at_meshes) by extensions ['ignore', 'ignore_ament_install']
[0.612s] Level 1:colcon.colcon_core.package_identification:_identify(Resources/meshes/p3at_meshes) by extension 'ignore'
[0.612s] Level 1:colcon.colcon_core.package_identification:_identify(Resources/meshes/p3at_meshes) by extension 'ignore_ament_install'
[0.612s] Level 1:colcon.colcon_core.package_identification:_identify(Resources/meshes/p3at_meshes) by extensions ['colcon_pkg']
[0.612s] Level 1:colcon.colcon_core.package_identification:_identify(Resources/meshes/p3at_meshes) by extension 'colcon_pkg'
[0.612s] Level 1:colcon.colcon_core.package_identification:_identify(Resources/meshes/p3at_meshes) by extensions ['colcon_meta']
[0.612s] Level 1:colcon.colcon_core.package_identification:_identify(Resources/meshes/p3at_meshes) by extension 'colcon_meta'
[0.612s] Level 1:colcon.colcon_core.package_identification:_identify(Resources/meshes/p3at_meshes) by extensions ['ros']
[0.612s] Level 1:colcon.colcon_core.package_identification:_identify(Resources/meshes/p3at_meshes) by extension 'ros'
[0.612s] Level 1:colcon.colcon_core.package_identification:_identify(Resources/meshes/p3at_meshes) by extensions ['cmake', 'python']
[0.612s] Level 1:colcon.colcon_core.package_identification:_identify(Resources/meshes/p3at_meshes) by extension 'cmake'
[0.612s] Level 1:colcon.colcon_core.package_identification:_identify(Resources/meshes/p3at_meshes) by extension 'python'
[0.612s] Level 1:colcon.colcon_core.package_identification:_identify(Resources/meshes/p3at_meshes) by extensions ['python_setup_py']
[0.613s] Level 1:colcon.colcon_core.package_identification:_identify(Resources/meshes/p3at_meshes) by extension 'python_setup_py'
[0.613s] Level 1:colcon.colcon_core.package_identification:_identify(Resources/robots) by extensions ['ignore', 'ignore_ament_install']
[0.613s] Level 1:colcon.colcon_core.package_identification:_identify(Resources/robots) by extension 'ignore'
[0.613s] Level 1:colcon.colcon_core.package_identification:_identify(Resources/robots) by extension 'ignore_ament_install'
[0.613s] Level 1:colcon.colcon_core.package_identification:_identify(Resources/robots) by extensions ['colcon_pkg']
[0.613s] Level 1:colcon.colcon_core.package_identification:_identify(Resources/robots) by extension 'colcon_pkg'
[0.614s] Level 1:colcon.colcon_core.package_identification:_identify(Resources/robots) by extensions ['colcon_meta']
[0.614s] Level 1:colcon.colcon_core.package_identification:_identify(Resources/robots) by extension 'colcon_meta'
[0.614s] Level 1:colcon.colcon_core.package_identification:_identify(Resources/robots) by extensions ['ros']
[0.614s] Level 1:colcon.colcon_core.package_identification:_identify(Resources/robots) by extension 'ros'
[0.614s] Level 1:colcon.colcon_core.package_identification:_identify(Resources/robots) by extensions ['cmake', 'python']
[0.614s] Level 1:colcon.colcon_core.package_identification:_identify(Resources/robots) by extension 'cmake'
[0.614s] Level 1:colcon.colcon_core.package_identification:_identify(Resources/robots) by extension 'python'
[0.614s] Level 1:colcon.colcon_core.package_identification:_identify(Resources/robots) by extensions ['python_setup_py']
[0.614s] Level 1:colcon.colcon_core.package_identification:_identify(Resources/robots) by extension 'python_setup_py'
[0.615s] Level 1:colcon.colcon_core.package_identification:_identify(Resources/worlds) by extensions ['ignore', 'ignore_ament_install']
[0.615s] Level 1:colcon.colcon_core.package_identification:_identify(Resources/worlds) by extension 'ignore'
[0.615s] Level 1:colcon.colcon_core.package_identification:_identify(Resources/worlds) by extension 'ignore_ament_install'
[0.615s] Level 1:colcon.colcon_core.package_identification:_identify(Resources/worlds) by extensions ['colcon_pkg']
[0.615s] Level 1:colcon.colcon_core.package_identification:_identify(Resources/worlds) by extension 'colcon_pkg'
[0.615s] Level 1:colcon.colcon_core.package_identification:_identify(Resources/worlds) by extensions ['colcon_meta']
[0.615s] Level 1:colcon.colcon_core.package_identification:_identify(Resources/worlds) by extension 'colcon_meta'
[0.615s] Level 1:colcon.colcon_core.package_identification:_identify(Resources/worlds) by extensions ['ros']
[0.615s] Level 1:colcon.colcon_core.package_identification:_identify(Resources/worlds) by extension 'ros'
[0.615s] Level 1:colcon.colcon_core.package_identification:_identify(Resources/worlds) by extensions ['cmake', 'python']
[0.615s] Level 1:colcon.colcon_core.package_identification:_identify(Resources/worlds) by extension 'cmake'
[0.615s] Level 1:colcon.colcon_core.package_identification:_identify(Resources/worlds) by extension 'python'
[0.615s] Level 1:colcon.colcon_core.package_identification:_identify(Resources/worlds) by extensions ['python_setup_py']
[0.615s] Level 1:colcon.colcon_core.package_identification:_identify(Resources/worlds) by extension 'python_setup_py'
[0.615s] Level 1:colcon.colcon_core.package_identification:_identify(build) by extensions ['ignore', 'ignore_ament_install']
[0.616s] Level 1:colcon.colcon_core.package_identification:_identify(build) by extension 'ignore'
[0.616s] Level 1:colcon.colcon_core.package_identification:_identify(build) ignored
[0.616s] Level 1:colcon.colcon_core.package_identification:_identify(install) by extensions ['ignore', 'ignore_ament_install']
[0.616s] Level 1:colcon.colcon_core.package_identification:_identify(install) by extension 'ignore'
[0.616s] Level 1:colcon.colcon_core.package_identification:_identify(install) ignored
[0.616s] Level 1:colcon.colcon_core.package_identification:_identify(log) by extensions ['ignore', 'ignore_ament_install']
[0.616s] Level 1:colcon.colcon_core.package_identification:_identify(log) by extension 'ignore'
[0.616s] Level 1:colcon.colcon_core.package_identification:_identify(log) ignored
[0.616s] Level 1:colcon.colcon_core.package_identification:_identify(part1_demo_run) by extensions ['ignore', 'ignore_ament_install']
[0.616s] Level 1:colcon.colcon_core.package_identification:_identify(part1_demo_run) by extension 'ignore'
[0.617s] Level 1:colcon.colcon_core.package_identification:_identify(part1_demo_run) by extension 'ignore_ament_install'
[0.617s] Level 1:colcon.colcon_core.package_identification:_identify(part1_demo_run) by extensions ['colcon_pkg']
[0.617s] Level 1:colcon.colcon_core.package_identification:_identify(part1_demo_run) by extension 'colcon_pkg'
[0.617s] Level 1:colcon.colcon_core.package_identification:_identify(part1_demo_run) by extensions ['colcon_meta']
[0.617s] Level 1:colcon.colcon_core.package_identification:_identify(part1_demo_run) by extension 'colcon_meta'
[0.617s] Level 1:colcon.colcon_core.package_identification:_identify(part1_demo_run) by extensions ['ros']
[0.617s] Level 1:colcon.colcon_core.package_identification:_identify(part1_demo_run) by extension 'ros'
[0.617s] Level 1:colcon.colcon_core.package_identification:_identify(part1_demo_run) by extensions ['cmake', 'python']
[0.617s] Level 1:colcon.colcon_core.package_identification:_identify(part1_demo_run) by extension 'cmake'
[0.617s] Level 1:colcon.colcon_core.package_identification:_identify(part1_demo_run) by extension 'python'
[0.617s] Level 1:colcon.colcon_core.package_identification:_identify(part1_demo_run) by extensions ['python_setup_py']
[0.617s] Level 1:colcon.colcon_core.package_identification:_identify(part1_demo_run) by extension 'python_setup_py'
[0.617s] Level 1:colcon.colcon_core.package_identification:_identify(src) by extensions ['ignore', 'ignore_ament_install']
[0.617s] Level 1:colcon.colcon_core.package_identification:_identify(src) by extension 'ignore'
[0.617s] Level 1:colcon.colcon_core.package_identification:_identify(src) by extension 'ignore_ament_install'
[0.617s] Level 1:colcon.colcon_core.package_identification:_identify(src) by extensions ['colcon_pkg']
[0.617s] Level 1:colcon.colcon_core.package_identification:_identify(src) by extension 'colcon_pkg'
[0.617s] Level 1:colcon.colcon_core.package_identification:_identify(src) by extensions ['colcon_meta']
[0.617s] Level 1:colcon.colcon_core.package_identification:_identify(src) by extension 'colcon_meta'
[0.617s] Level 1:colcon.colcon_core.package_identification:_identify(src) by extensions ['ros']
[0.617s] Level 1:colcon.colcon_core.package_identification:_identify(src) by extension 'ros'
[0.617s] Level 1:colcon.colcon_core.package_identification:_identify(src) by extensions ['cmake', 'python']
[0.617s] Level 1:colcon.colcon_core.package_identification:_identify(src) by extension 'cmake'
[0.617s] Level 1:colcon.colcon_core.package_identification:_identify(src) by extension 'python'
[0.617s] Level 1:colcon.colcon_core.package_identification:_identify(src) by extensions ['python_setup_py']
[0.617s] Level 1:colcon.colcon_core.package_identification:_identify(src) by extension 'python_setup_py'
[0.618s] Level 1:colcon.colcon_core.package_identification:_identify(src/p3at_bringup) by extensions ['ignore', 'ignore_ament_install']
[0.618s] Level 1:colcon.colcon_core.package_identification:_identify(src/p3at_bringup) by extension 'ignore'
[0.618s] Level 1:colcon.colcon_core.package_identification:_identify(src/p3at_bringup) by extension 'ignore_ament_install'
[0.618s] Level 1:colcon.colcon_core.package_identification:_identify(src/p3at_bringup) by extensions ['colcon_pkg']
[0.618s] Level 1:colcon.colcon_core.package_identification:_identify(src/p3at_bringup) by extension 'colcon_pkg'
[0.618s] Level 1:colcon.colcon_core.package_identification:_identify(src/p3at_bringup) by extensions ['colcon_meta']
[0.618s] Level 1:colcon.colcon_core.package_identification:_identify(src/p3at_bringup) by extension 'colcon_meta'
[0.618s] Level 1:colcon.colcon_core.package_identification:_identify(src/p3at_bringup) by extensions ['ros']
[0.618s] Level 1:colcon.colcon_core.package_identification:_identify(src/p3at_bringup) by extension 'ros'
[0.624s] DEBUG:colcon.colcon_core.package_identification:Package 'src/p3at_bringup' with type 'ros.ament_python' and name 'p3at_bringup'
[0.625s] Level 1:colcon.colcon_core.package_identification:_identify(src/p3at_description) by extensions ['ignore', 'ignore_ament_install']
[0.625s] Level 1:colcon.colcon_core.package_identification:_identify(src/p3at_description) by extension 'ignore'
[0.625s] Level 1:colcon.colcon_core.package_identification:_identify(src/p3at_description) by extension 'ignore_ament_install'
[0.625s] Level 1:colcon.colcon_core.package_identification:_identify(src/p3at_description) by extensions ['colcon_pkg']
[0.625s] Level 1:colcon.colcon_core.package_identification:_identify(src/p3at_description) by extension 'colcon_pkg'
[0.626s] Level 1:colcon.colcon_core.package_identification:_identify(src/p3at_description) by extensions ['colcon_meta']
[0.626s] Level 1:colcon.colcon_core.package_identification:_identify(src/p3at_description) by extension 'colcon_meta'
[0.626s] Level 1:colcon.colcon_core.package_identification:_identify(src/p3at_description) by extensions ['ros']
[0.626s] Level 1:colcon.colcon_core.package_identification:_identify(src/p3at_description) by extension 'ros'
[0.627s] DEBUG:colcon.colcon_core.package_identification:Package 'src/p3at_description' with type 'ros.ament_cmake' and name 'p3at_description'
[0.627s] Level 1:colcon.colcon_core.package_identification:_identify(src/p3at_nav_plugins) by extensions ['ignore', 'ignore_ament_install']
[0.627s] Level 1:colcon.colcon_core.package_identification:_identify(src/p3at_nav_plugins) by extension 'ignore'
[0.627s] Level 1:colcon.colcon_core.package_identification:_identify(src/p3at_nav_plugins) by extension 'ignore_ament_install'
[0.627s] Level 1:colcon.colcon_core.package_identification:_identify(src/p3at_nav_plugins) by extensions ['colcon_pkg']
[0.627s] Level 1:colcon.colcon_core.package_identification:_identify(src/p3at_nav_plugins) by extension 'colcon_pkg'
[0.627s] Level 1:colcon.colcon_core.package_identification:_identify(src/p3at_nav_plugins) by extensions ['colcon_meta']
[0.627s] Level 1:colcon.colcon_core.package_identification:_identify(src/p3at_nav_plugins) by extension 'colcon_meta'
[0.627s] Level 1:colcon.colcon_core.package_identification:_identify(src/p3at_nav_plugins) by extensions ['ros']
[0.627s] Level 1:colcon.colcon_core.package_identification:_identify(src/p3at_nav_plugins) by extension 'ros'
[0.629s] DEBUG:colcon.colcon_core.package_identification:Package 'src/p3at_nav_plugins' with type 'ros.ament_cmake' and name 'p3at_nav_plugins'
[0.629s] Level 1:colcon.colcon_core.package_discovery:discover_packages(recursive) using defaults
[0.629s] Level 1:colcon.colcon_core.package_discovery:discover_packages(ignore) discover
[0.629s] Level 1:colcon.colcon_core.package_discovery:discover_packages(ignore) using defaults
[0.629s] Level 1:colcon.colcon_core.package_discovery:discover_packages(path) discover
[0.629s] Level 1:colcon.colcon_core.package_discovery:discover_packages(path) using defaults
[0.666s] Level 1:colcon.colcon_core.package_discovery:discover_packages(prefix_path) check parameters
[0.666s] Level 1:colcon.colcon_core.package_discovery:discover_packages(prefix_path) discover
[0.677s] DEBUG:colcon.colcon_installed_package_information.package_discovery:Found 3 installed packages in /home/god/auto4508/project/install
[0.678s] DEBUG:colcon.colcon_installed_package_information.package_discovery:Found 389 installed packages in /opt/ros/jazzy
[0.680s] Level 1:colcon.colcon_core.package_discovery:discover_packages(prefix_path) using defaults
[0.727s] Level 5:colcon.colcon_core.verb:set package 'p3at_description' build argument 'cmake_args' from command line to 'None'
[0.728s] Level 5:colcon.colcon_core.verb:set package 'p3at_description' build argument 'cmake_target' from command line to 'None'
[0.728s] Level 5:colcon.colcon_core.verb:set package 'p3at_description' build argument 'cmake_target_skip_unavailable' from command line to 'False'
[0.728s] Level 5:colcon.colcon_core.verb:set package 'p3at_description' build argument 'cmake_clean_cache' from command line to 'False'
[0.728s] Level 5:colcon.colcon_core.verb:set package 'p3at_description' build argument 'cmake_clean_first' from command line to 'False'
[0.728s] Level 5:colcon.colcon_core.verb:set package 'p3at_description' build argument 'cmake_force_configure' from command line to 'False'
[0.728s] Level 5:colcon.colcon_core.verb:set package 'p3at_description' build argument 'ament_cmake_args' from command line to 'None'
[0.728s] Level 5:colcon.colcon_core.verb:set package 'p3at_description' build argument 'catkin_cmake_args' from command line to 'None'
[0.728s] Level 5:colcon.colcon_core.verb:set package 'p3at_description' build argument 'catkin_skip_building_tests' from command line to 'False'
[0.728s] DEBUG:colcon.colcon_core.verb:Building package 'p3at_description' with the following arguments: {'ament_cmake_args': None, 'build_base': '/home/god/auto4508/project/build/p3at_description', 'catkin_cmake_args': None, 'catkin_skip_building_tests': False, 'cmake_args': None, 'cmake_clean_cache': False, 'cmake_clean_first': False, 'cmake_force_configure': False, 'cmake_target': None, 'cmake_target_skip_unavailable': False, 'install_base': '/home/god/auto4508/project/install/p3at_description', 'merge_install': False, 'path': '/home/god/auto4508/project/src/p3at_description', 'symlink_install': True, 'test_result_base': None}
[0.728s] Level 5:colcon.colcon_core.verb:set package 'p3at_nav_plugins' build argument 'cmake_args' from command line to 'None'
[0.728s] Level 5:colcon.colcon_core.verb:set package 'p3at_nav_plugins' build argument 'cmake_target' from command line to 'None'
[0.728s] Level 5:colcon.colcon_core.verb:set package 'p3at_nav_plugins' build argument 'cmake_target_skip_unavailable' from command line to 'False'
[0.728s] Level 5:colcon.colcon_core.verb:set package 'p3at_nav_plugins' build argument 'cmake_clean_cache' from command line to 'False'
[0.728s] Level 5:colcon.colcon_core.verb:set package 'p3at_nav_plugins' build argument 'cmake_clean_first' from command line to 'False'
[0.728s] Level 5:colcon.colcon_core.verb:set package 'p3at_nav_plugins' build argument 'cmake_force_configure' from command line to 'False'
[0.728s] Level 5:colcon.colcon_core.verb:set package 'p3at_nav_plugins' build argument 'ament_cmake_args' from command line to 'None'
[0.728s] Level 5:colcon.colcon_core.verb:set package 'p3at_nav_plugins' build argument 'catkin_cmake_args' from command line to 'None'
[0.728s] Level 5:colcon.colcon_core.verb:set package 'p3at_nav_plugins' build argument 'catkin_skip_building_tests' from command line to 'False'
[0.728s] DEBUG:colcon.colcon_core.verb:Building package 'p3at_nav_plugins' with the following arguments: {'ament_cmake_args': None, 'build_base': '/home/god/auto4508/project/build/p3at_nav_plugins', 'catkin_cmake_args': None, 'catkin_skip_building_tests': False, 'cmake_args': None, 'cmake_clean_cache': False, 'cmake_clean_first': False, 'cmake_force_configure': False, 'cmake_target': None, 'cmake_target_skip_unavailable': False, 'install_base': '/home/god/auto4508/project/install/p3at_nav_plugins', 'merge_install': False, 'path': '/home/god/auto4508/project/src/p3at_nav_plugins', 'symlink_install': True, 'test_result_base': None}
[0.728s] Level 5:colcon.colcon_core.verb:set package 'p3at_bringup' build argument 'cmake_args' from command line to 'None'
[0.728s] Level 5:colcon.colcon_core.verb:set package 'p3at_bringup' build argument 'cmake_target' from command line to 'None'
[0.728s] Level 5:colcon.colcon_core.verb:set package 'p3at_bringup' build argument 'cmake_target_skip_unavailable' from command line to 'False'
[0.728s] Level 5:colcon.colcon_core.verb:set package 'p3at_bringup' build argument 'cmake_clean_cache' from command line to 'False'
[0.728s] Level 5:colcon.colcon_core.verb:set package 'p3at_bringup' build argument 'cmake_clean_first' from command line to 'False'
[0.728s] Level 5:colcon.colcon_core.verb:set package 'p3at_bringup' build argument 'cmake_force_configure' from command line to 'False'
[0.728s] Level 5:colcon.colcon_core.verb:set package 'p3at_bringup' build argument 'ament_cmake_args' from command line to 'None'
[0.729s] Level 5:colcon.colcon_core.verb:set package 'p3at_bringup' build argument 'catkin_cmake_args' from command line to 'None'
[0.729s] Level 5:colcon.colcon_core.verb:set package 'p3at_bringup' build argument 'catkin_skip_building_tests' from command line to 'False'
[0.729s] DEBUG:colcon.colcon_core.verb:Building package 'p3at_bringup' with the following arguments: {'ament_cmake_args': None, 'build_base': '/home/god/auto4508/project/build/p3at_bringup', 'catkin_cmake_args': None, 'catkin_skip_building_tests': False, 'cmake_args': None, 'cmake_clean_cache': False, 'cmake_clean_first': False, 'cmake_force_configure': False, 'cmake_target': None, 'cmake_target_skip_unavailable': False, 'install_base': '/home/god/auto4508/project/install/p3at_bringup', 'merge_install': False, 'path': '/home/god/auto4508/project/src/p3at_bringup', 'symlink_install': True, 'test_result_base': None}
[0.729s] INFO:colcon.colcon_core.executor:Executing jobs using 'parallel' executor
[0.730s] DEBUG:colcon.colcon_parallel_executor.executor.parallel:run_until_complete
[0.731s] INFO:colcon.colcon_ros.task.ament_cmake.build:Building ROS package in '/home/god/auto4508/project/src/p3at_description' with build type 'ament_cmake'
[0.731s] INFO:colcon.colcon_cmake.task.cmake.build:Building CMake package in '/home/god/auto4508/project/src/p3at_description'
[0.741s] INFO:colcon.colcon_core.plugin_system:Skipping extension 'colcon_core.shell.bat': Not used on non-Windows systems
[0.742s] INFO:colcon.colcon_core.shell:Skip shell extension 'powershell' for command environment: Not usable outside of PowerShell
[0.742s] DEBUG:colcon.colcon_core.shell:Skip shell extension 'dsv' for command environment
[0.748s] INFO:colcon.colcon_ros.task.ament_cmake.build:Building ROS package in '/home/god/auto4508/project/src/p3at_nav_plugins' with build type 'ament_cmake'
[0.750s] INFO:colcon.colcon_cmake.task.cmake.build:Building CMake package in '/home/god/auto4508/project/src/p3at_nav_plugins'
[0.750s] INFO:colcon.colcon_core.shell:Skip shell extension 'powershell' for command environment: Not usable outside of PowerShell
[0.750s] DEBUG:colcon.colcon_core.shell:Skip shell extension 'dsv' for command environment
[0.767s] DEBUG:colcon.colcon_core.event_handler.log_command:Invoking command in '/home/god/auto4508/project/build/p3at_description': CMAKE_PREFIX_PATH=${CMAKE_PREFIX_PATH}:/home/god/auto4508/project/install/p3at_bringup:/opt/ros/jazzy /usr/bin/cmake --build /home/god/auto4508/project/build/p3at_description -- -j16 -l16
[0.776s] DEBUG:colcon.colcon_core.event_handler.log_command:Invoking command in '/home/god/auto4508/project/build/p3at_nav_plugins': CMAKE_PREFIX_PATH=${CMAKE_PREFIX_PATH}:/home/god/auto4508/project/install/p3at_bringup:/opt/ros/jazzy /usr/bin/cmake --build /home/god/auto4508/project/build/p3at_nav_plugins -- -j16 -l16
[0.974s] DEBUG:colcon.colcon_core.event_handler.log_command:Invoked command in '/home/god/auto4508/project/build/p3at_description' returned '0': CMAKE_PREFIX_PATH=${CMAKE_PREFIX_PATH}:/home/god/auto4508/project/install/p3at_bringup:/opt/ros/jazzy /usr/bin/cmake --build /home/god/auto4508/project/build/p3at_description -- -j16 -l16
[0.997s] DEBUG:colcon.colcon_core.event_handler.log_command:Invoking command in '/home/god/auto4508/project/build/p3at_description': CMAKE_PREFIX_PATH=${CMAKE_PREFIX_PATH}:/home/god/auto4508/project/install/p3at_bringup:/opt/ros/jazzy /usr/bin/cmake --install /home/god/auto4508/project/build/p3at_description
[1.061s] Level 1:colcon.colcon_core.environment:create_environment_scripts_only(p3at_description)
[1.062s] DEBUG:colcon.colcon_core.event_handler.log_command:Invoked command in '/home/god/auto4508/project/build/p3at_description' returned '0': CMAKE_PREFIX_PATH=${CMAKE_PREFIX_PATH}:/home/god/auto4508/project/install/p3at_bringup:/opt/ros/jazzy /usr/bin/cmake --install /home/god/auto4508/project/build/p3at_description
[1.072s] Level 1:colcon.colcon_core.environment:checking '/home/god/auto4508/project/install/p3at_description' for CMake module files
[1.073s] Level 1:colcon.colcon_core.environment:checking '/home/god/auto4508/project/install/p3at_description' for CMake config files
[1.076s] Level 1:colcon.colcon_core.shell:create_environment_hook('p3at_description', 'cmake_prefix_path')
[1.076s] INFO:colcon.colcon_core.shell:Creating environment hook '/home/god/auto4508/project/install/p3at_description/share/p3at_description/hook/cmake_prefix_path.ps1'
[1.078s] INFO:colcon.colcon_core.shell:Creating environment descriptor '/home/god/auto4508/project/install/p3at_description/share/p3at_description/hook/cmake_prefix_path.dsv'
[1.079s] INFO:colcon.colcon_core.shell:Creating environment hook '/home/god/auto4508/project/install/p3at_description/share/p3at_description/hook/cmake_prefix_path.sh'
[1.081s] Level 1:colcon.colcon_core.environment:checking '/home/god/auto4508/project/install/p3at_description/bin'
[1.081s] Level 1:colcon.colcon_core.environment:checking '/home/god/auto4508/project/install/p3at_description/lib/pkgconfig/p3at_description.pc'
[1.081s] Level 1:colcon.colcon_core.environment:checking '/home/god/auto4508/project/install/p3at_description/lib/python3.12/site-packages'
[1.081s] Level 1:colcon.colcon_core.environment:checking '/home/god/auto4508/project/install/p3at_description/bin'
[1.082s] INFO:colcon.colcon_core.shell:Creating package script '/home/god/auto4508/project/install/p3at_description/share/p3at_description/package.ps1'
[1.084s] INFO:colcon.colcon_core.shell:Creating package descriptor '/home/god/auto4508/project/install/p3at_description/share/p3at_description/package.dsv'
[1.085s] INFO:colcon.colcon_core.shell:Creating package script '/home/god/auto4508/project/install/p3at_description/share/p3at_description/package.sh'
[1.087s] INFO:colcon.colcon_core.shell:Creating package script '/home/god/auto4508/project/install/p3at_description/share/p3at_description/package.bash'
[1.088s] INFO:colcon.colcon_core.shell:Creating package script '/home/god/auto4508/project/install/p3at_description/share/p3at_description/package.zsh'
[1.089s] Level 1:colcon.colcon_core.environment:create_file_with_runtime_dependencies(/home/god/auto4508/project/install/p3at_description/share/colcon-core/packages/p3at_description)
[1.090s] Level 1:colcon.colcon_core.environment:create_environment_scripts_only(p3at_description)
[1.091s] Level 1:colcon.colcon_core.environment:checking '/home/god/auto4508/project/install/p3at_description' for CMake module files
[1.091s] Level 1:colcon.colcon_core.environment:checking '/home/god/auto4508/project/install/p3at_description' for CMake config files
[1.092s] Level 1:colcon.colcon_core.shell:create_environment_hook('p3at_description', 'cmake_prefix_path')
[1.092s] INFO:colcon.colcon_core.shell:Creating environment hook '/home/god/auto4508/project/install/p3at_description/share/p3at_description/hook/cmake_prefix_path.ps1'
[1.093s] INFO:colcon.colcon_core.shell:Creating environment descriptor '/home/god/auto4508/project/install/p3at_description/share/p3at_description/hook/cmake_prefix_path.dsv'
[1.093s] INFO:colcon.colcon_core.shell:Creating environment hook '/home/god/auto4508/project/install/p3at_description/share/p3at_description/hook/cmake_prefix_path.sh'
[1.094s] Level 1:colcon.colcon_core.environment:checking '/home/god/auto4508/project/install/p3at_description/bin'
[1.094s] Level 1:colcon.colcon_core.environment:checking '/home/god/auto4508/project/install/p3at_description/lib/pkgconfig/p3at_description.pc'
[1.094s] Level 1:colcon.colcon_core.environment:checking '/home/god/auto4508/project/install/p3at_description/lib/python3.12/site-packages'
[1.094s] Level 1:colcon.colcon_core.environment:checking '/home/god/auto4508/project/install/p3at_description/bin'
[1.095s] INFO:colcon.colcon_core.shell:Creating package script '/home/god/auto4508/project/install/p3at_description/share/p3at_description/package.ps1'
[1.095s] INFO:colcon.colcon_core.shell:Creating package descriptor '/home/god/auto4508/project/install/p3at_description/share/p3at_description/package.dsv'
[1.096s] INFO:colcon.colcon_core.shell:Creating package script '/home/god/auto4508/project/install/p3at_description/share/p3at_description/package.sh'
[1.096s] INFO:colcon.colcon_core.shell:Creating package script '/home/god/auto4508/project/install/p3at_description/share/p3at_description/package.bash'
[1.097s] INFO:colcon.colcon_core.shell:Creating package script '/home/god/auto4508/project/install/p3at_description/share/p3at_description/package.zsh'
[1.097s] Level 1:colcon.colcon_core.environment:create_file_with_runtime_dependencies(/home/god/auto4508/project/install/p3at_description/share/colcon-core/packages/p3at_description)
[1.191s] DEBUG:colcon.colcon_core.event_handler.log_command:Invoked command in '/home/god/auto4508/project/build/p3at_nav_plugins' returned '0': CMAKE_PREFIX_PATH=${CMAKE_PREFIX_PATH}:/home/god/auto4508/project/install/p3at_bringup:/opt/ros/jazzy /usr/bin/cmake --build /home/god/auto4508/project/build/p3at_nav_plugins -- -j16 -l16
[1.204s] DEBUG:colcon.colcon_core.event_handler.log_command:Invoking command in '/home/god/auto4508/project/build/p3at_nav_plugins': CMAKE_PREFIX_PATH=${CMAKE_PREFIX_PATH}:/home/god/auto4508/project/install/p3at_bringup:/opt/ros/jazzy /usr/bin/cmake --install /home/god/auto4508/project/build/p3at_nav_plugins
[1.254s] Level 1:colcon.colcon_core.environment:create_environment_scripts_only(p3at_nav_plugins)
[1.255s] Level 1:colcon.colcon_core.environment:checking '/home/god/auto4508/project/install/p3at_nav_plugins' for CMake module files
[1.255s] DEBUG:colcon.colcon_core.event_handler.log_command:Invoked command in '/home/god/auto4508/project/build/p3at_nav_plugins' returned '0': CMAKE_PREFIX_PATH=${CMAKE_PREFIX_PATH}:/home/god/auto4508/project/install/p3at_bringup:/opt/ros/jazzy /usr/bin/cmake --install /home/god/auto4508/project/build/p3at_nav_plugins
[1.257s] Level 1:colcon.colcon_core.environment:checking '/home/god/auto4508/project/install/p3at_nav_plugins' for CMake config files
[1.258s] Level 1:colcon.colcon_core.shell:create_environment_hook('p3at_nav_plugins', 'cmake_prefix_path')
[1.259s] INFO:colcon.colcon_core.shell:Creating environment hook '/home/god/auto4508/project/install/p3at_nav_plugins/share/p3at_nav_plugins/hook/cmake_prefix_path.ps1'
[1.259s] INFO:colcon.colcon_core.shell:Creating environment descriptor '/home/god/auto4508/project/install/p3at_nav_plugins/share/p3at_nav_plugins/hook/cmake_prefix_path.dsv'
[1.260s] INFO:colcon.colcon_core.shell:Creating environment hook '/home/god/auto4508/project/install/p3at_nav_plugins/share/p3at_nav_plugins/hook/cmake_prefix_path.sh'
[1.260s] Level 1:colcon.colcon_core.environment:checking '/home/god/auto4508/project/install/p3at_nav_plugins/lib'
[1.261s] Level 1:colcon.colcon_core.shell:create_environment_hook('p3at_nav_plugins', 'ld_library_path_lib')
[1.261s] INFO:colcon.colcon_core.shell:Creating environment hook '/home/god/auto4508/project/install/p3at_nav_plugins/share/p3at_nav_plugins/hook/ld_library_path_lib.ps1'
[1.261s] INFO:colcon.colcon_core.shell:Creating environment descriptor '/home/god/auto4508/project/install/p3at_nav_plugins/share/p3at_nav_plugins/hook/ld_library_path_lib.dsv'
[1.262s] INFO:colcon.colcon_core.shell:Creating environment hook '/home/god/auto4508/project/install/p3at_nav_plugins/share/p3at_nav_plugins/hook/ld_library_path_lib.sh'
[1.263s] Level 1:colcon.colcon_core.environment:checking '/home/god/auto4508/project/install/p3at_nav_plugins/bin'
[1.263s] Level 1:colcon.colcon_core.environment:checking '/home/god/auto4508/project/install/p3at_nav_plugins/lib/pkgconfig/p3at_nav_plugins.pc'
[1.264s] Level 1:colcon.colcon_core.environment:checking '/home/god/auto4508/project/install/p3at_nav_plugins/lib/python3.12/site-packages'
[1.264s] Level 1:colcon.colcon_core.environment:checking '/home/god/auto4508/project/install/p3at_nav_plugins/bin'
[1.264s] INFO:colcon.colcon_core.shell:Creating package script '/home/god/auto4508/project/install/p3at_nav_plugins/share/p3at_nav_plugins/package.ps1'
[1.265s] INFO:colcon.colcon_core.shell:Creating package descriptor '/home/god/auto4508/project/install/p3at_nav_plugins/share/p3at_nav_plugins/package.dsv'
[1.265s] INFO:colcon.colcon_core.shell:Creating package script '/home/god/auto4508/project/install/p3at_nav_plugins/share/p3at_nav_plugins/package.sh'
[1.265s] INFO:colcon.colcon_core.shell:Creating package script '/home/god/auto4508/project/install/p3at_nav_plugins/share/p3at_nav_plugins/package.bash'
[1.266s] INFO:colcon.colcon_core.shell:Creating package script '/home/god/auto4508/project/install/p3at_nav_plugins/share/p3at_nav_plugins/package.zsh'
[1.266s] Level 1:colcon.colcon_core.environment:create_file_with_runtime_dependencies(/home/god/auto4508/project/install/p3at_nav_plugins/share/colcon-core/packages/p3at_nav_plugins)
[1.267s] Level 1:colcon.colcon_core.environment:create_environment_scripts_only(p3at_nav_plugins)
[1.267s] Level 1:colcon.colcon_core.environment:checking '/home/god/auto4508/project/install/p3at_nav_plugins' for CMake module files
[1.267s] Level 1:colcon.colcon_core.environment:checking '/home/god/auto4508/project/install/p3at_nav_plugins' for CMake config files
[1.267s] Level 1:colcon.colcon_core.shell:create_environment_hook('p3at_nav_plugins', 'cmake_prefix_path')
[1.268s] INFO:colcon.colcon_core.shell:Creating environment hook '/home/god/auto4508/project/install/p3at_nav_plugins/share/p3at_nav_plugins/hook/cmake_prefix_path.ps1'
[1.268s] INFO:colcon.colcon_core.shell:Creating environment descriptor '/home/god/auto4508/project/install/p3at_nav_plugins/share/p3at_nav_plugins/hook/cmake_prefix_path.dsv'
[1.268s] INFO:colcon.colcon_core.shell:Creating environment hook '/home/god/auto4508/project/install/p3at_nav_plugins/share/p3at_nav_plugins/hook/cmake_prefix_path.sh'
[1.269s] Level 1:colcon.colcon_core.environment:checking '/home/god/auto4508/project/install/p3at_nav_plugins/lib'
[1.269s] Level 1:colcon.colcon_core.shell:create_environment_hook('p3at_nav_plugins', 'ld_library_path_lib')
[1.269s] INFO:colcon.colcon_core.shell:Creating environment hook '/home/god/auto4508/project/install/p3at_nav_plugins/share/p3at_nav_plugins/hook/ld_library_path_lib.ps1'
[1.270s] INFO:colcon.colcon_core.shell:Creating environment descriptor '/home/god/auto4508/project/install/p3at_nav_plugins/share/p3at_nav_plugins/hook/ld_library_path_lib.dsv'
[1.270s] INFO:colcon.colcon_core.shell:Creating environment hook '/home/god/auto4508/project/install/p3at_nav_plugins/share/p3at_nav_plugins/hook/ld_library_path_lib.sh'
[1.270s] Level 1:colcon.colcon_core.environment:checking '/home/god/auto4508/project/install/p3at_nav_plugins/bin'
[1.271s] Level 1:colcon.colcon_core.environment:checking '/home/god/auto4508/project/install/p3at_nav_plugins/lib/pkgconfig/p3at_nav_plugins.pc'
[1.271s] Level 1:colcon.colcon_core.environment:checking '/home/god/auto4508/project/install/p3at_nav_plugins/lib/python3.12/site-packages'
[1.271s] Level 1:colcon.colcon_core.environment:checking '/home/god/auto4508/project/install/p3at_nav_plugins/bin'
[1.271s] INFO:colcon.colcon_core.shell:Creating package script '/home/god/auto4508/project/install/p3at_nav_plugins/share/p3at_nav_plugins/package.ps1'
[1.271s] INFO:colcon.colcon_core.shell:Creating package descriptor '/home/god/auto4508/project/install/p3at_nav_plugins/share/p3at_nav_plugins/package.dsv'
[1.272s] INFO:colcon.colcon_core.shell:Creating package script '/home/god/auto4508/project/install/p3at_nav_plugins/share/p3at_nav_plugins/package.sh'
[1.272s] INFO:colcon.colcon_core.shell:Creating package script '/home/god/auto4508/project/install/p3at_nav_plugins/share/p3at_nav_plugins/package.bash'
[1.273s] INFO:colcon.colcon_core.shell:Creating package script '/home/god/auto4508/project/install/p3at_nav_plugins/share/p3at_nav_plugins/package.zsh'
[1.273s] Level 1:colcon.colcon_core.environment:create_file_with_runtime_dependencies(/home/god/auto4508/project/install/p3at_nav_plugins/share/colcon-core/packages/p3at_nav_plugins)
[1.273s] INFO:colcon.colcon_ros.task.ament_python.build:Building ROS package in '/home/god/auto4508/project/src/p3at_bringup' with build type 'ament_python'
[1.274s] Level 1:colcon.colcon_core.shell:create_environment_hook('p3at_bringup', 'ament_prefix_path')
[1.275s] INFO:colcon.colcon_core.shell:Creating environment hook '/home/god/auto4508/project/install/p3at_bringup/share/p3at_bringup/hook/ament_prefix_path.ps1'
[1.276s] INFO:colcon.colcon_core.shell:Creating environment descriptor '/home/god/auto4508/project/install/p3at_bringup/share/p3at_bringup/hook/ament_prefix_path.dsv'
[1.276s] INFO:colcon.colcon_core.shell:Creating environment hook '/home/god/auto4508/project/install/p3at_bringup/share/p3at_bringup/hook/ament_prefix_path.sh'
[1.276s] INFO:colcon.colcon_core.shell:Skip shell extension 'powershell' for command environment: Not usable outside of PowerShell
[1.277s] DEBUG:colcon.colcon_core.shell:Skip shell extension 'dsv' for command environment
[1.816s] INFO:colcon.colcon_core.task.python.build:Building Python package in '/home/god/auto4508/project/src/p3at_bringup'
[1.816s] INFO:colcon.colcon_core.shell:Skip shell extension 'powershell' for command environment: Not usable outside of PowerShell
[1.816s] DEBUG:colcon.colcon_core.shell:Skip shell extension 'dsv' for command environment
[3.189s] DEBUG:colcon.colcon_core.event_handler.log_command:Invoking command in '/home/god/auto4508/project/build/p3at_bringup': LD_LIBRARY_PATH=/home/god/auto4508/project/install/p3at_nav_plugins/lib:/opt/ros/jazzy/opt/gz_sim_vendor/lib:/opt/ros/jazzy/opt/gz_sensors_vendor/lib:/opt/ros/jazzy/opt/gz_physics_vendor/lib:/opt/ros/jazzy/opt/sdformat_vendor/lib:/opt/ros/jazzy/opt/rviz_ogre_vendor/lib:/opt/ros/jazzy/lib/x86_64-linux-gnu:/opt/ros/jazzy/opt/gz_gui_vendor/lib:/opt/ros/jazzy/opt/gz_transport_vendor/lib:/opt/ros/jazzy/opt/gz_rendering_vendor/lib:/opt/ros/jazzy/opt/gz_plugin_vendor/lib:/opt/ros/jazzy/opt/gz_fuel_tools_vendor/lib:/opt/ros/jazzy/opt/gz_msgs_vendor/lib:/opt/ros/jazzy/opt/gz_common_vendor/lib:/opt/ros/jazzy/opt/gz_math_vendor/lib:/opt/ros/jazzy/opt/gz_utils_vendor/lib:/opt/ros/jazzy/opt/gz_tools_vendor/lib:/opt/ros/jazzy/opt/gz_ogre_next_vendor/lib:/opt/ros/jazzy/opt/gz_dartsim_vendor/lib:/opt/ros/jazzy/opt/gz_cmake_vendor/lib:/opt/ros/jazzy/lib:/home/god/.local/lib PYTHONPATH=/home/god/auto4508/project/build/p3at_bringup/prefix_override:/usr/lib/python3/dist-packages/colcon_core/task/python/colcon_distutils_commands:/home/god/auto4508/project/install/p3at_bringup/lib/python3.12/site-packages:${PYTHONPATH} /usr/bin/python3 -W ignore:setup.py install is deprecated -W ignore:easy_install command is deprecated setup.py develop --editable --build-directory /home/god/auto4508/project/build/p3at_bringup/build --no-deps symlink_data
[3.740s] Level 1:colcon.colcon_core.shell:create_environment_hook('p3at_bringup', 'pythonpath_develop')
[3.740s] INFO:colcon.colcon_core.shell:Creating environment hook '/home/god/auto4508/project/build/p3at_bringup/share/p3at_bringup/hook/pythonpath_develop.ps1'
[3.741s] DEBUG:colcon.colcon_core.event_handler.log_command:Invoked command in '/home/god/auto4508/project/build/p3at_bringup' returned '0': LD_LIBRARY_PATH=/home/god/auto4508/project/install/p3at_nav_plugins/lib:/opt/ros/jazzy/opt/gz_sim_vendor/lib:/opt/ros/jazzy/opt/gz_sensors_vendor/lib:/opt/ros/jazzy/opt/gz_physics_vendor/lib:/opt/ros/jazzy/opt/sdformat_vendor/lib:/opt/ros/jazzy/opt/rviz_ogre_vendor/lib:/opt/ros/jazzy/lib/x86_64-linux-gnu:/opt/ros/jazzy/opt/gz_gui_vendor/lib:/opt/ros/jazzy/opt/gz_transport_vendor/lib:/opt/ros/jazzy/opt/gz_rendering_vendor/lib:/opt/ros/jazzy/opt/gz_plugin_vendor/lib:/opt/ros/jazzy/opt/gz_fuel_tools_vendor/lib:/opt/ros/jazzy/opt/gz_msgs_vendor/lib:/opt/ros/jazzy/opt/gz_common_vendor/lib:/opt/ros/jazzy/opt/gz_math_vendor/lib:/opt/ros/jazzy/opt/gz_utils_vendor/lib:/opt/ros/jazzy/opt/gz_tools_vendor/lib:/opt/ros/jazzy/opt/gz_ogre_next_vendor/lib:/opt/ros/jazzy/opt/gz_dartsim_vendor/lib:/opt/ros/jazzy/opt/gz_cmake_vendor/lib:/opt/ros/jazzy/lib:/home/god/.local/lib PYTHONPATH=/home/god/auto4508/project/build/p3at_bringup/prefix_override:/usr/lib/python3/dist-packages/colcon_core/task/python/colcon_distutils_commands:/home/god/auto4508/project/install/p3at_bringup/lib/python3.12/site-packages:${PYTHONPATH} /usr/bin/python3 -W ignore:setup.py install is deprecated -W ignore:easy_install command is deprecated setup.py develop --editable --build-directory /home/god/auto4508/project/build/p3at_bringup/build --no-deps symlink_data
[3.742s] INFO:colcon.colcon_core.shell:Creating environment descriptor '/home/god/auto4508/project/build/p3at_bringup/share/p3at_bringup/hook/pythonpath_develop.dsv'
[3.742s] INFO:colcon.colcon_core.shell:Creating environment hook '/home/god/auto4508/project/build/p3at_bringup/share/p3at_bringup/hook/pythonpath_develop.sh'
[3.743s] Level 1:colcon.colcon_core.environment:checking '/home/god/auto4508/project/install/p3at_bringup' for CMake module files
[3.744s] Level 1:colcon.colcon_core.environment:checking '/home/god/auto4508/project/install/p3at_bringup' for CMake config files
[3.750s] Level 1:colcon.colcon_core.environment:checking '/home/god/auto4508/project/install/p3at_bringup/lib'
[3.750s] Level 1:colcon.colcon_core.environment:checking '/home/god/auto4508/project/install/p3at_bringup/bin'
[3.750s] Level 1:colcon.colcon_core.environment:checking '/home/god/auto4508/project/install/p3at_bringup/lib/pkgconfig/p3at_bringup.pc'
[3.750s] Level 1:colcon.colcon_core.environment:checking '/home/god/auto4508/project/install/p3at_bringup/lib/python3.12/site-packages'
[3.750s] Level 1:colcon.colcon_core.shell:create_environment_hook('p3at_bringup', 'pythonpath')
[3.750s] INFO:colcon.colcon_core.shell:Creating environment hook '/home/god/auto4508/project/install/p3at_bringup/share/p3at_bringup/hook/pythonpath.ps1'
[3.751s] INFO:colcon.colcon_core.shell:Creating environment descriptor '/home/god/auto4508/project/install/p3at_bringup/share/p3at_bringup/hook/pythonpath.dsv'
[3.751s] INFO:colcon.colcon_core.shell:Creating environment hook '/home/god/auto4508/project/install/p3at_bringup/share/p3at_bringup/hook/pythonpath.sh'
[3.752s] Level 1:colcon.colcon_core.environment:checking '/home/god/auto4508/project/install/p3at_bringup/bin'
[3.752s] Level 1:colcon.colcon_core.environment:create_environment_scripts_only(p3at_bringup)
[3.752s] INFO:colcon.colcon_core.shell:Creating package script '/home/god/auto4508/project/install/p3at_bringup/share/p3at_bringup/package.ps1'
[3.752s] INFO:colcon.colcon_core.shell:Creating package descriptor '/home/god/auto4508/project/install/p3at_bringup/share/p3at_bringup/package.dsv'
[3.753s] INFO:colcon.colcon_core.shell:Creating package script '/home/god/auto4508/project/install/p3at_bringup/share/p3at_bringup/package.sh'
[3.753s] INFO:colcon.colcon_core.shell:Creating package script '/home/god/auto4508/project/install/p3at_bringup/share/p3at_bringup/package.bash'
[3.754s] INFO:colcon.colcon_core.shell:Creating package script '/home/god/auto4508/project/install/p3at_bringup/share/p3at_bringup/package.zsh'
[3.754s] Level 1:colcon.colcon_core.environment:create_file_with_runtime_dependencies(/home/god/auto4508/project/install/p3at_bringup/share/colcon-core/packages/p3at_bringup)
[3.754s] DEBUG:colcon.colcon_parallel_executor.executor.parallel:closing loop
[3.755s] DEBUG:colcon.colcon_parallel_executor.executor.parallel:loop closed
[3.756s] DEBUG:colcon.colcon_parallel_executor.executor.parallel:run_until_complete finished with '0'
[3.756s] DEBUG:colcon.colcon_core.event_reactor:joining thread
[3.865s] INFO:colcon.colcon_core.plugin_system:Skipping extension 'colcon_notification.desktop_notification.notify_send': Could not find 'notify-send'
[3.865s] INFO:colcon.colcon_core.plugin_system:Skipping extension 'colcon_notification.desktop_notification.terminal_notifier': Not used on non-Darwin systems
[3.865s] INFO:colcon.colcon_core.plugin_system:Skipping extension 'colcon_notification.desktop_notification.win32': Not used on non-Windows systems
[3.865s] INFO:colcon.colcon_notification.desktop_notification:Sending desktop notification using 'notify2'
[3.870s] DEBUG:colcon.colcon_notification.desktop_notification.notify2:Failed to initialize notify2: org.freedesktop.DBus.Error.ServiceUnknown: The name org.freedesktop.Notifications was not provided by any .service files
[3.870s] DEBUG:colcon.colcon_core.event_reactor:joined thread
[3.871s] INFO:colcon.colcon_core.shell:Creating prefix script '/home/god/auto4508/project/install/local_setup.ps1'
[3.872s] INFO:colcon.colcon_core.shell:Creating prefix util module '/home/god/auto4508/project/install/_local_setup_util_ps1.py'
[3.874s] INFO:colcon.colcon_core.shell:Creating prefix chain script '/home/god/auto4508/project/install/setup.ps1'
[3.876s] INFO:colcon.colcon_core.shell:Creating prefix script '/home/god/auto4508/project/install/local_setup.sh'
[3.877s] INFO:colcon.colcon_core.shell:Creating prefix util module '/home/god/auto4508/project/install/_local_setup_util_sh.py'
[3.877s] INFO:colcon.colcon_core.shell:Creating prefix chain script '/home/god/auto4508/project/install/setup.sh'
[3.879s] INFO:colcon.colcon_core.shell:Creating prefix script '/home/god/auto4508/project/install/local_setup.bash'
[3.881s] INFO:colcon.colcon_core.shell:Creating prefix chain script '/home/god/auto4508/project/install/setup.bash'
[3.883s] INFO:colcon.colcon_core.shell:Creating prefix script '/home/god/auto4508/project/install/local_setup.zsh'
[3.884s] INFO:colcon.colcon_core.shell:Creating prefix chain script '/home/god/auto4508/project/install/setup.zsh'
