[1.579s] Invoking command in '/home/god/auto4508/project/build/p3at_bringup': AMENT_PREFIX_PATH=/home/god/auto4508/project/install/p3at_nav_plugins:/home/god/auto4508/project/install/p3at_description:${AMENT_PREFIX_PATH} CMAKE_PREFIX_PATH=/home/god/auto4508/project/install/p3at_nav_plugins:/home/god/auto4508/project/install/p3at_description:${CMAKE_PREFIX_PATH} LD_LIBRARY_PATH=/home/god/auto4508/project/install/p3at_nav_plugins/lib:${LD_LIBRARY_PATH} PYTHONPATH=/home/god/auto4508/project/build/p3at_bringup/prefix_override:/usr/lib/python3/dist-packages/colcon_core/task/python/colcon_distutils_commands:/home/god/auto4508/project/install/p3at_bringup/lib/python3.12/site-packages:${PYTHONPATH} /usr/bin/python3 -W ignore:setup.py install is deprecated -W ignore:easy_install command is deprecated setup.py develop --editable --build-directory /home/god/auto4508/project/build/p3at_bringup/build --no-deps symlink_data
[1.839s] running develop
[2.001s] running egg_info
[2.014s] writing p3at_bringup.egg-info/PKG-INFO
[2.015s] writing dependency_links to p3at_bringup.egg-info/dependency_links.txt
[2.016s] writing entry points to p3at_bringup.egg-info/entry_points.txt
[2.016s] writing requirements to p3at_bringup.egg-info/requires.txt
[2.016s] writing top-level names to p3at_bringup.egg-info/top_level.txt
[2.048s] reading manifest file 'p3at_bringup.egg-info/SOURCES.txt'
[2.049s] writing manifest file 'p3at_bringup.egg-info/SOURCES.txt'
[2.067s] running build_ext
[2.067s] Creating /home/god/auto4508/project/install/p3at_bringup/lib/python3.12/site-packages/p3at-bringup.egg-link (link to .)
[2.067s] Installing clock_sanitizer script to /home/god/auto4508/project/install/p3at_bringup/lib/p3at_bringup
[2.069s] Installing fake_gps_node script to /home/god/auto4508/project/install/p3at_bringup/lib/p3at_bringup
[2.069s] Installing gps_health_monitor script to /home/god/auto4508/project/install/p3at_bringup/lib/p3at_bringup
[2.069s] Installing joint_state_sanitizer script to /home/god/auto4508/project/install/p3at_bringup/lib/p3at_bringup
[2.070s] Installing mission_manager script to /home/god/auto4508/project/install/p3at_bringup/lib/p3at_bringup
[2.071s] Installing mission_orchestrator script to /home/god/auto4508/project/install/p3at_bringup/lib/p3at_bringup
[2.071s] Installing odom_sanitizer script to /home/god/auto4508/project/install/p3at_bringup/lib/p3at_bringup
[2.072s] Installing path_recorder script to /home/god/auto4508/project/install/p3at_bringup/lib/p3at_bringup
[2.073s] 
[2.073s] Installed /home/god/auto4508/project/build/p3at_bringup
[2.073s] running symlink_data
[2.074s] symbolically linking /home/god/auto4508/project/build/p3at_bringup/launch/real.launch.py -> /home/god/auto4508/project/install/p3at_bringup/share/p3at_bringup/launch
[2.075s] symbolically linking /home/god/auto4508/project/build/p3at_bringup/config/ekf_local.yaml -> /home/god/auto4508/project/install/p3at_bringup/share/p3at_bringup/config
[2.076s] symbolically linking /home/god/auto4508/project/build/p3at_bringup/config/ekf_global.yaml -> /home/god/auto4508/project/install/p3at_bringup/share/p3at_bringup/config
[2.076s] symbolically linking /home/god/auto4508/project/build/p3at_bringup/config/navsat_transform.yaml -> /home/god/auto4508/project/install/p3at_bringup/share/p3at_bringup/config
[2.077s] symbolically linking /home/god/auto4508/project/build/p3at_bringup/config/nav2_part2.yaml -> /home/god/auto4508/project/install/p3at_bringup/share/p3at_bringup/config
[2.078s] symbolically linking /home/god/auto4508/project/build/p3at_bringup/config/waypoints_gps.yaml -> /home/god/auto4508/project/install/p3at_bringup/share/p3at_bringup/config
[2.079s] symbolically linking /home/god/auto4508/project/build/p3at_bringup/config/mission_policy.yaml -> /home/god/auto4508/project/install/p3at_bringup/share/p3at_bringup/config
[2.079s] symbolically linking /home/god/auto4508/project/build/p3at_bringup/config/mission_bounds.yaml -> /home/god/auto4508/project/install/p3at_bringup/share/p3at_bringup/config
[2.119s] Invoked command in '/home/god/auto4508/project/build/p3at_bringup' returned '0': AMENT_PREFIX_PATH=/home/god/auto4508/project/install/p3at_nav_plugins:/home/god/auto4508/project/install/p3at_description:${AMENT_PREFIX_PATH} CMAKE_PREFIX_PATH=/home/god/auto4508/project/install/p3at_nav_plugins:/home/god/auto4508/project/install/p3at_description:${CMAKE_PREFIX_PATH} LD_LIBRARY_PATH=/home/god/auto4508/project/install/p3at_nav_plugins/lib:${LD_LIBRARY_PATH} PYTHONPATH=/home/god/auto4508/project/build/p3at_bringup/prefix_override:/usr/lib/python3/dist-packages/colcon_core/task/python/colcon_distutils_commands:/home/god/auto4508/project/install/p3at_bringup/lib/python3.12/site-packages:${PYTHONPATH} /usr/bin/python3 -W ignore:setup.py install is deprecated -W ignore:easy_install command is deprecated setup.py develop --editable --build-directory /home/god/auto4508/project/build/p3at_bringup/build --no-deps symlink_data
