[0.262s] DEBUG:colcon:Command line arguments: ['/usr/bin/colcon', 'build', '--symlink-install']
[0.262s] DEBUG:colcon:Parsed command line arguments: Namespace(log_base=None, log_level=None, verb_name='build', build_base='build', install_base='install', merge_install=False, symlink_install=True, test_result_base=None, continue_on_error=False, executor='parallel', parallel_workers=16, event_handlers=None, ignore_user_meta=False, metas=['./colcon.meta'], base_paths=['.'], packages_ignore=None, packages_ignore_regex=None, paths=None, packages_up_to=None, packages_up_to_regex=None, packages_above=None, packages_above_and_dependencies=None, packages_above_depth=None, packages_select_by_dep=None, packages_skip_by_dep=None, packages_skip_up_to=None, packages_select_build_failed=False, packages_skip_build_finished=False, packages_select_test_failures=False, packages_skip_test_passed=False, packages_select=None, packages_skip=None, packages_select_regex=None, packages_skip_regex=None, packages_start=None, packages_end=None, allow_overriding=[], cmake_args=None, cmake_target=None, cmake_target_skip_unavailable=False, cmake_clean_cache=False, cmake_clean_first=False, cmake_force_configure=False, ament_cmake_args=None, catkin_cmake_args=None, catkin_skip_building_tests=False, mixin_files=None, mixin=None, verb_parser=<colcon_mixin.mixin.mixin_argument.MixinArgumentDecorator object at 0x78c1a76938f0>, verb_extension=<colcon_core.verb.build.BuildVerb object at 0x78c1a76936b0>, main=<bound method BuildVerb.main of <colcon_core.verb.build.BuildVerb object at 0x78c1a76936b0>>, mixin_verb=('build',))
[0.302s] Level 1:colcon.colcon_core.package_discovery:discover_packages(colcon_meta) check parameters
[0.302s] Level 1:colcon.colcon_core.package_discovery:discover_packages(recursive) check parameters
[0.302s] Level 1:colcon.colcon_core.package_discovery:discover_packages(ignore) check parameters
[0.302s] Level 1:colcon.colcon_core.package_discovery:discover_packages(path) check parameters
[0.302s] Level 1:colcon.colcon_core.package_discovery:discover_packages(colcon_meta) discover
[0.302s] Level 1:colcon.colcon_core.package_discovery:discover_packages(recursive) discover
[0.302s] INFO:colcon.colcon_core.package_discovery:Crawling recursively for packages in '/home/god/auto4508/project'
[0.302s] Level 1:colcon.colcon_core.package_identification:_identify(.) by extensions ['ignore', 'ignore_ament_install']
[0.302s] Level 1:colcon.colcon_core.package_identification:_identify(.) by extension 'ignore'
[0.303s] Level 1:colcon.colcon_core.package_identification:_identify(.) by extension 'ignore_ament_install'
[0.303s] Level 1:colcon.colcon_core.package_identification:_identify(.) by extensions ['colcon_pkg']
[0.303s] Level 1:colcon.colcon_core.package_identification:_identify(.) by extension 'colcon_pkg'
[0.303s] Level 1:colcon.colcon_core.package_identification:_identify(.) by extensions ['colcon_meta']
[0.303s] Level 1:colcon.colcon_core.package_identification:_identify(.) by extension 'colcon_meta'
[0.303s] Level 1:colcon.colcon_core.package_identification:_identify(.) by extensions ['ros']
[0.303s] Level 1:colcon.colcon_core.package_identification:_identify(.) by extension 'ros'
[0.325s] Level 1:colcon.colcon_core.package_identification:_identify(.) by extensions ['cmake', 'python']
[0.325s] Level 1:colcon.colcon_core.package_identification:_identify(.) by extension 'cmake'
[0.325s] Level 1:colcon.colcon_core.package_identification:_identify(.) by extension 'python'
[0.325s] Level 1:colcon.colcon_core.package_identification:_identify(.) by extensions ['python_setup_py']
[0.325s] Level 1:colcon.colcon_core.package_identification:_identify(.) by extension 'python_setup_py'
[0.325s] Level 1:colcon.colcon_core.package_identification:_identify(Resources) by extensions ['ignore', 'ignore_ament_install']
[0.325s] Level 1:colcon.colcon_core.package_identification:_identify(Resources) by extension 'ignore'
[0.325s] Level 1:colcon.colcon_core.package_identification:_identify(Resources) by extension 'ignore_ament_install'
[0.325s] Level 1:colcon.colcon_core.package_identification:_identify(Resources) by extensions ['colcon_pkg']
[0.326s] Level 1:colcon.colcon_core.package_identification:_identify(Resources) by extension 'colcon_pkg'
[0.326s] Level 1:colcon.colcon_core.package_identification:_identify(Resources) by extensions ['colcon_meta']
[0.326s] Level 1:colcon.colcon_core.package_identification:_identify(Resources) by extension 'colcon_meta'
[0.326s] Level 1:colcon.colcon_core.package_identification:_identify(Resources) by extensions ['ros']
[0.326s] Level 1:colcon.colcon_core.package_identification:_identify(Resources) by extension 'ros'
[0.326s] Level 1:colcon.colcon_core.package_identification:_identify(Resources) by extensions ['cmake', 'python']
[0.326s] Level 1:colcon.colcon_core.package_identification:_identify(Resources) by extension 'cmake'
[0.326s] Level 1:colcon.colcon_core.package_identification:_identify(Resources) by extension 'python'
[0.326s] Level 1:colcon.colcon_core.package_identification:_identify(Resources) by extensions ['python_setup_py']
[0.326s] Level 1:colcon.colcon_core.package_identification:_identify(Resources) by extension 'python_setup_py'
[0.326s] Level 1:colcon.colcon_core.package_identification:_identify(Resources/launch) by extensions ['ignore', 'ignore_ament_install']
[0.326s] Level 1:colcon.colcon_core.package_identification:_identify(Resources/launch) by extension 'ignore'
[0.326s] Level 1:colcon.colcon_core.package_identification:_identify(Resources/launch) by extension 'ignore_ament_install'
[0.326s] Level 1:colcon.colcon_core.package_identification:_identify(Resources/launch) by extensions ['colcon_pkg']
[0.326s] Level 1:colcon.colcon_core.package_identification:_identify(Resources/launch) by extension 'colcon_pkg'
[0.326s] Level 1:colcon.colcon_core.package_identification:_identify(Resources/launch) by extensions ['colcon_meta']
[0.326s] Level 1:colcon.colcon_core.package_identification:_identify(Resources/launch) by extension 'colcon_meta'
[0.326s] Level 1:colcon.colcon_core.package_identification:_identify(Resources/launch) by extensions ['ros']
[0.326s] Level 1:colcon.colcon_core.package_identification:_identify(Resources/launch) by extension 'ros'
[0.326s] Level 1:colcon.colcon_core.package_identification:_identify(Resources/launch) by extensions ['cmake', 'python']
[0.326s] Level 1:colcon.colcon_core.package_identification:_identify(Resources/launch) by extension 'cmake'
[0.327s] Level 1:colcon.colcon_core.package_identification:_identify(Resources/launch) by extension 'python'
[0.327s] Level 1:colcon.colcon_core.package_identification:_identify(Resources/launch) by extensions ['python_setup_py']
[0.327s] Level 1:colcon.colcon_core.package_identification:_identify(Resources/launch) by extension 'python_setup_py'
[0.327s] Level 1:colcon.colcon_core.package_identification:_identify(Resources/meshes) by extensions ['ignore', 'ignore_ament_install']
[0.327s] Level 1:colcon.colcon_core.package_identification:_identify(Resources/meshes) by extension 'ignore'
[0.327s] Level 1:colcon.colcon_core.package_identification:_identify(Resources/meshes) by extension 'ignore_ament_install'
[0.327s] Level 1:colcon.colcon_core.package_identification:_identify(Resources/meshes) by extensions ['colcon_pkg']
[0.327s] Level 1:colcon.colcon_core.package_identification:_identify(Resources/meshes) by extension 'colcon_pkg'
[0.327s] Level 1:colcon.colcon_core.package_identification:_identify(Resources/meshes) by extensions ['colcon_meta']
[0.327s] Level 1:colcon.colcon_core.package_identification:_identify(Resources/meshes) by extension 'colcon_meta'
[0.327s] Level 1:colcon.colcon_core.package_identification:_identify(Resources/meshes) by extensions ['ros']
[0.327s] Level 1:colcon.colcon_core.package_identification:_identify(Resources/meshes) by extension 'ros'
[0.327s] Level 1:colcon.colcon_core.package_identification:_identify(Resources/meshes) by extensions ['cmake', 'python']
[0.327s] Level 1:colcon.colcon_core.package_identification:_identify(Resources/meshes) by extension 'cmake'
[0.327s] Level 1:colcon.colcon_core.package_identification:_identify(Resources/meshes) by extension 'python'
[0.327s] Level 1:colcon.colcon_core.package_identification:_identify(Resources/meshes) by extensions ['python_setup_py']
[0.327s] Level 1:colcon.colcon_core.package_identification:_identify(Resources/meshes) by extension 'python_setup_py'
[0.327s] Level 1:colcon.colcon_core.package_identification:_identify(Resources/meshes/p3at_meshes) by extensions ['ignore', 'ignore_ament_install']
[0.328s] Level 1:colcon.colcon_core.package_identification:_identify(Resources/meshes/p3at_meshes) by extension 'ignore'
[0.328s] Level 1:colcon.colcon_core.package_identification:_identify(Resources/meshes/p3at_meshes) by extension 'ignore_ament_install'
[0.328s] Level 1:colcon.colcon_core.package_identification:_identify(Resources/meshes/p3at_meshes) by extensions ['colcon_pkg']
[0.328s] Level 1:colcon.colcon_core.package_identification:_identify(Resources/meshes/p3at_meshes) by extension 'colcon_pkg'
[0.328s] Level 1:colcon.colcon_core.package_identification:_identify(Resources/meshes/p3at_meshes) by extensions ['colcon_meta']
[0.328s] Level 1:colcon.colcon_core.package_identification:_identify(Resources/meshes/p3at_meshes) by extension 'colcon_meta'
[0.328s] Level 1:colcon.colcon_core.package_identification:_identify(Resources/meshes/p3at_meshes) by extensions ['ros']
[0.328s] Level 1:colcon.colcon_core.package_identification:_identify(Resources/meshes/p3at_meshes) by extension 'ros'
[0.328s] Level 1:colcon.colcon_core.package_identification:_identify(Resources/meshes/p3at_meshes) by extensions ['cmake', 'python']
[0.328s] Level 1:colcon.colcon_core.package_identification:_identify(Resources/meshes/p3at_meshes) by extension 'cmake'
[0.328s] Level 1:colcon.colcon_core.package_identification:_identify(Resources/meshes/p3at_meshes) by extension 'python'
[0.328s] Level 1:colcon.colcon_core.package_identification:_identify(Resources/meshes/p3at_meshes) by extensions ['python_setup_py']
[0.328s] Level 1:colcon.colcon_core.package_identification:_identify(Resources/meshes/p3at_meshes) by extension 'python_setup_py'
[0.328s] Level 1:colcon.colcon_core.package_identification:_identify(Resources/robots) by extensions ['ignore', 'ignore_ament_install']
[0.328s] Level 1:colcon.colcon_core.package_identification:_identify(Resources/robots) by extension 'ignore'
[0.328s] Level 1:colcon.colcon_core.package_identification:_identify(Resources/robots) by extension 'ignore_ament_install'
[0.328s] Level 1:colcon.colcon_core.package_identification:_identify(Resources/robots) by extensions ['colcon_pkg']
[0.329s] Level 1:colcon.colcon_core.package_identification:_identify(Resources/robots) by extension 'colcon_pkg'
[0.329s] Level 1:colcon.colcon_core.package_identification:_identify(Resources/robots) by extensions ['colcon_meta']
[0.329s] Level 1:colcon.colcon_core.package_identification:_identify(Resources/robots) by extension 'colcon_meta'
[0.329s] Level 1:colcon.colcon_core.package_identification:_identify(Resources/robots) by extensions ['ros']
[0.329s] Level 1:colcon.colcon_core.package_identification:_identify(Resources/robots) by extension 'ros'
[0.329s] Level 1:colcon.colcon_core.package_identification:_identify(Resources/robots) by extensions ['cmake', 'python']
[0.329s] Level 1:colcon.colcon_core.package_identification:_identify(Resources/robots) by extension 'cmake'
[0.329s] Level 1:colcon.colcon_core.package_identification:_identify(Resources/robots) by extension 'python'
[0.329s] Level 1:colcon.colcon_core.package_identification:_identify(Resources/robots) by extensions ['python_setup_py']
[0.329s] Level 1:colcon.colcon_core.package_identification:_identify(Resources/robots) by extension 'python_setup_py'
[0.329s] Level 1:colcon.colcon_core.package_identification:_identify(Resources/worlds) by extensions ['ignore', 'ignore_ament_install']
[0.329s] Level 1:colcon.colcon_core.package_identification:_identify(Resources/worlds) by extension 'ignore'
[0.329s] Level 1:colcon.colcon_core.package_identification:_identify(Resources/worlds) by extension 'ignore_ament_install'
[0.329s] Level 1:colcon.colcon_core.package_identification:_identify(Resources/worlds) by extensions ['colcon_pkg']
[0.329s] Level 1:colcon.colcon_core.package_identification:_identify(Resources/worlds) by extension 'colcon_pkg'
[0.329s] Level 1:colcon.colcon_core.package_identification:_identify(Resources/worlds) by extensions ['colcon_meta']
[0.329s] Level 1:colcon.colcon_core.package_identification:_identify(Resources/worlds) by extension 'colcon_meta'
[0.329s] Level 1:colcon.colcon_core.package_identification:_identify(Resources/worlds) by extensions ['ros']
[0.329s] Level 1:colcon.colcon_core.package_identification:_identify(Resources/worlds) by extension 'ros'
[0.329s] Level 1:colcon.colcon_core.package_identification:_identify(Resources/worlds) by extensions ['cmake', 'python']
[0.330s] Level 1:colcon.colcon_core.package_identification:_identify(Resources/worlds) by extension 'cmake'
[0.330s] Level 1:colcon.colcon_core.package_identification:_identify(Resources/worlds) by extension 'python'
[0.330s] Level 1:colcon.colcon_core.package_identification:_identify(Resources/worlds) by extensions ['python_setup_py']
[0.330s] Level 1:colcon.colcon_core.package_identification:_identify(Resources/worlds) by extension 'python_setup_py'
[0.330s] Level 1:colcon.colcon_core.package_identification:_identify(build) by extensions ['ignore', 'ignore_ament_install']
[0.330s] Level 1:colcon.colcon_core.package_identification:_identify(build) by extension 'ignore'
[0.330s] Level 1:colcon.colcon_core.package_identification:_identify(build) ignored
[0.330s] Level 1:colcon.colcon_core.package_identification:_identify(install) by extensions ['ignore', 'ignore_ament_install']
[0.330s] Level 1:colcon.colcon_core.package_identification:_identify(install) by extension 'ignore'
[0.330s] Level 1:colcon.colcon_core.package_identification:_identify(install) ignored
[0.330s] Level 1:colcon.colcon_core.package_identification:_identify(log) by extensions ['ignore', 'ignore_ament_install']
[0.330s] Level 1:colcon.colcon_core.package_identification:_identify(log) by extension 'ignore'
[0.331s] Level 1:colcon.colcon_core.package_identification:_identify(log) ignored
[0.331s] Level 1:colcon.colcon_core.package_identification:_identify(src) by extensions ['ignore', 'ignore_ament_install']
[0.331s] Level 1:colcon.colcon_core.package_identification:_identify(src) by extension 'ignore'
[0.331s] Level 1:colcon.colcon_core.package_identification:_identify(src) by extension 'ignore_ament_install'
[0.331s] Level 1:colcon.colcon_core.package_identification:_identify(src) by extensions ['colcon_pkg']
[0.331s] Level 1:colcon.colcon_core.package_identification:_identify(src) by extension 'colcon_pkg'
[0.331s] Level 1:colcon.colcon_core.package_identification:_identify(src) by extensions ['colcon_meta']
[0.331s] Level 1:colcon.colcon_core.package_identification:_identify(src) by extension 'colcon_meta'
[0.331s] Level 1:colcon.colcon_core.package_identification:_identify(src) by extensions ['ros']
[0.331s] Level 1:colcon.colcon_core.package_identification:_identify(src) by extension 'ros'
[0.331s] Level 1:colcon.colcon_core.package_identification:_identify(src) by extensions ['cmake', 'python']
[0.331s] Level 1:colcon.colcon_core.package_identification:_identify(src) by extension 'cmake'
[0.331s] Level 1:colcon.colcon_core.package_identification:_identify(src) by extension 'python'
[0.331s] Level 1:colcon.colcon_core.package_identification:_identify(src) by extensions ['python_setup_py']
[0.331s] Level 1:colcon.colcon_core.package_identification:_identify(src) by extension 'python_setup_py'
[0.331s] Level 1:colcon.colcon_core.package_identification:_identify(src/p3at_bringup) by extensions ['ignore', 'ignore_ament_install']
[0.331s] Level 1:colcon.colcon_core.package_identification:_identify(src/p3at_bringup) by extension 'ignore'
[0.331s] Level 1:colcon.colcon_core.package_identification:_identify(src/p3at_bringup) by extension 'ignore_ament_install'
[0.331s] Level 1:colcon.colcon_core.package_identification:_identify(src/p3at_bringup) by extensions ['colcon_pkg']
[0.332s] Level 1:colcon.colcon_core.package_identification:_identify(src/p3at_bringup) by extension 'colcon_pkg'
[0.332s] Level 1:colcon.colcon_core.package_identification:_identify(src/p3at_bringup) by extensions ['colcon_meta']
[0.332s] Level 1:colcon.colcon_core.package_identification:_identify(src/p3at_bringup) by extension 'colcon_meta'
[0.332s] Level 1:colcon.colcon_core.package_identification:_identify(src/p3at_bringup) by extensions ['ros']
[0.332s] Level 1:colcon.colcon_core.package_identification:_identify(src/p3at_bringup) by extension 'ros'
[0.335s] DEBUG:colcon.colcon_core.package_identification:Package 'src/p3at_bringup' with type 'ros.ament_python' and name 'p3at_bringup'
[0.336s] Level 1:colcon.colcon_core.package_identification:_identify(src/p3at_description) by extensions ['ignore', 'ignore_ament_install']
[0.336s] Level 1:colcon.colcon_core.package_identification:_identify(src/p3at_description) by extension 'ignore'
[0.336s] Level 1:colcon.colcon_core.package_identification:_identify(src/p3at_description) by extension 'ignore_ament_install'
[0.336s] Level 1:colcon.colcon_core.package_identification:_identify(src/p3at_description) by extensions ['colcon_pkg']
[0.336s] Level 1:colcon.colcon_core.package_identification:_identify(src/p3at_description) by extension 'colcon_pkg'
[0.336s] Level 1:colcon.colcon_core.package_identification:_identify(src/p3at_description) by extensions ['colcon_meta']
[0.336s] Level 1:colcon.colcon_core.package_identification:_identify(src/p3at_description) by extension 'colcon_meta'
[0.337s] Level 1:colcon.colcon_core.package_identification:_identify(src/p3at_description) by extensions ['ros']
[0.337s] Level 1:colcon.colcon_core.package_identification:_identify(src/p3at_description) by extension 'ros'
[0.337s] DEBUG:colcon.colcon_core.package_identification:Package 'src/p3at_description' with type 'ros.ament_cmake' and name 'p3at_description'
[0.338s] Level 1:colcon.colcon_core.package_identification:_identify(src/p3at_nav_plugins) by extensions ['ignore', 'ignore_ament_install']
[0.338s] Level 1:colcon.colcon_core.package_identification:_identify(src/p3at_nav_plugins) by extension 'ignore'
[0.338s] Level 1:colcon.colcon_core.package_identification:_identify(src/p3at_nav_plugins) by extension 'ignore_ament_install'
[0.338s] Level 1:colcon.colcon_core.package_identification:_identify(src/p3at_nav_plugins) by extensions ['colcon_pkg']
[0.338s] Level 1:colcon.colcon_core.package_identification:_identify(src/p3at_nav_plugins) by extension 'colcon_pkg'
[0.338s] Level 1:colcon.colcon_core.package_identification:_identify(src/p3at_nav_plugins) by extensions ['colcon_meta']
[0.338s] Level 1:colcon.colcon_core.package_identification:_identify(src/p3at_nav_plugins) by extension 'colcon_meta'
[0.338s] Level 1:colcon.colcon_core.package_identification:_identify(src/p3at_nav_plugins) by extensions ['ros']
[0.338s] Level 1:colcon.colcon_core.package_identification:_identify(src/p3at_nav_plugins) by extension 'ros'
[0.340s] DEBUG:colcon.colcon_core.package_identification:Package 'src/p3at_nav_plugins' with type 'ros.ament_cmake' and name 'p3at_nav_plugins'
[0.340s] Level 1:colcon.colcon_core.package_discovery:discover_packages(recursive) using defaults
[0.340s] Level 1:colcon.colcon_core.package_discovery:discover_packages(ignore) discover
[0.340s] Level 1:colcon.colcon_core.package_discovery:discover_packages(ignore) using defaults
[0.340s] Level 1:colcon.colcon_core.package_discovery:discover_packages(path) discover
[0.340s] Level 1:colcon.colcon_core.package_discovery:discover_packages(path) using defaults
[0.357s] Level 1:colcon.colcon_core.package_discovery:discover_packages(prefix_path) check parameters
[0.357s] Level 1:colcon.colcon_core.package_discovery:discover_packages(prefix_path) discover
[0.359s] DEBUG:colcon.colcon_installed_package_information.package_discovery:Found 3 installed packages in /home/god/auto4508/project/install
[0.361s] DEBUG:colcon.colcon_installed_package_information.package_discovery:Found 389 installed packages in /opt/ros/jazzy
[0.363s] Level 1:colcon.colcon_core.package_discovery:discover_packages(prefix_path) using defaults
[0.407s] Level 5:colcon.colcon_core.verb:set package 'p3at_description' build argument 'cmake_args' from command line to 'None'
[0.407s] Level 5:colcon.colcon_core.verb:set package 'p3at_description' build argument 'cmake_target' from command line to 'None'
[0.407s] Level 5:colcon.colcon_core.verb:set package 'p3at_description' build argument 'cmake_target_skip_unavailable' from command line to 'False'
[0.407s] Level 5:colcon.colcon_core.verb:set package 'p3at_description' build argument 'cmake_clean_cache' from command line to 'False'
[0.407s] Level 5:colcon.colcon_core.verb:set package 'p3at_description' build argument 'cmake_clean_first' from command line to 'False'
[0.407s] Level 5:colcon.colcon_core.verb:set package 'p3at_description' build argument 'cmake_force_configure' from command line to 'False'
[0.407s] Level 5:colcon.colcon_core.verb:set package 'p3at_description' build argument 'ament_cmake_args' from command line to 'None'
[0.407s] Level 5:colcon.colcon_core.verb:set package 'p3at_description' build argument 'catkin_cmake_args' from command line to 'None'
[0.407s] Level 5:colcon.colcon_core.verb:set package 'p3at_description' build argument 'catkin_skip_building_tests' from command line to 'False'
[0.407s] DEBUG:colcon.colcon_core.verb:Building package 'p3at_description' with the following arguments: {'ament_cmake_args': None, 'build_base': '/home/god/auto4508/project/build/p3at_description', 'catkin_cmake_args': None, 'catkin_skip_building_tests': False, 'cmake_args': None, 'cmake_clean_cache': False, 'cmake_clean_first': False, 'cmake_force_configure': False, 'cmake_target': None, 'cmake_target_skip_unavailable': False, 'install_base': '/home/god/auto4508/project/install/p3at_description', 'merge_install': False, 'path': '/home/god/auto4508/project/src/p3at_description', 'symlink_install': True, 'test_result_base': None}
[0.407s] Level 5:colcon.colcon_core.verb:set package 'p3at_nav_plugins' build argument 'cmake_args' from command line to 'None'
[0.407s] Level 5:colcon.colcon_core.verb:set package 'p3at_nav_plugins' build argument 'cmake_target' from command line to 'None'
[0.407s] Level 5:colcon.colcon_core.verb:set package 'p3at_nav_plugins' build argument 'cmake_target_skip_unavailable' from command line to 'False'
[0.407s] Level 5:colcon.colcon_core.verb:set package 'p3at_nav_plugins' build argument 'cmake_clean_cache' from command line to 'False'
[0.407s] Level 5:colcon.colcon_core.verb:set package 'p3at_nav_plugins' build argument 'cmake_clean_first' from command line to 'False'
[0.407s] Level 5:colcon.colcon_core.verb:set package 'p3at_nav_plugins' build argument 'cmake_force_configure' from command line to 'False'
[0.407s] Level 5:colcon.colcon_core.verb:set package 'p3at_nav_plugins' build argument 'ament_cmake_args' from command line to 'None'
[0.407s] Level 5:colcon.colcon_core.verb:set package 'p3at_nav_plugins' build argument 'catkin_cmake_args' from command line to 'None'
[0.407s] Level 5:colcon.colcon_core.verb:set package 'p3at_nav_plugins' build argument 'catkin_skip_building_tests' from command line to 'False'
[0.407s] DEBUG:colcon.colcon_core.verb:Building package 'p3at_nav_plugins' with the following arguments: {'ament_cmake_args': None, 'build_base': '/home/god/auto4508/project/build/p3at_nav_plugins', 'catkin_cmake_args': None, 'catkin_skip_building_tests': False, 'cmake_args': None, 'cmake_clean_cache': False, 'cmake_clean_first': False, 'cmake_force_configure': False, 'cmake_target': None, 'cmake_target_skip_unavailable': False, 'install_base': '/home/god/auto4508/project/install/p3at_nav_plugins', 'merge_install': False, 'path': '/home/god/auto4508/project/src/p3at_nav_plugins', 'symlink_install': True, 'test_result_base': None}
[0.407s] Level 5:colcon.colcon_core.verb:set package 'p3at_bringup' build argument 'cmake_args' from command line to 'None'
[0.408s] Level 5:colcon.colcon_core.verb:set package 'p3at_bringup' build argument 'cmake_target' from command line to 'None'
[0.408s] Level 5:colcon.colcon_core.verb:set package 'p3at_bringup' build argument 'cmake_target_skip_unavailable' from command line to 'False'
[0.408s] Level 5:colcon.colcon_core.verb:set package 'p3at_bringup' build argument 'cmake_clean_cache' from command line to 'False'
[0.408s] Level 5:colcon.colcon_core.verb:set package 'p3at_bringup' build argument 'cmake_clean_first' from command line to 'False'
[0.408s] Level 5:colcon.colcon_core.verb:set package 'p3at_bringup' build argument 'cmake_force_configure' from command line to 'False'
[0.408s] Level 5:colcon.colcon_core.verb:set package 'p3at_bringup' build argument 'ament_cmake_args' from command line to 'None'
[0.408s] Level 5:colcon.colcon_core.verb:set package 'p3at_bringup' build argument 'catkin_cmake_args' from command line to 'None'
[0.408s] Level 5:colcon.colcon_core.verb:set package 'p3at_bringup' build argument 'catkin_skip_building_tests' from command line to 'False'
[0.408s] DEBUG:colcon.colcon_core.verb:Building package 'p3at_bringup' with the following arguments: {'ament_cmake_args': None, 'build_base': '/home/god/auto4508/project/build/p3at_bringup', 'catkin_cmake_args': None, 'catkin_skip_building_tests': False, 'cmake_args': None, 'cmake_clean_cache': False, 'cmake_clean_first': False, 'cmake_force_configure': False, 'cmake_target': None, 'cmake_target_skip_unavailable': False, 'install_base': '/home/god/auto4508/project/install/p3at_bringup', 'merge_install': False, 'path': '/home/god/auto4508/project/src/p3at_bringup', 'symlink_install': True, 'test_result_base': None}
[0.408s] INFO:colcon.colcon_core.executor:Executing jobs using 'parallel' executor
[0.409s] DEBUG:colcon.colcon_parallel_executor.executor.parallel:run_until_complete
[0.409s] INFO:colcon.colcon_ros.task.ament_cmake.build:Building ROS package in '/home/god/auto4508/project/src/p3at_description' with build type 'ament_cmake'
[0.409s] INFO:colcon.colcon_cmake.task.cmake.build:Building CMake package in '/home/god/auto4508/project/src/p3at_description'
[0.411s] INFO:colcon.colcon_core.plugin_system:Skipping extension 'colcon_core.shell.bat': Not used on non-Windows systems
[0.411s] INFO:colcon.colcon_core.shell:Skip shell extension 'powershell' for command environment: Not usable outside of PowerShell
[0.411s] DEBUG:colcon.colcon_core.shell:Skip shell extension 'dsv' for command environment
[0.415s] INFO:colcon.colcon_ros.task.ament_cmake.build:Building ROS package in '/home/god/auto4508/project/src/p3at_nav_plugins' with build type 'ament_cmake'
[0.415s] INFO:colcon.colcon_cmake.task.cmake.build:Building CMake package in '/home/god/auto4508/project/src/p3at_nav_plugins'
[0.415s] INFO:colcon.colcon_core.shell:Skip shell extension 'powershell' for command environment: Not usable outside of PowerShell
[0.415s] DEBUG:colcon.colcon_core.shell:Skip shell extension 'dsv' for command environment
[0.428s] DEBUG:colcon.colcon_core.event_handler.log_command:Invoking command in '/home/god/auto4508/project/build/p3at_description': CMAKE_PREFIX_PATH=${CMAKE_PREFIX_PATH}:/home/god/auto4508/project/install/p3at_bringup:/opt/ros/jazzy /usr/bin/cmake --build /home/god/auto4508/project/build/p3at_description -- -j16 -l16
[0.432s] DEBUG:colcon.colcon_core.event_handler.log_command:Invoking command in '/home/god/auto4508/project/build/p3at_nav_plugins': CMAKE_PREFIX_PATH=${CMAKE_PREFIX_PATH}:/home/god/auto4508/project/install/p3at_bringup:/opt/ros/jazzy /usr/bin/cmake --build /home/god/auto4508/project/build/p3at_nav_plugins -- -j16 -l16
[0.490s] DEBUG:colcon.colcon_core.event_handler.log_command:Invoked command in '/home/god/auto4508/project/build/p3at_description' returned '0': CMAKE_PREFIX_PATH=${CMAKE_PREFIX_PATH}:/home/god/auto4508/project/install/p3at_bringup:/opt/ros/jazzy /usr/bin/cmake --build /home/god/auto4508/project/build/p3at_description -- -j16 -l16
[0.504s] DEBUG:colcon.colcon_core.event_handler.log_command:Invoking command in '/home/god/auto4508/project/build/p3at_description': CMAKE_PREFIX_PATH=${CMAKE_PREFIX_PATH}:/home/god/auto4508/project/install/p3at_bringup:/opt/ros/jazzy /usr/bin/cmake --install /home/god/auto4508/project/build/p3at_description
[0.551s] DEBUG:colcon.colcon_core.event_handler.log_command:Invoked command in '/home/god/auto4508/project/build/p3at_nav_plugins' returned '0': CMAKE_PREFIX_PATH=${CMAKE_PREFIX_PATH}:/home/god/auto4508/project/install/p3at_bringup:/opt/ros/jazzy /usr/bin/cmake --build /home/god/auto4508/project/build/p3at_nav_plugins -- -j16 -l16
[0.552s] DEBUG:colcon.colcon_core.event_handler.log_command:Invoking command in '/home/god/auto4508/project/build/p3at_nav_plugins': CMAKE_PREFIX_PATH=${CMAKE_PREFIX_PATH}:/home/god/auto4508/project/install/p3at_bringup:/opt/ros/jazzy /usr/bin/cmake --install /home/god/auto4508/project/build/p3at_nav_plugins
[0.554s] Level 1:colcon.colcon_core.environment:create_environment_scripts_only(p3at_description)
[0.555s] DEBUG:colcon.colcon_core.event_handler.log_command:Invoked command in '/home/god/auto4508/project/build/p3at_description' returned '0': CMAKE_PREFIX_PATH=${CMAKE_PREFIX_PATH}:/home/god/auto4508/project/install/p3at_bringup:/opt/ros/jazzy /usr/bin/cmake --install /home/god/auto4508/project/build/p3at_description
[0.556s] Level 1:colcon.colcon_core.environment:checking '/home/god/auto4508/project/install/p3at_description' for CMake module files
[0.557s] Level 1:colcon.colcon_core.environment:checking '/home/god/auto4508/project/install/p3at_description' for CMake config files
[0.557s] Level 1:colcon.colcon_core.shell:create_environment_hook('p3at_description', 'cmake_prefix_path')
[0.557s] INFO:colcon.colcon_core.shell:Creating environment hook '/home/god/auto4508/project/install/p3at_description/share/p3at_description/hook/cmake_prefix_path.ps1'
[0.558s] INFO:colcon.colcon_core.shell:Creating environment descriptor '/home/god/auto4508/project/install/p3at_description/share/p3at_description/hook/cmake_prefix_path.dsv'
[0.558s] INFO:colcon.colcon_core.shell:Creating environment hook '/home/god/auto4508/project/install/p3at_description/share/p3at_description/hook/cmake_prefix_path.sh'
[0.559s] Level 1:colcon.colcon_core.environment:checking '/home/god/auto4508/project/install/p3at_description/bin'
[0.559s] Level 1:colcon.colcon_core.environment:checking '/home/god/auto4508/project/install/p3at_description/lib/pkgconfig/p3at_description.pc'
[0.559s] Level 1:colcon.colcon_core.environment:checking '/home/god/auto4508/project/install/p3at_description/lib/python3.12/site-packages'
[0.559s] Level 1:colcon.colcon_core.environment:checking '/home/god/auto4508/project/install/p3at_description/bin'
[0.560s] INFO:colcon.colcon_core.shell:Creating package script '/home/god/auto4508/project/install/p3at_description/share/p3at_description/package.ps1'
[0.560s] INFO:colcon.colcon_core.shell:Creating package descriptor '/home/god/auto4508/project/install/p3at_description/share/p3at_description/package.dsv'
[0.561s] INFO:colcon.colcon_core.shell:Creating package script '/home/god/auto4508/project/install/p3at_description/share/p3at_description/package.sh'
[0.561s] INFO:colcon.colcon_core.shell:Creating package script '/home/god/auto4508/project/install/p3at_description/share/p3at_description/package.bash'
[0.562s] INFO:colcon.colcon_core.shell:Creating package script '/home/god/auto4508/project/install/p3at_description/share/p3at_description/package.zsh'
[0.562s] Level 1:colcon.colcon_core.environment:create_file_with_runtime_dependencies(/home/god/auto4508/project/install/p3at_description/share/colcon-core/packages/p3at_description)
[0.563s] Level 1:colcon.colcon_core.environment:create_environment_scripts_only(p3at_description)
[0.563s] Level 1:colcon.colcon_core.environment:checking '/home/god/auto4508/project/install/p3at_description' for CMake module files
[0.563s] Level 1:colcon.colcon_core.environment:checking '/home/god/auto4508/project/install/p3at_description' for CMake config files
[0.564s] Level 1:colcon.colcon_core.shell:create_environment_hook('p3at_description', 'cmake_prefix_path')
[0.564s] INFO:colcon.colcon_core.shell:Creating environment hook '/home/god/auto4508/project/install/p3at_description/share/p3at_description/hook/cmake_prefix_path.ps1'
[0.564s] INFO:colcon.colcon_core.shell:Creating environment descriptor '/home/god/auto4508/project/install/p3at_description/share/p3at_description/hook/cmake_prefix_path.dsv'
[0.566s] INFO:colcon.colcon_core.shell:Creating environment hook '/home/god/auto4508/project/install/p3at_description/share/p3at_description/hook/cmake_prefix_path.sh'
[0.569s] Level 1:colcon.colcon_core.environment:checking '/home/god/auto4508/project/install/p3at_description/bin'
[0.569s] Level 1:colcon.colcon_core.environment:checking '/home/god/auto4508/project/install/p3at_description/lib/pkgconfig/p3at_description.pc'
[0.570s] Level 1:colcon.colcon_core.environment:checking '/home/god/auto4508/project/install/p3at_description/lib/python3.12/site-packages'
[0.570s] Level 1:colcon.colcon_core.environment:checking '/home/god/auto4508/project/install/p3at_description/bin'
[0.571s] INFO:colcon.colcon_core.shell:Creating package script '/home/god/auto4508/project/install/p3at_description/share/p3at_description/package.ps1'
[0.571s] INFO:colcon.colcon_core.shell:Creating package descriptor '/home/god/auto4508/project/install/p3at_description/share/p3at_description/package.dsv'
[0.572s] INFO:colcon.colcon_core.shell:Creating package script '/home/god/auto4508/project/install/p3at_description/share/p3at_description/package.sh'
[0.572s] INFO:colcon.colcon_core.shell:Creating package script '/home/god/auto4508/project/install/p3at_description/share/p3at_description/package.bash'
[0.572s] INFO:colcon.colcon_core.shell:Creating package script '/home/god/auto4508/project/install/p3at_description/share/p3at_description/package.zsh'
[0.573s] Level 1:colcon.colcon_core.environment:create_file_with_runtime_dependencies(/home/god/auto4508/project/install/p3at_description/share/colcon-core/packages/p3at_description)
[0.587s] Level 1:colcon.colcon_core.environment:create_environment_scripts_only(p3at_nav_plugins)
[0.588s] Level 1:colcon.colcon_core.environment:checking '/home/god/auto4508/project/install/p3at_nav_plugins' for CMake module files
[0.589s] DEBUG:colcon.colcon_core.event_handler.log_command:Invoked command in '/home/god/auto4508/project/build/p3at_nav_plugins' returned '0': CMAKE_PREFIX_PATH=${CMAKE_PREFIX_PATH}:/home/god/auto4508/project/install/p3at_bringup:/opt/ros/jazzy /usr/bin/cmake --install /home/god/auto4508/project/build/p3at_nav_plugins
[0.590s] Level 1:colcon.colcon_core.environment:checking '/home/god/auto4508/project/install/p3at_nav_plugins' for CMake config files
[0.590s] Level 1:colcon.colcon_core.shell:create_environment_hook('p3at_nav_plugins', 'cmake_prefix_path')
[0.590s] INFO:colcon.colcon_core.shell:Creating environment hook '/home/god/auto4508/project/install/p3at_nav_plugins/share/p3at_nav_plugins/hook/cmake_prefix_path.ps1'
[0.591s] INFO:colcon.colcon_core.shell:Creating environment descriptor '/home/god/auto4508/project/install/p3at_nav_plugins/share/p3at_nav_plugins/hook/cmake_prefix_path.dsv'
[0.591s] INFO:colcon.colcon_core.shell:Creating environment hook '/home/god/auto4508/project/install/p3at_nav_plugins/share/p3at_nav_plugins/hook/cmake_prefix_path.sh'
[0.592s] Level 1:colcon.colcon_core.environment:checking '/home/god/auto4508/project/install/p3at_nav_plugins/lib'
[0.592s] Level 1:colcon.colcon_core.shell:create_environment_hook('p3at_nav_plugins', 'ld_library_path_lib')
[0.592s] INFO:colcon.colcon_core.shell:Creating environment hook '/home/god/auto4508/project/install/p3at_nav_plugins/share/p3at_nav_plugins/hook/ld_library_path_lib.ps1'
[0.593s] INFO:colcon.colcon_core.shell:Creating environment descriptor '/home/god/auto4508/project/install/p3at_nav_plugins/share/p3at_nav_plugins/hook/ld_library_path_lib.dsv'
[0.593s] INFO:colcon.colcon_core.shell:Creating environment hook '/home/god/auto4508/project/install/p3at_nav_plugins/share/p3at_nav_plugins/hook/ld_library_path_lib.sh'
[0.593s] Level 1:colcon.colcon_core.environment:checking '/home/god/auto4508/project/install/p3at_nav_plugins/bin'
[0.593s] Level 1:colcon.colcon_core.environment:checking '/home/god/auto4508/project/install/p3at_nav_plugins/lib/pkgconfig/p3at_nav_plugins.pc'
[0.594s] Level 1:colcon.colcon_core.environment:checking '/home/god/auto4508/project/install/p3at_nav_plugins/lib/python3.12/site-packages'
[0.594s] Level 1:colcon.colcon_core.environment:checking '/home/god/auto4508/project/install/p3at_nav_plugins/bin'
[0.594s] INFO:colcon.colcon_core.shell:Creating package script '/home/god/auto4508/project/install/p3at_nav_plugins/share/p3at_nav_plugins/package.ps1'
[0.594s] INFO:colcon.colcon_core.shell:Creating package descriptor '/home/god/auto4508/project/install/p3at_nav_plugins/share/p3at_nav_plugins/package.dsv'
[0.595s] INFO:colcon.colcon_core.shell:Creating package script '/home/god/auto4508/project/install/p3at_nav_plugins/share/p3at_nav_plugins/package.sh'
[0.595s] INFO:colcon.colcon_core.shell:Creating package script '/home/god/auto4508/project/install/p3at_nav_plugins/share/p3at_nav_plugins/package.bash'
[0.596s] INFO:colcon.colcon_core.shell:Creating package script '/home/god/auto4508/project/install/p3at_nav_plugins/share/p3at_nav_plugins/package.zsh'
[0.596s] Level 1:colcon.colcon_core.environment:create_file_with_runtime_dependencies(/home/god/auto4508/project/install/p3at_nav_plugins/share/colcon-core/packages/p3at_nav_plugins)
[0.596s] Level 1:colcon.colcon_core.environment:create_environment_scripts_only(p3at_nav_plugins)
[0.597s] Level 1:colcon.colcon_core.environment:checking '/home/god/auto4508/project/install/p3at_nav_plugins' for CMake module files
[0.597s] Level 1:colcon.colcon_core.environment:checking '/home/god/auto4508/project/install/p3at_nav_plugins' for CMake config files
[0.597s] Level 1:colcon.colcon_core.shell:create_environment_hook('p3at_nav_plugins', 'cmake_prefix_path')
[0.597s] INFO:colcon.colcon_core.shell:Creating environment hook '/home/god/auto4508/project/install/p3at_nav_plugins/share/p3at_nav_plugins/hook/cmake_prefix_path.ps1'
[0.598s] INFO:colcon.colcon_core.shell:Creating environment descriptor '/home/god/auto4508/project/install/p3at_nav_plugins/share/p3at_nav_plugins/hook/cmake_prefix_path.dsv'
[0.598s] INFO:colcon.colcon_core.shell:Creating environment hook '/home/god/auto4508/project/install/p3at_nav_plugins/share/p3at_nav_plugins/hook/cmake_prefix_path.sh'
[0.599s] Level 1:colcon.colcon_core.environment:checking '/home/god/auto4508/project/install/p3at_nav_plugins/lib'
[0.599s] Level 1:colcon.colcon_core.shell:create_environment_hook('p3at_nav_plugins', 'ld_library_path_lib')
[0.599s] INFO:colcon.colcon_core.shell:Creating environment hook '/home/god/auto4508/project/install/p3at_nav_plugins/share/p3at_nav_plugins/hook/ld_library_path_lib.ps1'
[0.599s] INFO:colcon.colcon_core.shell:Creating environment descriptor '/home/god/auto4508/project/install/p3at_nav_plugins/share/p3at_nav_plugins/hook/ld_library_path_lib.dsv'
[0.599s] INFO:colcon.colcon_core.shell:Creating environment hook '/home/god/auto4508/project/install/p3at_nav_plugins/share/p3at_nav_plugins/hook/ld_library_path_lib.sh'
[0.600s] Level 1:colcon.colcon_core.environment:checking '/home/god/auto4508/project/install/p3at_nav_plugins/bin'
[0.600s] Level 1:colcon.colcon_core.environment:checking '/home/god/auto4508/project/install/p3at_nav_plugins/lib/pkgconfig/p3at_nav_plugins.pc'
[0.600s] Level 1:colcon.colcon_core.environment:checking '/home/god/auto4508/project/install/p3at_nav_plugins/lib/python3.12/site-packages'
[0.600s] Level 1:colcon.colcon_core.environment:checking '/home/god/auto4508/project/install/p3at_nav_plugins/bin'
[0.600s] INFO:colcon.colcon_core.shell:Creating package script '/home/god/auto4508/project/install/p3at_nav_plugins/share/p3at_nav_plugins/package.ps1'
[0.601s] INFO:colcon.colcon_core.shell:Creating package descriptor '/home/god/auto4508/project/install/p3at_nav_plugins/share/p3at_nav_plugins/package.dsv'
[0.601s] INFO:colcon.colcon_core.shell:Creating package script '/home/god/auto4508/project/install/p3at_nav_plugins/share/p3at_nav_plugins/package.sh'
[0.601s] INFO:colcon.colcon_core.shell:Creating package script '/home/god/auto4508/project/install/p3at_nav_plugins/share/p3at_nav_plugins/package.bash'
[0.602s] INFO:colcon.colcon_core.shell:Creating package script '/home/god/auto4508/project/install/p3at_nav_plugins/share/p3at_nav_plugins/package.zsh'
[0.602s] Level 1:colcon.colcon_core.environment:create_file_with_runtime_dependencies(/home/god/auto4508/project/install/p3at_nav_plugins/share/colcon-core/packages/p3at_nav_plugins)
[0.603s] INFO:colcon.colcon_ros.task.ament_python.build:Building ROS package in '/home/god/auto4508/project/src/p3at_bringup' with build type 'ament_python'
[0.603s] Level 1:colcon.colcon_core.shell:create_environment_hook('p3at_bringup', 'ament_prefix_path')
[0.603s] INFO:colcon.colcon_core.shell:Creating environment hook '/home/god/auto4508/project/install/p3at_bringup/share/p3at_bringup/hook/ament_prefix_path.ps1'
[0.604s] INFO:colcon.colcon_core.shell:Creating environment descriptor '/home/god/auto4508/project/install/p3at_bringup/share/p3at_bringup/hook/ament_prefix_path.dsv'
[0.605s] INFO:colcon.colcon_core.shell:Creating environment hook '/home/god/auto4508/project/install/p3at_bringup/share/p3at_bringup/hook/ament_prefix_path.sh'
[0.605s] INFO:colcon.colcon_core.shell:Skip shell extension 'powershell' for command environment: Not usable outside of PowerShell
[0.605s] DEBUG:colcon.colcon_core.shell:Skip shell extension 'dsv' for command environment
[1.000s] INFO:colcon.colcon_core.task.python.build:Building Python package in '/home/god/auto4508/project/src/p3at_bringup'
[1.000s] INFO:colcon.colcon_core.shell:Skip shell extension 'powershell' for command environment: Not usable outside of PowerShell
[1.000s] DEBUG:colcon.colcon_core.shell:Skip shell extension 'dsv' for command environment
[1.700s] DEBUG:colcon.colcon_core.event_handler.log_command:Invoking command in '/home/god/auto4508/project/build/p3at_bringup': LD_LIBRARY_PATH=/home/god/auto4508/project/install/p3at_nav_plugins/lib:/opt/ros/jazzy/opt/gz_sim_vendor/lib:/opt/ros/jazzy/opt/gz_sensors_vendor/lib:/opt/ros/jazzy/opt/gz_physics_vendor/lib:/opt/ros/jazzy/opt/sdformat_vendor/lib:/opt/ros/jazzy/opt/rviz_ogre_vendor/lib:/opt/ros/jazzy/lib/x86_64-linux-gnu:/opt/ros/jazzy/opt/gz_gui_vendor/lib:/opt/ros/jazzy/opt/gz_transport_vendor/lib:/opt/ros/jazzy/opt/gz_rendering_vendor/lib:/opt/ros/jazzy/opt/gz_plugin_vendor/lib:/opt/ros/jazzy/opt/gz_fuel_tools_vendor/lib:/opt/ros/jazzy/opt/gz_msgs_vendor/lib:/opt/ros/jazzy/opt/gz_common_vendor/lib:/opt/ros/jazzy/opt/gz_math_vendor/lib:/opt/ros/jazzy/opt/gz_utils_vendor/lib:/opt/ros/jazzy/opt/gz_tools_vendor/lib:/opt/ros/jazzy/opt/gz_ogre_next_vendor/lib:/opt/ros/jazzy/opt/gz_dartsim_vendor/lib:/opt/ros/jazzy/opt/gz_cmake_vendor/lib:/opt/ros/jazzy/lib:/home/god/.local/lib PYTHONPATH=/home/god/auto4508/project/build/p3at_bringup/prefix_override:/usr/lib/python3/dist-packages/colcon_core/task/python/colcon_distutils_commands:/home/god/auto4508/project/install/p3at_bringup/lib/python3.12/site-packages:${PYTHONPATH} /usr/bin/python3 -W ignore:setup.py install is deprecated -W ignore:easy_install command is deprecated setup.py develop --editable --build-directory /home/god/auto4508/project/build/p3at_bringup/build --no-deps symlink_data
[2.260s] Level 1:colcon.colcon_core.shell:create_environment_hook('p3at_bringup', 'pythonpath_develop')
[2.261s] INFO:colcon.colcon_core.shell:Creating environment hook '/home/god/auto4508/project/build/p3at_bringup/share/p3at_bringup/hook/pythonpath_develop.ps1'
[2.262s] DEBUG:colcon.colcon_core.event_handler.log_command:Invoked command in '/home/god/auto4508/project/build/p3at_bringup' returned '0': LD_LIBRARY_PATH=/home/god/auto4508/project/install/p3at_nav_plugins/lib:/opt/ros/jazzy/opt/gz_sim_vendor/lib:/opt/ros/jazzy/opt/gz_sensors_vendor/lib:/opt/ros/jazzy/opt/gz_physics_vendor/lib:/opt/ros/jazzy/opt/sdformat_vendor/lib:/opt/ros/jazzy/opt/rviz_ogre_vendor/lib:/opt/ros/jazzy/lib/x86_64-linux-gnu:/opt/ros/jazzy/opt/gz_gui_vendor/lib:/opt/ros/jazzy/opt/gz_transport_vendor/lib:/opt/ros/jazzy/opt/gz_rendering_vendor/lib:/opt/ros/jazzy/opt/gz_plugin_vendor/lib:/opt/ros/jazzy/opt/gz_fuel_tools_vendor/lib:/opt/ros/jazzy/opt/gz_msgs_vendor/lib:/opt/ros/jazzy/opt/gz_common_vendor/lib:/opt/ros/jazzy/opt/gz_math_vendor/lib:/opt/ros/jazzy/opt/gz_utils_vendor/lib:/opt/ros/jazzy/opt/gz_tools_vendor/lib:/opt/ros/jazzy/opt/gz_ogre_next_vendor/lib:/opt/ros/jazzy/opt/gz_dartsim_vendor/lib:/opt/ros/jazzy/opt/gz_cmake_vendor/lib:/opt/ros/jazzy/lib:/home/god/.local/lib PYTHONPATH=/home/god/auto4508/project/build/p3at_bringup/prefix_override:/usr/lib/python3/dist-packages/colcon_core/task/python/colcon_distutils_commands:/home/god/auto4508/project/install/p3at_bringup/lib/python3.12/site-packages:${PYTHONPATH} /usr/bin/python3 -W ignore:setup.py install is deprecated -W ignore:easy_install command is deprecated setup.py develop --editable --build-directory /home/god/auto4508/project/build/p3at_bringup/build --no-deps symlink_data
[2.262s] INFO:colcon.colcon_core.shell:Creating environment descriptor '/home/god/auto4508/project/build/p3at_bringup/share/p3at_bringup/hook/pythonpath_develop.dsv'
[2.263s] INFO:colcon.colcon_core.shell:Creating environment hook '/home/god/auto4508/project/build/p3at_bringup/share/p3at_bringup/hook/pythonpath_develop.sh'
[2.263s] Level 1:colcon.colcon_core.environment:checking '/home/god/auto4508/project/install/p3at_bringup' for CMake module files
[2.264s] Level 1:colcon.colcon_core.environment:checking '/home/god/auto4508/project/install/p3at_bringup' for CMake config files
[2.264s] Level 1:colcon.colcon_core.environment:checking '/home/god/auto4508/project/install/p3at_bringup/lib'
[2.264s] Level 1:colcon.colcon_core.environment:checking '/home/god/auto4508/project/install/p3at_bringup/bin'
[2.264s] Level 1:colcon.colcon_core.environment:checking '/home/god/auto4508/project/install/p3at_bringup/lib/pkgconfig/p3at_bringup.pc'
[2.265s] Level 1:colcon.colcon_core.environment:checking '/home/god/auto4508/project/install/p3at_bringup/lib/python3.12/site-packages'
[2.265s] Level 1:colcon.colcon_core.shell:create_environment_hook('p3at_bringup', 'pythonpath')
[2.265s] INFO:colcon.colcon_core.shell:Creating environment hook '/home/god/auto4508/project/install/p3at_bringup/share/p3at_bringup/hook/pythonpath.ps1'
[2.265s] INFO:colcon.colcon_core.shell:Creating environment descriptor '/home/god/auto4508/project/install/p3at_bringup/share/p3at_bringup/hook/pythonpath.dsv'
[2.266s] INFO:colcon.colcon_core.shell:Creating environment hook '/home/god/auto4508/project/install/p3at_bringup/share/p3at_bringup/hook/pythonpath.sh'
[2.266s] Level 1:colcon.colcon_core.environment:checking '/home/god/auto4508/project/install/p3at_bringup/bin'
[2.266s] Level 1:colcon.colcon_core.environment:create_environment_scripts_only(p3at_bringup)
[2.266s] INFO:colcon.colcon_core.shell:Creating package script '/home/god/auto4508/project/install/p3at_bringup/share/p3at_bringup/package.ps1'
[2.267s] INFO:colcon.colcon_core.shell:Creating package descriptor '/home/god/auto4508/project/install/p3at_bringup/share/p3at_bringup/package.dsv'
[2.267s] INFO:colcon.colcon_core.shell:Creating package script '/home/god/auto4508/project/install/p3at_bringup/share/p3at_bringup/package.sh'
[2.267s] INFO:colcon.colcon_core.shell:Creating package script '/home/god/auto4508/project/install/p3at_bringup/share/p3at_bringup/package.bash'
[2.268s] INFO:colcon.colcon_core.shell:Creating package script '/home/god/auto4508/project/install/p3at_bringup/share/p3at_bringup/package.zsh'
[2.268s] Level 1:colcon.colcon_core.environment:create_file_with_runtime_dependencies(/home/god/auto4508/project/install/p3at_bringup/share/colcon-core/packages/p3at_bringup)
[2.268s] DEBUG:colcon.colcon_parallel_executor.executor.parallel:closing loop
[2.269s] DEBUG:colcon.colcon_parallel_executor.executor.parallel:loop closed
[2.269s] DEBUG:colcon.colcon_parallel_executor.executor.parallel:run_until_complete finished with '0'
[2.269s] DEBUG:colcon.colcon_core.event_reactor:joining thread
[2.340s] INFO:colcon.colcon_core.plugin_system:Skipping extension 'colcon_notification.desktop_notification.notify_send': Could not find 'notify-send'
[2.340s] INFO:colcon.colcon_core.plugin_system:Skipping extension 'colcon_notification.desktop_notification.terminal_notifier': Not used on non-Darwin systems
[2.340s] INFO:colcon.colcon_core.plugin_system:Skipping extension 'colcon_notification.desktop_notification.win32': Not used on non-Windows systems
[2.340s] INFO:colcon.colcon_notification.desktop_notification:Sending desktop notification using 'notify2'
[2.342s] DEBUG:colcon.colcon_notification.desktop_notification.notify2:Failed to initialize notify2: org.freedesktop.DBus.Error.ServiceUnknown: The name org.freedesktop.Notifications was not provided by any .service files
[2.342s] DEBUG:colcon.colcon_core.event_reactor:joined thread
[2.342s] INFO:colcon.colcon_core.shell:Creating prefix script '/home/god/auto4508/project/install/local_setup.ps1'
[2.343s] INFO:colcon.colcon_core.shell:Creating prefix util module '/home/god/auto4508/project/install/_local_setup_util_ps1.py'
[2.344s] INFO:colcon.colcon_core.shell:Creating prefix chain script '/home/god/auto4508/project/install/setup.ps1'
[2.344s] INFO:colcon.colcon_core.shell:Creating prefix script '/home/god/auto4508/project/install/local_setup.sh'
[2.345s] INFO:colcon.colcon_core.shell:Creating prefix util module '/home/god/auto4508/project/install/_local_setup_util_sh.py'
[2.345s] INFO:colcon.colcon_core.shell:Creating prefix chain script '/home/god/auto4508/project/install/setup.sh'
[2.346s] INFO:colcon.colcon_core.shell:Creating prefix script '/home/god/auto4508/project/install/local_setup.bash'
[2.346s] INFO:colcon.colcon_core.shell:Creating prefix chain script '/home/god/auto4508/project/install/setup.bash'
[2.347s] INFO:colcon.colcon_core.shell:Creating prefix script '/home/god/auto4508/project/install/local_setup.zsh'
[2.348s] INFO:colcon.colcon_core.shell:Creating prefix chain script '/home/god/auto4508/project/install/setup.zsh'
