running develop
running egg_info
writing p3at_bringup.egg-info/PKG-INFO
writing dependency_links to p3at_bringup.egg-info/dependency_links.txt
writing entry points to p3at_bringup.egg-info/entry_points.txt
writing requirements to p3at_bringup.egg-info/requires.txt
writing top-level names to p3at_bringup.egg-info/top_level.txt
reading manifest file 'p3at_bringup.egg-info/SOURCES.txt'
writing manifest file 'p3at_bringup.egg-info/SOURCES.txt'
running build_ext
Creating /home/god/auto4508/project/install/p3at_bringup/lib/python3.12/site-packages/p3at-bringup.egg-link (link to .)
Installing clock_sanitizer script to /home/god/auto4508/project/install/p3at_bringup/lib/p3at_bringup
Installing fake_gps_node script to /home/god/auto4508/project/install/p3at_bringup/lib/p3at_bringup
Installing gps_health_monitor script to /home/god/auto4508/project/install/p3at_bringup/lib/p3at_bringup
Installing joint_state_sanitizer script to /home/god/auto4508/project/install/p3at_bringup/lib/p3at_bringup
Installing mission_manager script to /home/god/auto4508/project/install/p3at_bringup/lib/p3at_bringup
Installing mission_orchestrator script to /home/god/auto4508/project/install/p3at_bringup/lib/p3at_bringup
Installing odom_sanitizer script to /home/god/auto4508/project/install/p3at_bringup/lib/p3at_bringup
Installing path_recorder script to /home/god/auto4508/project/install/p3at_bringup/lib/p3at_bringup

Installed /home/god/auto4508/project/build/p3at_bringup
running symlink_data
