[1.148s] Invoking command in '/home/god/auto4508/project/build/p3at_bringup': AMENT_PREFIX_PATH=/home/god/auto4508/project/install/p3at_nav_plugins:/home/god/auto4508/project/install/p3at_description:${AMENT_PREFIX_PATH} CMAKE_PREFIX_PATH=/home/god/auto4508/project/install/p3at_nav_plugins:/home/god/auto4508/project/install/p3at_description:${CMAKE_PREFIX_PATH} LD_LIBRARY_PATH=/home/god/auto4508/project/install/p3at_nav_plugins/lib:${LD_LIBRARY_PATH} PYTHONPATH=/home/god/auto4508/project/build/p3at_bringup/prefix_override:/usr/lib/python3/dist-packages/colcon_core/task/python/colcon_distutils_commands:/home/god/auto4508/project/install/p3at_bringup/lib/python3.12/site-packages:${PYTHONPATH} /usr/bin/python3 -W ignore:setup.py install is deprecated -W ignore:easy_install command is deprecated setup.py develop --editable --build-directory /home/god/auto4508/project/build/p3at_bringup/build --no-deps symlink_data
[1.415s] running develop
[1.566s] running egg_info
[1.581s] writing p3at_bringup.egg-info/PKG-INFO
[1.581s] writing dependency_links to p3at_bringup.egg-info/dependency_links.txt
[1.582s] writing entry points to p3at_bringup.egg-info/entry_points.txt
[1.582s] writing requirements to p3at_bringup.egg-info/requires.txt
[1.582s] writing top-level names to p3at_bringup.egg-info/top_level.txt
[1.611s] reading manifest file 'p3at_bringup.egg-info/SOURCES.txt'
[1.613s] writing manifest file 'p3at_bringup.egg-info/SOURCES.txt'
[1.630s] running build_ext
[1.630s] Creating /home/god/auto4508/project/install/p3at_bringup/lib/python3.12/site-packages/p3at-bringup.egg-link (link to .)
[1.631s] Installing clock_sanitizer script to /home/god/auto4508/project/install/p3at_bringup/lib/p3at_bringup
[1.632s] Installing fake_gps_node script to /home/god/auto4508/project/install/p3at_bringup/lib/p3at_bringup
[1.632s] Installing gps_health_monitor script to /home/god/auto4508/project/install/p3at_bringup/lib/p3at_bringup
[1.632s] Installing joint_state_sanitizer script to /home/god/auto4508/project/install/p3at_bringup/lib/p3at_bringup
[1.632s] Installing mission_manager script to /home/god/auto4508/project/install/p3at_bringup/lib/p3at_bringup
[1.633s] Installing mission_orchestrator script to /home/god/auto4508/project/install/p3at_bringup/lib/p3at_bringup
[1.633s] Installing odom_sanitizer script to /home/god/auto4508/project/install/p3at_bringup/lib/p3at_bringup
[1.633s] Installing path_recorder script to /home/god/auto4508/project/install/p3at_bringup/lib/p3at_bringup
[1.634s] 
[1.634s] Installed /home/god/auto4508/project/build/p3at_bringup
[1.634s] running symlink_data
[1.682s] Invoked command in '/home/god/auto4508/project/build/p3at_bringup' returned '0': AMENT_PREFIX_PATH=/home/god/auto4508/project/install/p3at_nav_plugins:/home/god/auto4508/project/install/p3at_description:${AMENT_PREFIX_PATH} CMAKE_PREFIX_PATH=/home/god/auto4508/project/install/p3at_nav_plugins:/home/god/auto4508/project/install/p3at_description:${CMAKE_PREFIX_PATH} LD_LIBRARY_PATH=/home/god/auto4508/project/install/p3at_nav_plugins/lib:${LD_LIBRARY_PATH} PYTHONPATH=/home/god/auto4508/project/build/p3at_bringup/prefix_override:/usr/lib/python3/dist-packages/colcon_core/task/python/colcon_distutils_commands:/home/god/auto4508/project/install/p3at_bringup/lib/python3.12/site-packages:${PYTHONPATH} /usr/bin/python3 -W ignore:setup.py install is deprecated -W ignore:easy_install command is deprecated setup.py develop --editable --build-directory /home/god/auto4508/project/build/p3at_bringup/build --no-deps symlink_data
