[0.014s] Invoking command in '/home/god/auto4508/project/build/p3at_nav_plugins': CMAKE_PREFIX_PATH=${CMAKE_PREFIX_PATH}:/home/god/auto4508/project/install/p3at_bringup:/opt/ros/jazzy /usr/bin/cmake --build /home/god/auto4508/project/build/p3at_nav_plugins -- -j16 -l16
[0.217s] [ 50%] Building CXX object CMakeFiles/p3at_nav_plugins.dir/src/p3at_controller.cpp.o
[6.716s] [100%] Linking CXX shared library libp3at_nav_plugins.so
[7.381s] [100%] Built target p3at_nav_plugins
[7.396s] Invoked command in '/home/god/auto4508/project/build/p3at_nav_plugins' returned '0': CMAKE_PREFIX_PATH=${CMAKE_PREFIX_PATH}:/home/god/auto4508/project/install/p3at_bringup:/opt/ros/jazzy /usr/bin/cmake --build /home/god/auto4508/project/build/p3at_nav_plugins -- -j16 -l16
[7.398s] Invoking command in '/home/god/auto4508/project/build/p3at_nav_plugins': CMAKE_PREFIX_PATH=${CMAKE_PREFIX_PATH}:/home/god/auto4508/project/install/p3at_bringup:/opt/ros/jazzy /usr/bin/cmake --install /home/god/auto4508/project/build/p3at_nav_plugins
[7.413s] -- Install configuration: ""
[7.413s] -- Execute custom install script
[7.414s] -- Up-to-date symlink: /home/god/auto4508/project/install/p3at_nav_plugins/share/p3at_nav_plugins//p3at_nav_plugins.xml
[7.414s] -- Up-to-date symlink: /home/god/auto4508/project/install/p3at_nav_plugins/lib/libp3at_nav_plugins.so
[7.414s] -- Up-to-date symlink: /home/god/auto4508/project/install/p3at_nav_plugins/include/p3at_nav_plugins/p3at_controller.hpp
[7.415s] -- Up-to-date symlink: /home/god/auto4508/project/install/p3at_nav_plugins/share/p3at_nav_plugins/p3at_nav_plugins.xml
[7.415s] -- Up-to-date symlink: /home/god/auto4508/project/install/p3at_nav_plugins/share/p3at_nav_plugins/environment/library_path.sh
[7.415s] -- Up-to-date symlink: /home/god/auto4508/project/install/p3at_nav_plugins/share/p3at_nav_plugins/environment/library_path.dsv
[7.415s] -- Up-to-date symlink: /home/god/auto4508/project/install/p3at_nav_plugins/share/ament_index/resource_index/package_run_dependencies/p3at_nav_plugins
[7.415s] -- Up-to-date symlink: /home/god/auto4508/project/install/p3at_nav_plugins/share/ament_index/resource_index/parent_prefix_path/p3at_nav_plugins
[7.415s] -- Up-to-date symlink: /home/god/auto4508/project/install/p3at_nav_plugins/share/p3at_nav_plugins/environment/ament_prefix_path.sh
[7.416s] -- Up-to-date symlink: /home/god/auto4508/project/install/p3at_nav_plugins/share/p3at_nav_plugins/environment/ament_prefix_path.dsv
[7.416s] -- Up-to-date symlink: /home/god/auto4508/project/install/p3at_nav_plugins/share/p3at_nav_plugins/environment/path.sh
[7.416s] -- Up-to-date symlink: /home/god/auto4508/project/install/p3at_nav_plugins/share/p3at_nav_plugins/environment/path.dsv
[7.416s] -- Up-to-date symlink: /home/god/auto4508/project/install/p3at_nav_plugins/share/p3at_nav_plugins/local_setup.bash
[7.416s] -- Up-to-date symlink: /home/god/auto4508/project/install/p3at_nav_plugins/share/p3at_nav_plugins/local_setup.sh
[7.417s] -- Up-to-date symlink: /home/god/auto4508/project/install/p3at_nav_plugins/share/p3at_nav_plugins/local_setup.zsh
[7.417s] -- Up-to-date symlink: /home/god/auto4508/project/install/p3at_nav_plugins/share/p3at_nav_plugins/local_setup.dsv
[7.417s] -- Symlinking: /home/god/auto4508/project/install/p3at_nav_plugins/share/p3at_nav_plugins/package.dsv
[7.434s] -- Up-to-date symlink: /home/god/auto4508/project/install/p3at_nav_plugins/share/ament_index/resource_index/packages/p3at_nav_plugins
[7.435s] -- Up-to-date symlink: /home/god/auto4508/project/install/p3at_nav_plugins/share/ament_index/resource_index/nav2_core__pluginlib__plugin/p3at_nav_plugins
[7.435s] -- Up-to-date symlink: /home/god/auto4508/project/install/p3at_nav_plugins/share/p3at_nav_plugins/cmake/ament_cmake_export_include_directories-extras.cmake
[7.435s] -- Up-to-date symlink: /home/god/auto4508/project/install/p3at_nav_plugins/share/p3at_nav_plugins/cmake/ament_cmake_export_libraries-extras.cmake
[7.435s] -- Up-to-date symlink: /home/god/auto4508/project/install/p3at_nav_plugins/share/p3at_nav_plugins/cmake/ament_cmake_export_dependencies-extras.cmake
[7.436s] -- Up-to-date symlink: /home/god/auto4508/project/install/p3at_nav_plugins/share/p3at_nav_plugins/cmake/p3at_nav_pluginsConfig.cmake
[7.436s] -- Up-to-date symlink: /home/god/auto4508/project/install/p3at_nav_plugins/share/p3at_nav_plugins/cmake/p3at_nav_pluginsConfig-version.cmake
[7.436s] -- Up-to-date symlink: /home/god/auto4508/project/install/p3at_nav_plugins/share/p3at_nav_plugins/package.xml
[7.437s] Invoked command in '/home/god/auto4508/project/build/p3at_nav_plugins' returned '0': CMAKE_PREFIX_PATH=${CMAKE_PREFIX_PATH}:/home/god/auto4508/project/install/p3at_bringup:/opt/ros/jazzy /usr/bin/cmake --install /home/god/auto4508/project/build/p3at_nav_plugins
