-- Install configuration: ""
-- Execute custom install script
-- Up-to-date symlink: /home/god/auto4508/project/install/p3at_description/share/p3at_description/urdf/pioneer.urdf.xacro
-- Up-to-date symlink: /home/god/auto4508/project/install/p3at_description/share/p3at_description/meshes/Coordinates
-- Up-to-date symlink: /home/god/auto4508/project/install/p3at_description/share/p3at_description/meshes/arm_control_box_mesh.dae
-- Up-to-date symlink: /home/god/auto4508/project/install/p3at_description/share/p3at_description/meshes/axle.dae
-- Up-to-date symlink: /home/god/auto4508/project/install/p3at_description/share/p3at_description/meshes/back_sonar.dae
-- Up-to-date symlink: /home/god/auto4508/project/install/p3at_description/share/p3at_description/meshes/back_sonar_mesh.dae
-- Up-to-date symlink: /home/god/auto4508/project/install/p3at_description/share/p3at_description/meshes/chassis.dae
-- Up-to-date symlink: /home/god/auto4508/project/install/p3at_description/share/p3at_description/meshes/front_sonar.dae
-- Up-to-date symlink: /home/god/auto4508/project/install/p3at_description/share/p3at_description/meshes/hokuyo.dae
-- Up-to-date symlink: /home/god/auto4508/project/install/p3at_description/share/p3at_description/meshes/hokuyo1.dae
-- Up-to-date symlink: /home/god/auto4508/project/install/p3at_description/share/p3at_description/meshes/hokuyo_convex.stl
-- Up-to-date symlink: /home/god/auto4508/project/install/p3at_description/share/p3at_description/meshes/kinect.dae
-- Up-to-date symlink: /home/god/auto4508/project/install/p3at_description/share/p3at_description/meshes/kinect.tga
-- Up-to-date symlink: /home/god/auto4508/project/install/p3at_description/share/p3at_description/meshes/left_hubcap.dae
-- Up-to-date symlink: /home/god/auto4508/project/install/p3at_description/share/p3at_description/meshes/left_hubcap_mesh.dae
-- Up-to-date symlink: /home/god/auto4508/project/install/p3at_description/share/p3at_description/meshes/p3at_meshes/Coordinates
-- Up-to-date symlink: /home/god/auto4508/project/install/p3at_description/share/p3at_description/meshes/p3at_meshes/axle.dae
-- Up-to-date symlink: /home/god/auto4508/project/install/p3at_description/share/p3at_description/meshes/p3at_meshes/axle.stl
-- Up-to-date symlink: /home/god/auto4508/project/install/p3at_description/share/p3at_description/meshes/p3at_meshes/back_sonar.dae
-- Up-to-date symlink: /home/god/auto4508/project/install/p3at_description/share/p3at_description/meshes/p3at_meshes/back_sonar.stl
-- Up-to-date symlink: /home/god/auto4508/project/install/p3at_description/share/p3at_description/meshes/p3at_meshes/chassis.dae
-- Up-to-date symlink: /home/god/auto4508/project/install/p3at_description/share/p3at_description/meshes/p3at_meshes/chassis.stl
-- Up-to-date symlink: /home/god/auto4508/project/install/p3at_description/share/p3at_description/meshes/p3at_meshes/front_sonar.dae
-- Up-to-date symlink: /home/god/auto4508/project/install/p3at_description/share/p3at_description/meshes/p3at_meshes/front_sonar.stl
-- Up-to-date symlink: /home/god/auto4508/project/install/p3at_description/share/p3at_description/meshes/p3at_meshes/left_hubcap.dae
-- Up-to-date symlink: /home/god/auto4508/project/install/p3at_description/share/p3at_description/meshes/p3at_meshes/left_hubcap.stl
-- Up-to-date symlink: /home/god/auto4508/project/install/p3at_description/share/p3at_description/meshes/p3at_meshes/right_hubcap.dae
-- Up-to-date symlink: /home/god/auto4508/project/install/p3at_description/share/p3at_description/meshes/p3at_meshes/right_hubcap.stl
-- Up-to-date symlink: /home/god/auto4508/project/install/p3at_description/share/p3at_description/meshes/p3at_meshes/top.dae
-- Up-to-date symlink: /home/god/auto4508/project/install/p3at_description/share/p3at_description/meshes/p3at_meshes/top.stl
-- Up-to-date symlink: /home/god/auto4508/project/install/p3at_description/share/p3at_description/meshes/p3at_meshes/wheel.dae
-- Up-to-date symlink: /home/god/auto4508/project/install/p3at_description/share/p3at_description/meshes/p3at_meshes/wheel.stl
-- Up-to-date symlink: /home/god/auto4508/project/install/p3at_description/share/p3at_description/meshes/right_hubcap.dae
-- Up-to-date symlink: /home/god/auto4508/project/install/p3at_description/share/p3at_description/meshes/suporte_armControl_mesh.dae
-- Up-to-date symlink: /home/god/auto4508/project/install/p3at_description/share/p3at_description/meshes/suporte_base_mesh.dae
-- Up-to-date symlink: /home/god/auto4508/project/install/p3at_description/share/p3at_description/meshes/suporte_base_mesh2.dae
-- Up-to-date symlink: /home/god/auto4508/project/install/p3at_description/share/p3at_description/meshes/suporte_depth_mesh.dae
-- Up-to-date symlink: /home/god/auto4508/project/install/p3at_description/share/p3at_description/meshes/suporte_kinect_mesh.dae
-- Up-to-date symlink: /home/god/auto4508/project/install/p3at_description/share/p3at_description/meshes/suporte_monitor_mesh.dae
-- Up-to-date symlink: /home/god/auto4508/project/install/p3at_description/share/p3at_description/meshes/tampa1_mesh.dae
-- Up-to-date symlink: /home/god/auto4508/project/install/p3at_description/share/p3at_description/meshes/tampa2_mesh.dae
-- Up-to-date symlink: /home/god/auto4508/project/install/p3at_description/share/p3at_description/meshes/tampa3_mesh.dae
-- Up-to-date symlink: /home/god/auto4508/project/install/p3at_description/share/p3at_description/meshes/tampa4_mesh.dae
-- Up-to-date symlink: /home/god/auto4508/project/install/p3at_description/share/p3at_description/meshes/top.dae
-- Up-to-date symlink: /home/god/auto4508/project/install/p3at_description/share/p3at_description/meshes/tv_mesh.dae
-- Up-to-date symlink: /home/god/auto4508/project/install/p3at_description/share/p3at_description/meshes/wheel.dae
-- Up-to-date symlink: /home/god/auto4508/project/install/p3at_description/share/p3at_description/rviz/nav.rviz
-- Up-to-date symlink: /home/god/auto4508/project/install/p3at_description/share/p3at_description/rviz/part1.rviz
-- Up-to-date symlink: /home/god/auto4508/project/install/p3at_description/share/p3at_description/rviz/sim.rviz
-- Symlinking: /home/god/auto4508/project/install/p3at_description/share/p3at_description/models/pioneer/model.config
-- Up-to-date symlink: /home/god/auto4508/project/install/p3at_description/share/p3at_description/models/pioneer/model.sdf
-- Up-to-date symlink: /home/god/auto4508/project/install/p3at_description/share/ament_index/resource_index/package_run_dependencies/p3at_description
-- Up-to-date symlink: /home/god/auto4508/project/install/p3at_description/share/ament_index/resource_index/parent_prefix_path/p3at_description
-- Up-to-date symlink: /home/god/auto4508/project/install/p3at_description/share/p3at_description/environment/ament_prefix_path.sh
-- Up-to-date symlink: /home/god/auto4508/project/install/p3at_description/share/p3at_description/environment/ament_prefix_path.dsv
-- Up-to-date symlink: /home/god/auto4508/project/install/p3at_description/share/p3at_description/environment/path.sh
-- Up-to-date symlink: /home/god/auto4508/project/install/p3at_description/share/p3at_description/environment/path.dsv
-- Up-to-date symlink: /home/god/auto4508/project/install/p3at_description/share/p3at_description/local_setup.bash
-- Up-to-date symlink: /home/god/auto4508/project/install/p3at_description/share/p3at_description/local_setup.sh
-- Up-to-date symlink: /home/god/auto4508/project/install/p3at_description/share/p3at_description/local_setup.zsh
-- Up-to-date symlink: /home/god/auto4508/project/install/p3at_description/share/p3at_description/local_setup.dsv
-- Symlinking: /home/god/auto4508/project/install/p3at_description/share/p3at_description/package.dsv
-- Up-to-date symlink: /home/god/auto4508/project/install/p3at_description/share/ament_index/resource_index/packages/p3at_description
-- Up-to-date symlink: /home/god/auto4508/project/install/p3at_description/share/p3at_description/cmake/p3at_descriptionConfig.cmake
-- Up-to-date symlink: /home/god/auto4508/project/install/p3at_description/share/p3at_description/cmake/p3at_descriptionConfig-version.cmake
-- Up-to-date symlink: /home/god/auto4508/project/install/p3at_description/share/p3at_description/package.xml
