[0.027s] Invoking command in '/home/god/auto4508/project/build/p3at_description': CMAKE_PREFIX_PATH=${CMAKE_PREFIX_PATH}:/home/god/auto4508/project/install/p3at_bringup:/opt/ros/jazzy /usr/bin/cmake --build /home/god/auto4508/project/build/p3at_description -- -j16 -l16
[0.178s] Invoked command in '/home/god/auto4508/project/build/p3at_description' returned '0': CMAKE_PREFIX_PATH=${CMAKE_PREFIX_PATH}:/home/god/auto4508/project/install/p3at_bringup:/opt/ros/jazzy /usr/bin/cmake --build /home/god/auto4508/project/build/p3at_description -- -j16 -l16
[0.197s] Invoking command in '/home/god/auto4508/project/build/p3at_description': CMAKE_PREFIX_PATH=${CMAKE_PREFIX_PATH}:/home/god/auto4508/project/install/p3at_bringup:/opt/ros/jazzy /usr/bin/cmake --install /home/god/auto4508/project/build/p3at_description
[0.210s] -- Install configuration: ""
[0.211s] -- Execute custom install script
[0.213s] -- Up-to-date symlink: /home/god/auto4508/project/install/p3at_description/share/p3at_description/urdf/pioneer.urdf.xacro
[0.214s] -- Up-to-date symlink: /home/god/auto4508/project/install/p3at_description/share/p3at_description/meshes/Coordinates
[0.214s] -- Up-to-date symlink: /home/god/auto4508/project/install/p3at_description/share/p3at_description/meshes/arm_control_box_mesh.dae
[0.215s] -- Up-to-date symlink: /home/god/auto4508/project/install/p3at_description/share/p3at_description/meshes/axle.dae
[0.215s] -- Up-to-date symlink: /home/god/auto4508/project/install/p3at_description/share/p3at_description/meshes/back_sonar.dae
[0.216s] -- Up-to-date symlink: /home/god/auto4508/project/install/p3at_description/share/p3at_description/meshes/back_sonar_mesh.dae
[0.216s] -- Up-to-date symlink: /home/god/auto4508/project/install/p3at_description/share/p3at_description/meshes/chassis.dae
[0.216s] -- Up-to-date symlink: /home/god/auto4508/project/install/p3at_description/share/p3at_description/meshes/front_sonar.dae
[0.217s] -- Up-to-date symlink: /home/god/auto4508/project/install/p3at_description/share/p3at_description/meshes/hokuyo.dae
[0.217s] -- Up-to-date symlink: /home/god/auto4508/project/install/p3at_description/share/p3at_description/meshes/hokuyo1.dae
[0.217s] -- Up-to-date symlink: /home/god/auto4508/project/install/p3at_description/share/p3at_description/meshes/hokuyo_convex.stl
[0.218s] -- Up-to-date symlink: /home/god/auto4508/project/install/p3at_description/share/p3at_description/meshes/kinect.dae
[0.218s] -- Up-to-date symlink: /home/god/auto4508/project/install/p3at_description/share/p3at_description/meshes/kinect.tga
[0.219s] -- Up-to-date symlink: /home/god/auto4508/project/install/p3at_description/share/p3at_description/meshes/left_hubcap.dae
[0.219s] -- Up-to-date symlink: /home/god/auto4508/project/install/p3at_description/share/p3at_description/meshes/left_hubcap_mesh.dae
[0.219s] -- Up-to-date symlink: /home/god/auto4508/project/install/p3at_description/share/p3at_description/meshes/p3at_meshes/Coordinates
[0.220s] -- Up-to-date symlink: /home/god/auto4508/project/install/p3at_description/share/p3at_description/meshes/p3at_meshes/axle.dae
[0.220s] -- Up-to-date symlink: /home/god/auto4508/project/install/p3at_description/share/p3at_description/meshes/p3at_meshes/axle.stl
[0.221s] -- Up-to-date symlink: /home/god/auto4508/project/install/p3at_description/share/p3at_description/meshes/p3at_meshes/back_sonar.dae
[0.221s] -- Up-to-date symlink: /home/god/auto4508/project/install/p3at_description/share/p3at_description/meshes/p3at_meshes/back_sonar.stl
[0.221s] -- Up-to-date symlink: /home/god/auto4508/project/install/p3at_description/share/p3at_description/meshes/p3at_meshes/chassis.dae
[0.222s] -- Up-to-date symlink: /home/god/auto4508/project/install/p3at_description/share/p3at_description/meshes/p3at_meshes/chassis.stl
[0.223s] -- Up-to-date symlink: /home/god/auto4508/project/install/p3at_description/share/p3at_description/meshes/p3at_meshes/front_sonar.dae
[0.223s] -- Up-to-date symlink: /home/god/auto4508/project/install/p3at_description/share/p3at_description/meshes/p3at_meshes/front_sonar.stl
[0.223s] -- Up-to-date symlink: /home/god/auto4508/project/install/p3at_description/share/p3at_description/meshes/p3at_meshes/left_hubcap.dae
[0.224s] -- Up-to-date symlink: /home/god/auto4508/project/install/p3at_description/share/p3at_description/meshes/p3at_meshes/left_hubcap.stl
[0.224s] -- Up-to-date symlink: /home/god/auto4508/project/install/p3at_description/share/p3at_description/meshes/p3at_meshes/right_hubcap.dae
[0.225s] -- Up-to-date symlink: /home/god/auto4508/project/install/p3at_description/share/p3at_description/meshes/p3at_meshes/right_hubcap.stl
[0.225s] -- Up-to-date symlink: /home/god/auto4508/project/install/p3at_description/share/p3at_description/meshes/p3at_meshes/top.dae
[0.226s] -- Up-to-date symlink: /home/god/auto4508/project/install/p3at_description/share/p3at_description/meshes/p3at_meshes/top.stl
[0.226s] -- Up-to-date symlink: /home/god/auto4508/project/install/p3at_description/share/p3at_description/meshes/p3at_meshes/wheel.dae
[0.226s] -- Up-to-date symlink: /home/god/auto4508/project/install/p3at_description/share/p3at_description/meshes/p3at_meshes/wheel.stl
[0.227s] -- Up-to-date symlink: /home/god/auto4508/project/install/p3at_description/share/p3at_description/meshes/right_hubcap.dae
[0.227s] -- Up-to-date symlink: /home/god/auto4508/project/install/p3at_description/share/p3at_description/meshes/suporte_armControl_mesh.dae
[0.228s] -- Up-to-date symlink: /home/god/auto4508/project/install/p3at_description/share/p3at_description/meshes/suporte_base_mesh.dae
[0.228s] -- Up-to-date symlink: /home/god/auto4508/project/install/p3at_description/share/p3at_description/meshes/suporte_base_mesh2.dae
[0.229s] -- Up-to-date symlink: /home/god/auto4508/project/install/p3at_description/share/p3at_description/meshes/suporte_depth_mesh.dae
[0.229s] -- Up-to-date symlink: /home/god/auto4508/project/install/p3at_description/share/p3at_description/meshes/suporte_kinect_mesh.dae
[0.230s] -- Up-to-date symlink: /home/god/auto4508/project/install/p3at_description/share/p3at_description/meshes/suporte_monitor_mesh.dae
[0.230s] -- Up-to-date symlink: /home/god/auto4508/project/install/p3at_description/share/p3at_description/meshes/tampa1_mesh.dae
[0.230s] -- Up-to-date symlink: /home/god/auto4508/project/install/p3at_description/share/p3at_description/meshes/tampa2_mesh.dae
[0.231s] -- Up-to-date symlink: /home/god/auto4508/project/install/p3at_description/share/p3at_description/meshes/tampa3_mesh.dae
[0.231s] -- Up-to-date symlink: /home/god/auto4508/project/install/p3at_description/share/p3at_description/meshes/tampa4_mesh.dae
[0.232s] -- Up-to-date symlink: /home/god/auto4508/project/install/p3at_description/share/p3at_description/meshes/top.dae
[0.232s] -- Up-to-date symlink: /home/god/auto4508/project/install/p3at_description/share/p3at_description/meshes/tv_mesh.dae
[0.233s] -- Up-to-date symlink: /home/god/auto4508/project/install/p3at_description/share/p3at_description/meshes/wheel.dae
[0.234s] -- Up-to-date symlink: /home/god/auto4508/project/install/p3at_description/share/p3at_description/rviz/nav.rviz
[0.234s] -- Up-to-date symlink: /home/god/auto4508/project/install/p3at_description/share/p3at_description/rviz/part1.rviz
[0.235s] -- Up-to-date symlink: /home/god/auto4508/project/install/p3at_description/share/p3at_description/rviz/sim.rviz
[0.235s] -- Up-to-date symlink: /home/god/auto4508/project/install/p3at_description/share/p3at_description/models/pioneer/model.config
[0.236s] -- Up-to-date symlink: /home/god/auto4508/project/install/p3at_description/share/p3at_description/models/pioneer/model.sdf
[0.236s] -- Up-to-date symlink: /home/god/auto4508/project/install/p3at_description/share/ament_index/resource_index/package_run_dependencies/p3at_description
[0.237s] -- Up-to-date symlink: /home/god/auto4508/project/install/p3at_description/share/ament_index/resource_index/parent_prefix_path/p3at_description
[0.237s] -- Up-to-date symlink: /home/god/auto4508/project/install/p3at_description/share/p3at_description/environment/ament_prefix_path.sh
[0.237s] -- Up-to-date symlink: /home/god/auto4508/project/install/p3at_description/share/p3at_description/environment/ament_prefix_path.dsv
[0.238s] -- Up-to-date symlink: /home/god/auto4508/project/install/p3at_description/share/p3at_description/environment/path.sh
[0.238s] -- Up-to-date symlink: /home/god/auto4508/project/install/p3at_description/share/p3at_description/environment/path.dsv
[0.239s] -- Up-to-date symlink: /home/god/auto4508/project/install/p3at_description/share/p3at_description/local_setup.bash
[0.239s] -- Up-to-date symlink: /home/god/auto4508/project/install/p3at_description/share/p3at_description/local_setup.sh
[0.240s] -- Up-to-date symlink: /home/god/auto4508/project/install/p3at_description/share/p3at_description/local_setup.zsh
[0.240s] -- Up-to-date symlink: /home/god/auto4508/project/install/p3at_description/share/p3at_description/local_setup.dsv
[0.240s] -- Symlinking: /home/god/auto4508/project/install/p3at_description/share/p3at_description/package.dsv
[0.257s] -- Up-to-date symlink: /home/god/auto4508/project/install/p3at_description/share/ament_index/resource_index/packages/p3at_description
[0.258s] -- Up-to-date symlink: /home/god/auto4508/project/install/p3at_description/share/p3at_description/cmake/p3at_descriptionConfig.cmake
[0.258s] -- Up-to-date symlink: /home/god/auto4508/project/install/p3at_description/share/p3at_description/cmake/p3at_descriptionConfig-version.cmake
[0.258s] -- Up-to-date symlink: /home/god/auto4508/project/install/p3at_description/share/p3at_description/package.xml
[0.262s] Invoked command in '/home/god/auto4508/project/build/p3at_description' returned '0': CMAKE_PREFIX_PATH=${CMAKE_PREFIX_PATH}:/home/god/auto4508/project/install/p3at_bringup:/opt/ros/jazzy /usr/bin/cmake --install /home/god/auto4508/project/build/p3at_description
