[2.175s] Invoking command in '/home/god/auto4508/project/build/p3at_bringup': LD_LIBRARY_PATH=/home/god/auto4508/project/install/p3at_nav_plugins/lib:/opt/ros/jazzy/opt/gz_sim_vendor/lib:/opt/ros/jazzy/opt/gz_sensors_vendor/lib:/opt/ros/jazzy/opt/gz_physics_vendor/lib:/opt/ros/jazzy/opt/sdformat_vendor/lib:/opt/ros/jazzy/opt/rviz_ogre_vendor/lib:/opt/ros/jazzy/lib/x86_64-linux-gnu:/opt/ros/jazzy/opt/gz_gui_vendor/lib:/opt/ros/jazzy/opt/gz_transport_vendor/lib:/opt/ros/jazzy/opt/gz_rendering_vendor/lib:/opt/ros/jazzy/opt/gz_plugin_vendor/lib:/opt/ros/jazzy/opt/gz_fuel_tools_vendor/lib:/opt/ros/jazzy/opt/gz_msgs_vendor/lib:/opt/ros/jazzy/opt/gz_common_vendor/lib:/opt/ros/jazzy/opt/gz_math_vendor/lib:/opt/ros/jazzy/opt/gz_utils_vendor/lib:/opt/ros/jazzy/opt/gz_tools_vendor/lib:/opt/ros/jazzy/opt/gz_ogre_next_vendor/lib:/opt/ros/jazzy/opt/gz_dartsim_vendor/lib:/opt/ros/jazzy/opt/gz_cmake_vendor/lib:/opt/ros/jazzy/lib:/home/god/.local/lib PYTHONPATH=/home/god/auto4508/project/build/p3at_bringup/prefix_override:/usr/lib/python3/dist-packages/colcon_core/task/python/colcon_distutils_commands:/home/god/auto4508/project/install/p3at_bringup/lib/python3.12/site-packages:${PYTHONPATH} /usr/bin/python3 -W ignore:setup.py install is deprecated -W ignore:easy_install command is deprecated setup.py develop --editable --build-directory /home/god/auto4508/project/build/p3at_bringup/build --no-deps symlink_data
[2.648s] running develop
[2.961s] running egg_info
[2.991s] writing p3at_bringup.egg-info/PKG-INFO
[2.992s] writing dependency_links to p3at_bringup.egg-info/dependency_links.txt
[2.992s] writing entry points to p3at_bringup.egg-info/entry_points.txt
[2.996s] writing requirements to p3at_bringup.egg-info/requires.txt
[2.996s] writing top-level names to p3at_bringup.egg-info/top_level.txt
[3.046s] reading manifest file 'p3at_bringup.egg-info/SOURCES.txt'
[3.046s] writing manifest file 'p3at_bringup.egg-info/SOURCES.txt'
[3.073s] running build_ext
[3.073s] Creating /home/god/auto4508/project/install/p3at_bringup/lib/python3.12/site-packages/p3at-bringup.egg-link (link to .)
[3.074s] Installing clock_sanitizer script to /home/god/auto4508/project/install/p3at_bringup/lib/p3at_bringup
[3.075s] Installing joint_state_sanitizer script to /home/god/auto4508/project/install/p3at_bringup/lib/p3at_bringup
[3.075s] Installing mission_manager script to /home/god/auto4508/project/install/p3at_bringup/lib/p3at_bringup
[3.076s] Installing odom_sanitizer script to /home/god/auto4508/project/install/p3at_bringup/lib/p3at_bringup
[3.076s] Installing path_recorder script to /home/god/auto4508/project/install/p3at_bringup/lib/p3at_bringup
[3.076s] 
[3.076s] Installed /home/god/auto4508/project/build/p3at_bringup
[3.077s] running symlink_data
[3.141s] Invoked command in '/home/god/auto4508/project/build/p3at_bringup' returned '0': LD_LIBRARY_PATH=/home/god/auto4508/project/install/p3at_nav_plugins/lib:/opt/ros/jazzy/opt/gz_sim_vendor/lib:/opt/ros/jazzy/opt/gz_sensors_vendor/lib:/opt/ros/jazzy/opt/gz_physics_vendor/lib:/opt/ros/jazzy/opt/sdformat_vendor/lib:/opt/ros/jazzy/opt/rviz_ogre_vendor/lib:/opt/ros/jazzy/lib/x86_64-linux-gnu:/opt/ros/jazzy/opt/gz_gui_vendor/lib:/opt/ros/jazzy/opt/gz_transport_vendor/lib:/opt/ros/jazzy/opt/gz_rendering_vendor/lib:/opt/ros/jazzy/opt/gz_plugin_vendor/lib:/opt/ros/jazzy/opt/gz_fuel_tools_vendor/lib:/opt/ros/jazzy/opt/gz_msgs_vendor/lib:/opt/ros/jazzy/opt/gz_common_vendor/lib:/opt/ros/jazzy/opt/gz_math_vendor/lib:/opt/ros/jazzy/opt/gz_utils_vendor/lib:/opt/ros/jazzy/opt/gz_tools_vendor/lib:/opt/ros/jazzy/opt/gz_ogre_next_vendor/lib:/opt/ros/jazzy/opt/gz_dartsim_vendor/lib:/opt/ros/jazzy/opt/gz_cmake_vendor/lib:/opt/ros/jazzy/lib:/home/god/.local/lib PYTHONPATH=/home/god/auto4508/project/build/p3at_bringup/prefix_override:/usr/lib/python3/dist-packages/colcon_core/task/python/colcon_distutils_commands:/home/god/auto4508/project/install/p3at_bringup/lib/python3.12/site-packages:${PYTHONPATH} /usr/bin/python3 -W ignore:setup.py install is deprecated -W ignore:easy_install command is deprecated setup.py develop --editable --build-directory /home/god/auto4508/project/build/p3at_bringup/build --no-deps symlink_data
