-- The C compiler identification is GNU 13.3.0
-- The CXX compiler identification is GNU 13.3.0
-- Detecting C compiler ABI info
-- Detecting C compiler ABI info - done
-- Check for working C compiler: /usr/bin/cc - skipped
-- Detecting C compile features
-- Detecting C compile features - done
-- Detecting CXX compiler ABI info
-- Detecting CXX compiler ABI info - done
-- Check for working CXX compiler: /usr/bin/c++ - skipped
-- Detecting CXX compile features
-- Detecting CXX compile features - done
-- Found ament_cmake: 2.5.5 (/opt/ros/jazzy/share/ament_cmake/cmake)
-- Found Python3: /usr/bin/python3 (found version "3.12.3") found components: Interpreter 
-- Override CMake install command with custom implementation using symlinks instead of copying resources
-- Configuring done (4.1s)
-- Generating done (0.0s)
-- Build files have been written to: /home/god/auto4508/project/build/p3at_description
-- Install configuration: ""
-- Execute custom install script
-- Symlinking: /home/god/auto4508/project/install/p3at_description/share/p3at_description/urdf/pioneer.urdf.xacro
-- Symlinking: /home/god/auto4508/project/install/p3at_description/share/p3at_description/meshes/Coordinates
-- Symlinking: /home/god/auto4508/project/install/p3at_description/share/p3at_description/meshes/arm_control_box_mesh.dae
-- Symlinking: /home/god/auto4508/project/install/p3at_description/share/p3at_description/meshes/axle.dae
-- Symlinking: /home/god/auto4508/project/install/p3at_description/share/p3at_description/meshes/back_sonar.dae
-- Symlinking: /home/god/auto4508/project/install/p3at_description/share/p3at_description/meshes/back_sonar_mesh.dae
-- Symlinking: /home/god/auto4508/project/install/p3at_description/share/p3at_description/meshes/chassis.dae
-- Symlinking: /home/god/auto4508/project/install/p3at_description/share/p3at_description/meshes/front_sonar.dae
-- Symlinking: /home/god/auto4508/project/install/p3at_description/share/p3at_description/meshes/hokuyo.dae
-- Symlinking: /home/god/auto4508/project/install/p3at_description/share/p3at_description/meshes/hokuyo1.dae
-- Symlinking: /home/god/auto4508/project/install/p3at_description/share/p3at_description/meshes/hokuyo_convex.stl
-- Symlinking: /home/god/auto4508/project/install/p3at_description/share/p3at_description/meshes/kinect.dae
-- Symlinking: /home/god/auto4508/project/install/p3at_description/share/p3at_description/meshes/kinect.tga
-- Symlinking: /home/god/auto4508/project/install/p3at_description/share/p3at_description/meshes/left_hubcap.dae
-- Symlinking: /home/god/auto4508/project/install/p3at_description/share/p3at_description/meshes/left_hubcap_mesh.dae
-- Symlinking: /home/god/auto4508/project/install/p3at_description/share/p3at_description/meshes/p3at_meshes/Coordinates
-- Symlinking: /home/god/auto4508/project/install/p3at_description/share/p3at_description/meshes/p3at_meshes/axle.dae
-- Symlinking: /home/god/auto4508/project/install/p3at_description/share/p3at_description/meshes/p3at_meshes/axle.stl
-- Symlinking: /home/god/auto4508/project/install/p3at_description/share/p3at_description/meshes/p3at_meshes/back_sonar.dae
-- Symlinking: /home/god/auto4508/project/install/p3at_description/share/p3at_description/meshes/p3at_meshes/back_sonar.stl
-- Symlinking: /home/god/auto4508/project/install/p3at_description/share/p3at_description/meshes/p3at_meshes/chassis.dae
-- Symlinking: /home/god/auto4508/project/install/p3at_description/share/p3at_description/meshes/p3at_meshes/chassis.stl
-- Symlinking: /home/god/auto4508/project/install/p3at_description/share/p3at_description/meshes/p3at_meshes/front_sonar.dae
-- Symlinking: /home/god/auto4508/project/install/p3at_description/share/p3at_description/meshes/p3at_meshes/front_sonar.stl
-- Symlinking: /home/god/auto4508/project/install/p3at_description/share/p3at_description/meshes/p3at_meshes/left_hubcap.dae
-- Symlinking: /home/god/auto4508/project/install/p3at_description/share/p3at_description/meshes/p3at_meshes/left_hubcap.stl
-- Symlinking: /home/god/auto4508/project/install/p3at_description/share/p3at_description/meshes/p3at_meshes/right_hubcap.dae
-- Symlinking: /home/god/auto4508/project/install/p3at_description/share/p3at_description/meshes/p3at_meshes/right_hubcap.stl
-- Symlinking: /home/god/auto4508/project/install/p3at_description/share/p3at_description/meshes/p3at_meshes/top.dae
-- Symlinking: /home/god/auto4508/project/install/p3at_description/share/p3at_description/meshes/p3at_meshes/top.stl
-- Symlinking: /home/god/auto4508/project/install/p3at_description/share/p3at_description/meshes/p3at_meshes/wheel.dae
-- Symlinking: /home/god/auto4508/project/install/p3at_description/share/p3at_description/meshes/p3at_meshes/wheel.stl
-- Symlinking: /home/god/auto4508/project/install/p3at_description/share/p3at_description/meshes/right_hubcap.dae
-- Symlinking: /home/god/auto4508/project/install/p3at_description/share/p3at_description/meshes/suporte_armControl_mesh.dae
-- Symlinking: /home/god/auto4508/project/install/p3at_description/share/p3at_description/meshes/suporte_base_mesh.dae
-- Symlinking: /home/god/auto4508/project/install/p3at_description/share/p3at_description/meshes/suporte_base_mesh2.dae
-- Symlinking: /home/god/auto4508/project/install/p3at_description/share/p3at_description/meshes/suporte_depth_mesh.dae
-- Symlinking: /home/god/auto4508/project/install/p3at_description/share/p3at_description/meshes/suporte_kinect_mesh.dae
-- Symlinking: /home/god/auto4508/project/install/p3at_description/share/p3at_description/meshes/suporte_monitor_mesh.dae
-- Symlinking: /home/god/auto4508/project/install/p3at_description/share/p3at_description/meshes/tampa1_mesh.dae
-- Symlinking: /home/god/auto4508/project/install/p3at_description/share/p3at_description/meshes/tampa2_mesh.dae
-- Symlinking: /home/god/auto4508/project/install/p3at_description/share/p3at_description/meshes/tampa3_mesh.dae
-- Symlinking: /home/god/auto4508/project/install/p3at_description/share/p3at_description/meshes/tampa4_mesh.dae
-- Symlinking: /home/god/auto4508/project/install/p3at_description/share/p3at_description/meshes/top.dae
-- Symlinking: /home/god/auto4508/project/install/p3at_description/share/p3at_description/meshes/tv_mesh.dae
-- Symlinking: /home/god/auto4508/project/install/p3at_description/share/p3at_description/meshes/wheel.dae
-- Symlinking: /home/god/auto4508/project/install/p3at_description/share/p3at_description/rviz/part1.rviz
-- Symlinking: /home/god/auto4508/project/install/p3at_description/share/ament_index/resource_index/package_run_dependencies/p3at_description
-- Symlinking: /home/god/auto4508/project/install/p3at_description/share/ament_index/resource_index/parent_prefix_path/p3at_description
-- Symlinking: /home/god/auto4508/project/install/p3at_description/share/p3at_description/environment/ament_prefix_path.sh
-- Symlinking: /home/god/auto4508/project/install/p3at_description/share/p3at_description/environment/ament_prefix_path.dsv
-- Symlinking: /home/god/auto4508/project/install/p3at_description/share/p3at_description/environment/path.sh
-- Symlinking: /home/god/auto4508/project/install/p3at_description/share/p3at_description/environment/path.dsv
-- Symlinking: /home/god/auto4508/project/install/p3at_description/share/p3at_description/local_setup.bash
-- Symlinking: /home/god/auto4508/project/install/p3at_description/share/p3at_description/local_setup.sh
-- Symlinking: /home/god/auto4508/project/install/p3at_description/share/p3at_description/local_setup.zsh
-- Symlinking: /home/god/auto4508/project/install/p3at_description/share/p3at_description/local_setup.dsv
-- Symlinking: /home/god/auto4508/project/install/p3at_description/share/p3at_description/package.dsv
-- Symlinking: /home/god/auto4508/project/install/p3at_description/share/ament_index/resource_index/packages/p3at_description
-- Symlinking: /home/god/auto4508/project/install/p3at_description/share/p3at_description/cmake/p3at_descriptionConfig.cmake
-- Symlinking: /home/god/auto4508/project/install/p3at_description/share/p3at_description/cmake/p3at_descriptionConfig-version.cmake
-- Symlinking: /home/god/auto4508/project/install/p3at_description/share/p3at_description/package.xml
