[0.029s] Invoking command in '/home/god/auto4508/project/build/p3at_description': CMAKE_PREFIX_PATH=${CMAKE_PREFIX_PATH}:/home/god/auto4508/project/install/p3at_bringup:/opt/ros/jazzy /usr/bin/cmake --build /home/god/auto4508/project/build/p3at_description -- -j16 -l16
[0.143s] Invoked command in '/home/god/auto4508/project/build/p3at_description' returned '0': CMAKE_PREFIX_PATH=${CMAKE_PREFIX_PATH}:/home/god/auto4508/project/install/p3at_bringup:/opt/ros/jazzy /usr/bin/cmake --build /home/god/auto4508/project/build/p3at_description -- -j16 -l16
[0.160s] Invoking command in '/home/god/auto4508/project/build/p3at_description': CMAKE_PREFIX_PATH=${CMAKE_PREFIX_PATH}:/home/god/auto4508/project/install/p3at_bringup:/opt/ros/jazzy /usr/bin/cmake --install /home/god/auto4508/project/build/p3at_description
[0.175s] -- Install configuration: ""
[0.176s] -- Execute custom install script
[0.180s] -- Up-to-date symlink: /home/god/auto4508/project/install/p3at_description/share/p3at_description/urdf/pioneer.urdf.xacro
[0.180s] -- Up-to-date symlink: /home/god/auto4508/project/install/p3at_description/share/p3at_description/meshes/Coordinates
[0.181s] -- Up-to-date symlink: /home/god/auto4508/project/install/p3at_description/share/p3at_description/meshes/arm_control_box_mesh.dae
[0.181s] -- Up-to-date symlink: /home/god/auto4508/project/install/p3at_description/share/p3at_description/meshes/axle.dae
[0.181s] -- Up-to-date symlink: /home/god/auto4508/project/install/p3at_description/share/p3at_description/meshes/back_sonar.dae
[0.181s] -- Up-to-date symlink: /home/god/auto4508/project/install/p3at_description/share/p3at_description/meshes/back_sonar_mesh.dae
[0.182s] -- Up-to-date symlink: /home/god/auto4508/project/install/p3at_description/share/p3at_description/meshes/chassis.dae
[0.182s] -- Up-to-date symlink: /home/god/auto4508/project/install/p3at_description/share/p3at_description/meshes/front_sonar.dae
[0.182s] -- Up-to-date symlink: /home/god/auto4508/project/install/p3at_description/share/p3at_description/meshes/hokuyo.dae
[0.182s] -- Up-to-date symlink: /home/god/auto4508/project/install/p3at_description/share/p3at_description/meshes/hokuyo1.dae
[0.183s] -- Up-to-date symlink: /home/god/auto4508/project/install/p3at_description/share/p3at_description/meshes/hokuyo_convex.stl
[0.183s] -- Up-to-date symlink: /home/god/auto4508/project/install/p3at_description/share/p3at_description/meshes/kinect.dae
[0.183s] -- Up-to-date symlink: /home/god/auto4508/project/install/p3at_description/share/p3at_description/meshes/kinect.tga
[0.183s] -- Up-to-date symlink: /home/god/auto4508/project/install/p3at_description/share/p3at_description/meshes/left_hubcap.dae
[0.184s] -- Up-to-date symlink: /home/god/auto4508/project/install/p3at_description/share/p3at_description/meshes/left_hubcap_mesh.dae
[0.184s] -- Up-to-date symlink: /home/god/auto4508/project/install/p3at_description/share/p3at_description/meshes/p3at_meshes/Coordinates
[0.184s] -- Up-to-date symlink: /home/god/auto4508/project/install/p3at_description/share/p3at_description/meshes/p3at_meshes/axle.dae
[0.186s] -- Up-to-date symlink: /home/god/auto4508/project/install/p3at_description/share/p3at_description/meshes/p3at_meshes/axle.stl
[0.186s] -- Up-to-date symlink: /home/god/auto4508/project/install/p3at_description/share/p3at_description/meshes/p3at_meshes/back_sonar.dae
[0.186s] -- Up-to-date symlink: /home/god/auto4508/project/install/p3at_description/share/p3at_description/meshes/p3at_meshes/back_sonar.stl
[0.187s] -- Up-to-date symlink: /home/god/auto4508/project/install/p3at_description/share/p3at_description/meshes/p3at_meshes/chassis.dae
[0.187s] -- Up-to-date symlink: /home/god/auto4508/project/install/p3at_description/share/p3at_description/meshes/p3at_meshes/chassis.stl
[0.187s] -- Up-to-date symlink: /home/god/auto4508/project/install/p3at_description/share/p3at_description/meshes/p3at_meshes/front_sonar.dae
[0.187s] -- Up-to-date symlink: /home/god/auto4508/project/install/p3at_description/share/p3at_description/meshes/p3at_meshes/front_sonar.stl
[0.188s] -- Up-to-date symlink: /home/god/auto4508/project/install/p3at_description/share/p3at_description/meshes/p3at_meshes/left_hubcap.dae
[0.188s] -- Up-to-date symlink: /home/god/auto4508/project/install/p3at_description/share/p3at_description/meshes/p3at_meshes/left_hubcap.stl
[0.188s] -- Up-to-date symlink: /home/god/auto4508/project/install/p3at_description/share/p3at_description/meshes/p3at_meshes/right_hubcap.dae
[0.188s] -- Up-to-date symlink: /home/god/auto4508/project/install/p3at_description/share/p3at_description/meshes/p3at_meshes/right_hubcap.stl
[0.189s] -- Up-to-date symlink: /home/god/auto4508/project/install/p3at_description/share/p3at_description/meshes/p3at_meshes/top.dae
[0.189s] -- Up-to-date symlink: /home/god/auto4508/project/install/p3at_description/share/p3at_description/meshes/p3at_meshes/top.stl
[0.189s] -- Up-to-date symlink: /home/god/auto4508/project/install/p3at_description/share/p3at_description/meshes/p3at_meshes/wheel.dae
[0.190s] -- Up-to-date symlink: /home/god/auto4508/project/install/p3at_description/share/p3at_description/meshes/p3at_meshes/wheel.stl
[0.190s] -- Up-to-date symlink: /home/god/auto4508/project/install/p3at_description/share/p3at_description/meshes/right_hubcap.dae
[0.190s] -- Up-to-date symlink: /home/god/auto4508/project/install/p3at_description/share/p3at_description/meshes/suporte_armControl_mesh.dae
[0.190s] -- Up-to-date symlink: /home/god/auto4508/project/install/p3at_description/share/p3at_description/meshes/suporte_base_mesh.dae
[0.191s] -- Up-to-date symlink: /home/god/auto4508/project/install/p3at_description/share/p3at_description/meshes/suporte_base_mesh2.dae
[0.191s] -- Up-to-date symlink: /home/god/auto4508/project/install/p3at_description/share/p3at_description/meshes/suporte_depth_mesh.dae
[0.191s] -- Up-to-date symlink: /home/god/auto4508/project/install/p3at_description/share/p3at_description/meshes/suporte_kinect_mesh.dae
[0.192s] -- Up-to-date symlink: /home/god/auto4508/project/install/p3at_description/share/p3at_description/meshes/suporte_monitor_mesh.dae
[0.192s] -- Up-to-date symlink: /home/god/auto4508/project/install/p3at_description/share/p3at_description/meshes/tampa1_mesh.dae
[0.192s] -- Up-to-date symlink: /home/god/auto4508/project/install/p3at_description/share/p3at_description/meshes/tampa2_mesh.dae
[0.192s] -- Up-to-date symlink: /home/god/auto4508/project/install/p3at_description/share/p3at_description/meshes/tampa3_mesh.dae
[0.192s] -- Up-to-date symlink: /home/god/auto4508/project/install/p3at_description/share/p3at_description/meshes/tampa4_mesh.dae
[0.192s] -- Up-to-date symlink: /home/god/auto4508/project/install/p3at_description/share/p3at_description/meshes/top.dae
[0.193s] -- Up-to-date symlink: /home/god/auto4508/project/install/p3at_description/share/p3at_description/meshes/tv_mesh.dae
[0.193s] -- Up-to-date symlink: /home/god/auto4508/project/install/p3at_description/share/p3at_description/meshes/wheel.dae
[0.193s] -- Up-to-date symlink: /home/god/auto4508/project/install/p3at_description/share/p3at_description/rviz/nav.rviz
[0.193s] -- Up-to-date symlink: /home/god/auto4508/project/install/p3at_description/share/p3at_description/rviz/part1.rviz
[0.193s] -- Up-to-date symlink: /home/god/auto4508/project/install/p3at_description/share/p3at_description/rviz/sim.rviz
[0.194s] -- Up-to-date symlink: /home/god/auto4508/project/install/p3at_description/share/p3at_description/models/pioneer/model.config
[0.194s] -- Up-to-date symlink: /home/god/auto4508/project/install/p3at_description/share/p3at_description/models/pioneer/model.sdf
[0.194s] -- Up-to-date symlink: /home/god/auto4508/project/install/p3at_description/share/ament_index/resource_index/package_run_dependencies/p3at_description
[0.194s] -- Up-to-date symlink: /home/god/auto4508/project/install/p3at_description/share/ament_index/resource_index/parent_prefix_path/p3at_description
[0.195s] -- Up-to-date symlink: /home/god/auto4508/project/install/p3at_description/share/p3at_description/environment/ament_prefix_path.sh
[0.195s] -- Up-to-date symlink: /home/god/auto4508/project/install/p3at_description/share/p3at_description/environment/ament_prefix_path.dsv
[0.195s] -- Up-to-date symlink: /home/god/auto4508/project/install/p3at_description/share/p3at_description/environment/path.sh
[0.196s] -- Up-to-date symlink: /home/god/auto4508/project/install/p3at_description/share/p3at_description/environment/path.dsv
[0.197s] -- Up-to-date symlink: /home/god/auto4508/project/install/p3at_description/share/p3at_description/local_setup.bash
[0.197s] -- Up-to-date symlink: /home/god/auto4508/project/install/p3at_description/share/p3at_description/local_setup.sh
[0.197s] -- Up-to-date symlink: /home/god/auto4508/project/install/p3at_description/share/p3at_description/local_setup.zsh
[0.198s] -- Up-to-date symlink: /home/god/auto4508/project/install/p3at_description/share/p3at_description/local_setup.dsv
[0.198s] -- Symlinking: /home/god/auto4508/project/install/p3at_description/share/p3at_description/package.dsv
[0.225s] -- Up-to-date symlink: /home/god/auto4508/project/install/p3at_description/share/ament_index/resource_index/packages/p3at_description
[0.225s] -- Up-to-date symlink: /home/god/auto4508/project/install/p3at_description/share/p3at_description/cmake/p3at_descriptionConfig.cmake
[0.225s] -- Up-to-date symlink: /home/god/auto4508/project/install/p3at_description/share/p3at_description/cmake/p3at_descriptionConfig-version.cmake
[0.226s] -- Up-to-date symlink: /home/god/auto4508/project/install/p3at_description/share/p3at_description/package.xml
[0.231s] Invoked command in '/home/god/auto4508/project/build/p3at_description' returned '0': CMAKE_PREFIX_PATH=${CMAKE_PREFIX_PATH}:/home/god/auto4508/project/install/p3at_bringup:/opt/ros/jazzy /usr/bin/cmake --install /home/god/auto4508/project/build/p3at_description
